******************************************************************************
                  TI ARM Linker PC v16.9.6                     
******************************************************************************
>> Linked Fri Jul 06 10:19:00 2018

OUTPUT FILE NAME:   <cyBot9.out>
ENTRY POINT SYMBOL: "_c_int00"  address: 00006181


MEMORY CONFIGURATION

         name            origin    length      used     unused   attr    fill
----------------------  --------  ---------  --------  --------  ----  --------
  FLASH                 00000000   00040000  00006961  0003969f  R  X
  SRAM                  20000000   00008000  00002348  00005cb8  RW X


SEGMENT ALLOCATION MAP

run origin  load origin   length   init length attrs members
----------  ----------- ---------- ----------- ----- -------
00000000    00000000    00006968   00006968    r-x
  00000000    00000000    0000026c   0000026c    r-- .intvecs
  0000026c    0000026c    0000633e   0000633e    r-x .text
  000065b0    000065b0    0000035f   0000035f    r-- .const
  00006910    00006910    00000058   00000058    r-- .cinit
20000000    20000000    0000234c   00000000    rw-
  20000000    20000000    0000026c   00000000    rw- .vtable
  2000026c    2000026c    00001000   00000000    rw- .stack
  20001270    20001270    00001000   00000000    rw- .sysmem
  20002270    20002270    0000007c   00000000    rw- .bss
  200022ec    200022ec    00000060   00000000    rw- .data


SECTION ALLOCATION MAP

 output                                  attributes/
section   page    origin      length       input sections
--------  ----  ----------  ----------   ----------------
.intvecs   0    00000000    0000026c     
                  00000000    0000026c     tm4c123gh6pm_startup_ccs.obj (.intvecs)

.text      0    0000026c    0000633e     
                  0000026c    0000113e     rtsv7M4_T_le_v4SPD16_eabi.lib : _printfi.obj (.text)
                  000013aa    00000002                                   : mpu_init.obj (.text)
                  000013ac    00000a84     open_interface.obj (.text)
                  00001e30    00000a08     movement.obj (.text)
                  00002838    000009ac     rtsv7M4_T_le_v4SPD16_eabi.lib : e_pow.obj (.text)
                  000031e4    00000738                                   : k_rem_pio2.obj (.text)
                  0000391c    00000508                                   : s_tan.obj (.text)
                  00003e24    000003d0                                   : memory.obj (.text)
                  000041f4    00000340     Scan.obj (.text)
                  00004534    00000320     rtsv7M4_T_le_v4SPD16_eabi.lib : k_tan.obj (.text)
                  00004854    000002ec     lcd.obj (.text)
                  00004b40    00000290     Servo.obj (.text)
                  00004dd0    000001f8     ping.obj (.text)
                  00004fc8    000001f4     rtsv7M4_T_le_v4SPD16_eabi.lib : ull_div_t2.obj (.text)
                  000051bc    000001b6                                   : fd_add_t2.obj (.text)
                  00005372    00000002                                   : startup.obj (.text)
                  00005374    00000170                                   : e_sqrt.obj (.text)
                  000054e4    00000158     timer.obj (.text)
                  0000563c    0000013c     ADC.obj (.text)
                  00005778    00000136     rtsv7M4_T_le_v4SPD16_eabi.lib : fd_div_t2.obj (.text)
                  000058ae    00000002     --HOLE-- [fill = 0]
                  000058b0    00000128     uart.obj (.text)
                  000059d8    000000fc     rtsv7M4_T_le_v4SPD16_eabi.lib : fd_mul_t2.obj (.text)
                  00005ad4    000000fc                                   : s_scalbn.obj (.text)
                  00005bd0    000000f8                                   : s_floor.obj (.text)
                  00005cc8    0000009c                                   : memcpy_t2.obj (.text)
                  00005d64    00000088                                   : vsnprintf.obj (.text)
                  00005dec    00000086                                   : fd_cmp_t2.obj (.text:__aeabi_cdcmple)
                  00005e72    00000086                                   : fd_cmp_t2.obj (.text:__aeabi_cdrcmple)
                  00005ef8    0000007a                                   : memset_t2.obj (.text)
                  00005f72    00000002     --HOLE-- [fill = 0]
                  00005f74    00000070                                   : autoinit.obj (.text)
                  00005fe4    0000006e                                   : fd_tos_t2.obj (.text)
                  00006052    00000068                                   : copy_decompress_lzss.obj (.text:decompress:lzss)
                  000060ba    00000002     --HOLE-- [fill = 0]
                  000060bc    00000064                                   : s_frexp.obj (.text)
                  00006120    00000060                                   : sprintf.obj (.text)
                  00006180    00000054                                   : boot.obj (.text)
                  000061d4    00000054                                   : exit.obj (.text)
                  00006228    00000054                                   : ltoa.obj (.text)
                  0000627c    0000004c                                   : atoi.obj (.text)
                  000062c8    0000004c                                   : cpy_tbl.obj (.text)
                  00006314    00000048                                   : fd_toi_t2.obj (.text)
                  0000635c    0000003a     main.obj (.text)
                  00006396    00000038     rtsv7M4_T_le_v4SPD16_eabi.lib : fs_tod_t2.obj (.text)
                  000063ce    00000036                                   : strncpy.obj (.text)
                  00006404    00000034     driverlib.lib : interrupt.obj (.text:IntRegister)
                  00006438    0000002e     rtsv7M4_T_le_v4SPD16_eabi.lib : i_tofd_t2.obj (.text)
                  00006466    00000020                                   : u_tofd_t2.obj (.text)
                  00006486    0000001c                                   : memccpy.obj (.text)
                  000064a2    00000018     open_interface.obj (.text:oi_parseInt)
                  000064ba    00000002     --HOLE-- [fill = 0]
                  000064bc    00000018     rtsv7M4_T_le_v4SPD16_eabi.lib : args_main.obj (.text)
                  000064d4    00000018                                   : strcmp.obj (.text)
                  000064ec    00000016                                   : strchr.obj (.text)
                  00006502    00000002     --HOLE-- [fill = 0]
                  00006504    00000014                                   : _lock.obj (.text)
                  00006518    00000014                                   : s_copysign.obj (.text)
                  0000652c    00000014                                   : strcpy.obj (.text)
                  00006540    00000014                                   : strlen.obj (.text)
                  00006554    00000010     driverlib.lib : interrupt.obj (.text:IntMasterEnable)
                  00006564    00000010     lcd.obj (.text:lcd_clear)
                  00006574    0000000e     rtsv7M4_T_le_v4SPD16_eabi.lib : copy_decompress_none.obj (.text:decompress:none)
                  00006582    0000000c     driverlib.lib : cpu.obj (.text:CPUcpsie)
                  0000658e    0000000c     rtsv7M4_T_le_v4SPD16_eabi.lib : copy_zero_init.obj (.text:decompress:ZI)
                  0000659a    0000000c     tm4c123gh6pm_startup_ccs.obj (.text)
                  000065a6    00000004     rtsv7M4_T_le_v4SPD16_eabi.lib : pre_init.obj (.text)

.const     0    000065b0    0000035f     
                  000065b0    00000158     rtsv7M4_T_le_v4SPD16_eabi.lib : k_rem_pio2.obj (.const:$O1$$)
                  00006708    00000101                                   : ctype.obj (.const:.string:_ctypes_)
                  00006809    00000004     lcd.obj (.const:.string:lineAddress$1)
                  0000680d    00000003     --HOLE-- [fill = 0]
                  00006810    00000080     rtsv7M4_T_le_v4SPD16_eabi.lib : k_tan.obj (.const:xxx)
                  00006890    00000030                                   : e_pow.obj (.const:$O1$$)
                  000068c0    0000001e     movement.obj (.const:.string:$P$T0$1)
                  000068de    0000001e     movement.obj (.const:.string:$P$T1$2)
                  000068fc    0000000f     open_interface.obj (.const:.string:$P$T0$3)
                  0000690b    00000004     lcd.obj (.const:.string:lineAddresses$2)

.cinit     0    00006910    00000058     
                  00006910    00000022     (.cinit..data.load) [load image, compression = lzss]
                  00006932    00000002     --HOLE-- [fill = 0]
                  00006934    0000000c     (__TI_handler_table)
                  00006940    00000008     (.cinit..bss.load) [load image, compression = zero_init]
                  00006948    00000008     (.cinit..vtable.load) [load image, compression = zero_init]
                  00006950    00000018     (__TI_cinit_table)

.init_array 
*          0    00000000    00000000     UNINITIALIZED

.vtable    0    20000000    0000026c     UNINITIALIZED
                  20000000    0000026c     driverlib.lib : interrupt.obj (.vtable)

.stack     0    2000026c    00001000     UNINITIALIZED
                  2000026c    00001000     --HOLE--

.sysmem    0    20001270    00001000     UNINITIALIZED
                  20001270    00000008     rtsv7M4_T_le_v4SPD16_eabi.lib : memory.obj (.sysmem)
                  20001278    00000ff8     --HOLE--

.bss       0    20002270    0000007c     UNINITIALIZED
                  20002270    00000054     lcd.obj (.bss:lastbuffer$3)
                  200022c4    00000018     open_interface.obj (.bss:firmware$2)
                  200022dc    00000010     Scan.obj (.bss:temp$1)

.data      0    200022ec    00000060     UNINITIALIZED
                  200022ec    00000018     ping.obj (.data)
                  20002304    00000010     open_interface.obj (.data)
                  20002314    0000000c     rtsv7M4_T_le_v4SPD16_eabi.lib : exit.obj (.data:$O1$$)
                  20002320    0000000c                                   : memory.obj (.data:$O1$$)
                  2000232c    0000000c     Servo.obj (.data)
                  20002338    00000008     rtsv7M4_T_le_v4SPD16_eabi.lib : _lock.obj (.data:$O1$$)
                  20002340    00000004     Scan.obj (.data)
                  20002344    00000004     rtsv7M4_T_le_v4SPD16_eabi.lib : errno.obj (.data)
                  20002348    00000004                                   : stkdepth_vars.obj (.data)

MODULE SUMMARY

       Module                         code    ro data   rw data
       ------                         ----    -------   -------
    .\
       open_interface.obj             2716    15        40     
       movement.obj                   2568    60        0      
       lcd.obj                        764     8         84     
       Scan.obj                       832     0         20     
       Servo.obj                      656     0         12     
       tm4c123gh6pm_startup_ccs.obj   12      620       0      
       ping.obj                       504     0         24     
       timer.obj                      344     0         0      
       ADC.obj                        316     0         0      
       uart.obj                       296     0         0      
       main.obj                       58      0         0      
    +--+------------------------------+-------+---------+---------+
       Total:                         9066    703       180    
                                                               
    C:/ti/TivaWare_C_Series-2.1.2.111/driverlib/ccs/Debug/driverlib.lib
       interrupt.obj                  68      0         620    
       cpu.obj                        12      0         0      
    +--+------------------------------+-------+---------+---------+
       Total:                         80      0         620    
                                                               
    C:\ti\ccsv7\tools\compiler\ti-cgt-arm_16.9.6.LTS\lib\rtsv7M4_T_le_v4SPD16_eabi.lib
       _printfi.obj                   4414    0         0      
       e_pow.obj                      2476    48        0      
       k_rem_pio2.obj                 1848    344       0      
       s_tan.obj                      1288    0         0      
       memory.obj                     976     0         12     
       k_tan.obj                      800     128       0      
       ull_div_t2.obj                 500     0         0      
       fd_add_t2.obj                  438     0         0      
       e_sqrt.obj                     368     0         0      
       fd_div_t2.obj                  310     0         0      
       fd_cmp_t2.obj                  268     0         0      
       ctype.obj                      0       257       0      
       fd_mul_t2.obj                  252     0         0      
       s_scalbn.obj                   252     0         0      
       s_floor.obj                    248     0         0      
       memcpy_t2.obj                  156     0         0      
       vsnprintf.obj                  136     0         0      
       memset_t2.obj                  122     0         0      
       autoinit.obj                   112     0         0      
       fd_tos_t2.obj                  110     0         0      
       copy_decompress_lzss.obj       104     0         0      
       s_frexp.obj                    100     0         0      
       exit.obj                       84      0         12     
       sprintf.obj                    96      0         0      
       boot.obj                       84      0         0      
       ltoa.obj                       84      0         0      
       atoi.obj                       76      0         0      
       cpy_tbl.obj                    76      0         0      
       fd_toi_t2.obj                  72      0         0      
       fs_tod_t2.obj                  56      0         0      
       strncpy.obj                    54      0         0      
       i_tofd_t2.obj                  46      0         0      
       u_tofd_t2.obj                  32      0         0      
       _lock.obj                      20      0         8      
       memccpy.obj                    28      0         0      
       args_main.obj                  24      0         0      
       strcmp.obj                     24      0         0      
       strchr.obj                     22      0         0      
       s_copysign.obj                 20      0         0      
       strcpy.obj                     20      0         0      
       strlen.obj                     20      0         0      
       copy_decompress_none.obj       14      0         0      
       copy_zero_init.obj             12      0         0      
       errno.obj                      0       0         4      
       pre_init.obj                   4       0         0      
       stkdepth_vars.obj              0       0         4      
       mpu_init.obj                   2       0         0      
       startup.obj                    2       0         0      
    +--+------------------------------+-------+---------+---------+
       Total:                         16250   777       40     
                                                               
       Heap:                          0       0         4096   
       Stack:                         0       0         4096   
       Linker Generated:              0       86        0      
    +--+------------------------------+-------+---------+---------+
       Grand Total:                   25396   1566      9032   


LINKER GENERATED COPY TABLES

__TI_cinit_table @ 00006950 records: 3, size/record: 8, table size: 24
	.data: load addr=00006910, load size=00000022 bytes, run addr=200022ec, run size=00000060 bytes, compression=lzss
	.bss: load addr=00006940, load size=00000008 bytes, run addr=20002270, run size=0000007c bytes, compression=zero_init
	.vtable: load addr=00006948, load size=00000008 bytes, run addr=20000000, run size=0000026c bytes, compression=zero_init


LINKER GENERATED HANDLER TABLE

__TI_handler_table @ 00006934 records: 3, size/record: 4, table size: 12
	index: 0, handler: __TI_zero_init
	index: 1, handler: __TI_decompress_lzss
	index: 2, handler: __TI_decompress_none


GLOBAL SYMBOLS: SORTED ALPHABETICALLY BY Name 

address   name                           
-------   ----                           
0000563d  ADC_init                       
000056af  ADC_read                       
000061d5  C$$EXIT                        
00006583  CPUcpsie                       
00001ca3  GPIOF_Handler                  
00006555  IntMasterEnable                
00006405  IntRegister                    
0000659b  ResetISR                       
UNDEFED   SHT$$INIT_ARRAY$$Base          
UNDEFED   SHT$$INIT_ARRAY$$Limit         
00004ec1  TIMER3B_Handler                
2000126c  __STACK_END                    
00001000  __STACK_SIZE                   
2000046c  __STACK_TOP                    
00001000  __SYSMEM_SIZE                  
00006950  __TI_CINIT_Base                
00006968  __TI_CINIT_Limit               
00006934  __TI_Handler_Table_Base        
00006940  __TI_Handler_Table_Limit       
00005f75  __TI_auto_init                 
20002314  __TI_cleanup_ptr               
00006053  __TI_decompress_lzss           
00006575  __TI_decompress_none           
20002318  __TI_dtors_ptr                 
2000231c  __TI_enable_exit_profile_output
ffffffff  __TI_pprof_out_hndl            
00000ab1  __TI_printfi                   
ffffffff  __TI_prof_data_size            
ffffffff  __TI_prof_data_start           
00000000  __TI_static_base__             
0000658f  __TI_zero_init                 
00005ded  __aeabi_cdcmpeq                
00005ded  __aeabi_cdcmple                
00005e73  __aeabi_cdrcmple               
00005fe5  __aeabi_d2f                    
00006315  __aeabi_d2iz                   
000051c7  __aeabi_dadd                   
00005779  __aeabi_ddiv                   
000059d9  __aeabi_dmul                   
000051bd  __aeabi_dsub                   
00006397  __aeabi_f2d                    
00006439  __aeabi_i2d                    
00005ef9  __aeabi_memclr                 
00005ef9  __aeabi_memclr4                
00005ef9  __aeabi_memclr8                
00005cc9  __aeabi_memcpy                 
00005cc9  __aeabi_memcpy4                
00005cc9  __aeabi_memcpy8                
00005efb  __aeabi_memset                 
00005efb  __aeabi_memset4                
00005efb  __aeabi_memset8                
00006467  __aeabi_ui2d                   
00004fc9  __aeabi_uldivmod               
ffffffff  __binit__                      
ffffffff  __c_args__                     
000031e5  __kernel_rem_pio2              
00004535  __kernel_tan                   
000013ab  __mpu_init                     
2000026c  __stack                        
000064bd  _args_main                     
00006181  _c_int00                       
00006708  _ctypes_                       
20002338  _lock                          
00006513  _nop                           
0000650b  _register_lock                 
00006505  _register_unlock               
20001270  _sys_memory                    
00005373  _system_post_cinit             
000065a7  _system_pre_init               
2000233c  _unlock                        
000061d9  abort                          
0000627d  atoi                           
ffffffff  binit                          
00004cdd  button_press                   
000041c5  calloc                         
00001e31  command                        
00004b41  convert                        
000056f3  convert_toCM                   
000062c9  copy_in                        
00006519  copysign                       
00006519  copysignl                      
200022ec  current_time                   
20002330  direction                      
200022f8  distance                       
20002344  errno                          
000061e1  exit                           
200022fc  flag                           
00005bd1  floor                          
00005bd1  floorl                         
00003f0f  free                           
000060bd  frexp                          
000060bd  frexpl                         
20000000  g_pfnRAMVectors                
00000000  g_pfnVectors                   
00001cc5  getDegrees                     
00004f51  get_distance                   
000041f5  get_numObjects                 
00001a51  go_charge                      
200022f4  last_time                      
00006565  lcd_clear                      
000049ed  lcd_gotoLine                   
00004855  lcd_init                       
00004a53  lcd_printf                     
00004915  lcd_putc                       
0000494d  lcd_puts                       
0000496b  lcd_sendCommand                
000049a9  lcd_sendNibble                 
00004a15  lcd_setCursorPos               
00005ad5  ldexp                          
00005ad5  ldexpl                         
000041fb  linear_width                   
00006229  ltoa                           
0000635d  main                           
20002348  main_func_sp                   
00003ea5  malloc                         
000040d9  memalign                       
00006487  memccpy                        
00005cc9  memcpy                         
00005f01  memset                         
00003e25  minit                          
00004ca9  move_final                     
00004c1d  move_servo0                    
00004bef  move_servo180                  
00004c4b  move_servo_by                  
000026a7  movebackward                   
00001fc5  moveforward                    
20002340  numObjects                     
000013ad  oi_alloc                       
00001b7b  oi_checkFirmware               
00001403  oi_close                       
000013b9  oi_free                        
000013ed  oi_init                        
000013c9  oi_init_noupdate               
000019e7  oi_loadSong                    
000064a3  oi_parseInt                    
00001467  oi_parsePacket                 
00001a3d  oi_play_song                   
00001961  oi_setLeds                     
000019a5  oi_setWheels                   
00001c31  oi_shutoff_init                
00001a5f  oi_uartInit                    
00001b03  oi_uartReceive                 
00001b49  oi_uartSendBuff                
00001ae7  oi_uartSendChar                
00001b2b  oi_uartSendStr                 
00001415  oi_update                      
20002300  overflow                       
00004dd1  ping_init                      
000027c7  playsong                       
00002839  pow                            
00002839  powl                           
00004e6b  pulse                          
20002334  pulse_period                   
00003fcf  realloc                        
00005ad5  scalbn                         
00005ad5  scalbnl                        
000042f5  scan                           
0000427f  send_Data_Putty                
00006121  sprintf                        
00005375  sqrt                           
00005375  sqrtl                          
000064ed  strchr                         
000064d5  strcmp                         
0000652d  strcpy                         
00006541  strlen                         
000063cf  strncpy                        
0000391d  tan                            
0000391d  tanl                           
200022f0  time_high                      
00004b71  timer1_init                    
000055f5  timer_getClock                 
000055a9  timer_startClock               
00005543  timer_startTimer               
000055fb  timer_stopClock                
00005593  timer_stopTimer                
00005519  timer_waitMicros               
000054e5  timer_waitMillis               
2000232c  total                          
00002787  turnclockwise                  
00002747  turncounterclockwise           
000058b1  uart_init                      
00005955  uart_receive                   
00005939  uart_sendChar                  
0000597b  uart_sendStr                   
00005d65  vsnprintf                      


GLOBAL SYMBOLS: SORTED BY Symbol Address 

address   name                           
-------   ----                           
00000000  __TI_static_base__             
00000000  g_pfnVectors                   
00000ab1  __TI_printfi                   
00001000  __STACK_SIZE                   
00001000  __SYSMEM_SIZE                  
000013ab  __mpu_init                     
000013ad  oi_alloc                       
000013b9  oi_free                        
000013c9  oi_init_noupdate               
000013ed  oi_init                        
00001403  oi_close                       
00001415  oi_update                      
00001467  oi_parsePacket                 
00001961  oi_setLeds                     
000019a5  oi_setWheels                   
000019e7  oi_loadSong                    
00001a3d  oi_play_song                   
00001a51  go_charge                      
00001a5f  oi_uartInit                    
00001ae7  oi_uartSendChar                
00001b03  oi_uartReceive                 
00001b2b  oi_uartSendStr                 
00001b49  oi_uartSendBuff                
00001b7b  oi_checkFirmware               
00001c31  oi_shutoff_init                
00001ca3  GPIOF_Handler                  
00001cc5  getDegrees                     
00001e31  command                        
00001fc5  moveforward                    
000026a7  movebackward                   
00002747  turncounterclockwise           
00002787  turnclockwise                  
000027c7  playsong                       
00002839  pow                            
00002839  powl                           
000031e5  __kernel_rem_pio2              
0000391d  tan                            
0000391d  tanl                           
00003e25  minit                          
00003ea5  malloc                         
00003f0f  free                           
00003fcf  realloc                        
000040d9  memalign                       
000041c5  calloc                         
000041f5  get_numObjects                 
000041fb  linear_width                   
0000427f  send_Data_Putty                
000042f5  scan                           
00004535  __kernel_tan                   
00004855  lcd_init                       
00004915  lcd_putc                       
0000494d  lcd_puts                       
0000496b  lcd_sendCommand                
000049a9  lcd_sendNibble                 
000049ed  lcd_gotoLine                   
00004a15  lcd_setCursorPos               
00004a53  lcd_printf                     
00004b41  convert                        
00004b71  timer1_init                    
00004bef  move_servo180                  
00004c1d  move_servo0                    
00004c4b  move_servo_by                  
00004ca9  move_final                     
00004cdd  button_press                   
00004dd1  ping_init                      
00004e6b  pulse                          
00004ec1  TIMER3B_Handler                
00004f51  get_distance                   
00004fc9  __aeabi_uldivmod               
000051bd  __aeabi_dsub                   
000051c7  __aeabi_dadd                   
00005373  _system_post_cinit             
00005375  sqrt                           
00005375  sqrtl                          
000054e5  timer_waitMillis               
00005519  timer_waitMicros               
00005543  timer_startTimer               
00005593  timer_stopTimer                
000055a9  timer_startClock               
000055f5  timer_getClock                 
000055fb  timer_stopClock                
0000563d  ADC_init                       
000056af  ADC_read                       
000056f3  convert_toCM                   
00005779  __aeabi_ddiv                   
000058b1  uart_init                      
00005939  uart_sendChar                  
00005955  uart_receive                   
0000597b  uart_sendStr                   
000059d9  __aeabi_dmul                   
00005ad5  ldexp                          
00005ad5  ldexpl                         
00005ad5  scalbn                         
00005ad5  scalbnl                        
00005bd1  floor                          
00005bd1  floorl                         
00005cc9  __aeabi_memcpy                 
00005cc9  __aeabi_memcpy4                
00005cc9  __aeabi_memcpy8                
00005cc9  memcpy                         
00005d65  vsnprintf                      
00005ded  __aeabi_cdcmpeq                
00005ded  __aeabi_cdcmple                
00005e73  __aeabi_cdrcmple               
00005ef9  __aeabi_memclr                 
00005ef9  __aeabi_memclr4                
00005ef9  __aeabi_memclr8                
00005efb  __aeabi_memset                 
00005efb  __aeabi_memset4                
00005efb  __aeabi_memset8                
00005f01  memset                         
00005f75  __TI_auto_init                 
00005fe5  __aeabi_d2f                    
00006053  __TI_decompress_lzss           
000060bd  frexp                          
000060bd  frexpl                         
00006121  sprintf                        
00006181  _c_int00                       
000061d5  C$$EXIT                        
000061d9  abort                          
000061e1  exit                           
00006229  ltoa                           
0000627d  atoi                           
000062c9  copy_in                        
00006315  __aeabi_d2iz                   
0000635d  main                           
00006397  __aeabi_f2d                    
000063cf  strncpy                        
00006405  IntRegister                    
00006439  __aeabi_i2d                    
00006467  __aeabi_ui2d                   
00006487  memccpy                        
000064a3  oi_parseInt                    
000064bd  _args_main                     
000064d5  strcmp                         
000064ed  strchr                         
00006505  _register_unlock               
0000650b  _register_lock                 
00006513  _nop                           
00006519  copysign                       
00006519  copysignl                      
0000652d  strcpy                         
00006541  strlen                         
00006555  IntMasterEnable                
00006565  lcd_clear                      
00006575  __TI_decompress_none           
00006583  CPUcpsie                       
0000658f  __TI_zero_init                 
0000659b  ResetISR                       
000065a7  _system_pre_init               
00006708  _ctypes_                       
00006934  __TI_Handler_Table_Base        
00006940  __TI_Handler_Table_Limit       
00006950  __TI_CINIT_Base                
00006968  __TI_CINIT_Limit               
20000000  g_pfnRAMVectors                
2000026c  __stack                        
2000046c  __STACK_TOP                    
2000126c  __STACK_END                    
20001270  _sys_memory                    
200022ec  current_time                   
200022f0  time_high                      
200022f4  last_time                      
200022f8  distance                       
200022fc  flag                           
20002300  overflow                       
20002314  __TI_cleanup_ptr               
20002318  __TI_dtors_ptr                 
2000231c  __TI_enable_exit_profile_output
2000232c  total                          
20002330  direction                      
20002334  pulse_period                   
20002338  _lock                          
2000233c  _unlock                        
20002340  numObjects                     
20002344  errno                          
20002348  main_func_sp                   
ffffffff  __TI_pprof_out_hndl            
ffffffff  __TI_prof_data_size            
ffffffff  __TI_prof_data_start           
ffffffff  __binit__                      
ffffffff  __c_args__                     
ffffffff  binit                          
UNDEFED   SHT$$INIT_ARRAY$$Base          
UNDEFED   SHT$$INIT_ARRAY$$Limit         

[185 symbols]
