<?xml version="1.0"?>
<link_info>
   <banner>TI ARM Linker PC v16.9.6.LTS</banner>
   <copyright>Copyright (c) 1996-2017 Texas Instruments Incorporated</copyright>
   <link_time>0x5b240ea9</link_time>
   <link_errors>0x0</link_errors>
   <output_file>distance_measure.out</output_file>
   <entry_point>
      <name>_c_int00</name>
      <address>0x24fd</address>
   </entry_point>
   <input_file_list>
      <input_file id="fl-2">
         <path>.\</path>
         <kind>object</kind>
         <file>lcd.obj</file>
         <name>lcd.obj</name>
      </input_file>
      <input_file id="fl-3">
         <path>.\</path>
         <kind>object</kind>
         <file>main.obj</file>
         <name>main.obj</name>
      </input_file>
      <input_file id="fl-4">
         <path>.\</path>
         <kind>object</kind>
         <file>timer.obj</file>
         <name>timer.obj</name>
      </input_file>
      <input_file id="fl-5">
         <path>.\</path>
         <kind>object</kind>
         <file>tm4c123gh6pm_startup_ccs.obj</file>
         <name>tm4c123gh6pm_startup_ccs.obj</name>
      </input_file>
      <input_file id="fl-a">
         <kind>object</kind>
         <file>&lt;internal&gt;</file>
         <name>&lt;internal&gt;</name>
      </input_file>
      <input_file id="fl-b">
         <path>C:\ti\TivaWare_C_Series-2.1.2.111\driverlib\ccs\Debug\</path>
         <kind>archive</kind>
         <file>driverlib.lib</file>
         <name>interrupt.obj</name>
      </input_file>
      <input_file id="fl-c">
         <path>C:\ti\TivaWare_C_Series-2.1.2.111\driverlib\ccs\Debug\</path>
         <kind>archive</kind>
         <file>driverlib.lib</file>
         <name>cpu.obj</name>
      </input_file>
      <input_file id="fl-c2">
         <path>C:\ti\ccsv7\tools\compiler\ti-cgt-arm_16.9.6.LTS\lib\</path>
         <kind>archive</kind>
         <file>rtsv7M4_T_le_v4SPD16_eabi.lib</file>
         <name>boot.obj</name>
      </input_file>
      <input_file id="fl-c3">
         <path>C:\ti\ccsv7\tools\compiler\ti-cgt-arm_16.9.6.LTS\lib\</path>
         <kind>archive</kind>
         <file>rtsv7M4_T_le_v4SPD16_eabi.lib</file>
         <name>copy_decompress_lzss.obj</name>
      </input_file>
      <input_file id="fl-c4">
         <path>C:\ti\ccsv7\tools\compiler\ti-cgt-arm_16.9.6.LTS\lib\</path>
         <kind>archive</kind>
         <file>rtsv7M4_T_le_v4SPD16_eabi.lib</file>
         <name>copy_decompress_none.obj</name>
      </input_file>
      <input_file id="fl-c5">
         <path>C:\ti\ccsv7\tools\compiler\ti-cgt-arm_16.9.6.LTS\lib\</path>
         <kind>archive</kind>
         <file>rtsv7M4_T_le_v4SPD16_eabi.lib</file>
         <name>copy_zero_init.obj</name>
      </input_file>
      <input_file id="fl-c6">
         <path>C:\ti\ccsv7\tools\compiler\ti-cgt-arm_16.9.6.LTS\lib\</path>
         <kind>archive</kind>
         <file>rtsv7M4_T_le_v4SPD16_eabi.lib</file>
         <name>exit.obj</name>
      </input_file>
      <input_file id="fl-c7">
         <path>C:\ti\ccsv7\tools\compiler\ti-cgt-arm_16.9.6.LTS\lib\</path>
         <kind>archive</kind>
         <file>rtsv7M4_T_le_v4SPD16_eabi.lib</file>
         <name>fd_mul_t2.obj</name>
      </input_file>
      <input_file id="fl-c8">
         <path>C:\ti\ccsv7\tools\compiler\ti-cgt-arm_16.9.6.LTS\lib\</path>
         <kind>archive</kind>
         <file>rtsv7M4_T_le_v4SPD16_eabi.lib</file>
         <name>fd_tou_t2.obj</name>
      </input_file>
      <input_file id="fl-c9">
         <path>C:\ti\ccsv7\tools\compiler\ti-cgt-arm_16.9.6.LTS\lib\</path>
         <kind>archive</kind>
         <file>rtsv7M4_T_le_v4SPD16_eabi.lib</file>
         <name>memcpy_t2.obj</name>
      </input_file>
      <input_file id="fl-ca">
         <path>C:\ti\ccsv7\tools\compiler\ti-cgt-arm_16.9.6.LTS\lib\</path>
         <kind>archive</kind>
         <file>rtsv7M4_T_le_v4SPD16_eabi.lib</file>
         <name>memset_t2.obj</name>
      </input_file>
      <input_file id="fl-cb">
         <path>C:\ti\ccsv7\tools\compiler\ti-cgt-arm_16.9.6.LTS\lib\</path>
         <kind>archive</kind>
         <file>rtsv7M4_T_le_v4SPD16_eabi.lib</file>
         <name>mpu_init.obj</name>
      </input_file>
      <input_file id="fl-cc">
         <path>C:\ti\ccsv7\tools\compiler\ti-cgt-arm_16.9.6.LTS\lib\</path>
         <kind>archive</kind>
         <file>rtsv7M4_T_le_v4SPD16_eabi.lib</file>
         <name>pre_init.obj</name>
      </input_file>
      <input_file id="fl-cd">
         <path>C:\ti\ccsv7\tools\compiler\ti-cgt-arm_16.9.6.LTS\lib\</path>
         <kind>archive</kind>
         <file>rtsv7M4_T_le_v4SPD16_eabi.lib</file>
         <name>stkdepth_vars.obj</name>
      </input_file>
      <input_file id="fl-ce">
         <path>C:\ti\ccsv7\tools\compiler\ti-cgt-arm_16.9.6.LTS\lib\</path>
         <kind>archive</kind>
         <file>rtsv7M4_T_le_v4SPD16_eabi.lib</file>
         <name>strcmp.obj</name>
      </input_file>
      <input_file id="fl-cf">
         <path>C:\ti\ccsv7\tools\compiler\ti-cgt-arm_16.9.6.LTS\lib\</path>
         <kind>archive</kind>
         <file>rtsv7M4_T_le_v4SPD16_eabi.lib</file>
         <name>strcpy.obj</name>
      </input_file>
      <input_file id="fl-d0">
         <path>C:\ti\ccsv7\tools\compiler\ti-cgt-arm_16.9.6.LTS\lib\</path>
         <kind>archive</kind>
         <file>rtsv7M4_T_le_v4SPD16_eabi.lib</file>
         <name>u_tofd_t2.obj</name>
      </input_file>
      <input_file id="fl-d1">
         <path>C:\ti\ccsv7\tools\compiler\ti-cgt-arm_16.9.6.LTS\lib\</path>
         <kind>archive</kind>
         <file>rtsv7M4_T_le_v4SPD16_eabi.lib</file>
         <name>vsnprintf.obj</name>
      </input_file>
      <input_file id="fl-d2">
         <path>C:\ti\ccsv7\tools\compiler\ti-cgt-arm_16.9.6.LTS\lib\</path>
         <kind>archive</kind>
         <file>rtsv7M4_T_le_v4SPD16_eabi.lib</file>
         <name>_lock.obj</name>
      </input_file>
      <input_file id="fl-d3">
         <path>C:\ti\ccsv7\tools\compiler\ti-cgt-arm_16.9.6.LTS\lib\</path>
         <kind>archive</kind>
         <file>rtsv7M4_T_le_v4SPD16_eabi.lib</file>
         <name>_printfi.obj</name>
      </input_file>
      <input_file id="fl-d4">
         <path>C:\ti\ccsv7\tools\compiler\ti-cgt-arm_16.9.6.LTS\lib\</path>
         <kind>archive</kind>
         <file>rtsv7M4_T_le_v4SPD16_eabi.lib</file>
         <name>args_main.obj</name>
      </input_file>
      <input_file id="fl-d5">
         <path>C:\ti\ccsv7\tools\compiler\ti-cgt-arm_16.9.6.LTS\lib\</path>
         <kind>archive</kind>
         <file>rtsv7M4_T_le_v4SPD16_eabi.lib</file>
         <name>atoi.obj</name>
      </input_file>
      <input_file id="fl-d6">
         <path>C:\ti\ccsv7\tools\compiler\ti-cgt-arm_16.9.6.LTS\lib\</path>
         <kind>archive</kind>
         <file>rtsv7M4_T_le_v4SPD16_eabi.lib</file>
         <name>autoinit.obj</name>
      </input_file>
      <input_file id="fl-d7">
         <path>C:\ti\ccsv7\tools\compiler\ti-cgt-arm_16.9.6.LTS\lib\</path>
         <kind>archive</kind>
         <file>rtsv7M4_T_le_v4SPD16_eabi.lib</file>
         <name>cpy_tbl.obj</name>
      </input_file>
      <input_file id="fl-d8">
         <path>C:\ti\ccsv7\tools\compiler\ti-cgt-arm_16.9.6.LTS\lib\</path>
         <kind>archive</kind>
         <file>rtsv7M4_T_le_v4SPD16_eabi.lib</file>
         <name>ctype.obj</name>
      </input_file>
      <input_file id="fl-d9">
         <path>C:\ti\ccsv7\tools\compiler\ti-cgt-arm_16.9.6.LTS\lib\</path>
         <kind>archive</kind>
         <file>rtsv7M4_T_le_v4SPD16_eabi.lib</file>
         <name>fd_add_t2.obj</name>
      </input_file>
      <input_file id="fl-da">
         <path>C:\ti\ccsv7\tools\compiler\ti-cgt-arm_16.9.6.LTS\lib\</path>
         <kind>archive</kind>
         <file>rtsv7M4_T_le_v4SPD16_eabi.lib</file>
         <name>fd_cmp_t2.obj</name>
      </input_file>
      <input_file id="fl-db">
         <path>C:\ti\ccsv7\tools\compiler\ti-cgt-arm_16.9.6.LTS\lib\</path>
         <kind>archive</kind>
         <file>rtsv7M4_T_le_v4SPD16_eabi.lib</file>
         <name>fd_div_t2.obj</name>
      </input_file>
      <input_file id="fl-dc">
         <path>C:\ti\ccsv7\tools\compiler\ti-cgt-arm_16.9.6.LTS\lib\</path>
         <kind>archive</kind>
         <file>rtsv7M4_T_le_v4SPD16_eabi.lib</file>
         <name>fd_toi_t2.obj</name>
      </input_file>
      <input_file id="fl-dd">
         <path>C:\ti\ccsv7\tools\compiler\ti-cgt-arm_16.9.6.LTS\lib\</path>
         <kind>archive</kind>
         <file>rtsv7M4_T_le_v4SPD16_eabi.lib</file>
         <name>i_tofd_t2.obj</name>
      </input_file>
      <input_file id="fl-de">
         <path>C:\ti\ccsv7\tools\compiler\ti-cgt-arm_16.9.6.LTS\lib\</path>
         <kind>archive</kind>
         <file>rtsv7M4_T_le_v4SPD16_eabi.lib</file>
         <name>ltoa.obj</name>
      </input_file>
      <input_file id="fl-df">
         <path>C:\ti\ccsv7\tools\compiler\ti-cgt-arm_16.9.6.LTS\lib\</path>
         <kind>archive</kind>
         <file>rtsv7M4_T_le_v4SPD16_eabi.lib</file>
         <name>memccpy.obj</name>
      </input_file>
      <input_file id="fl-e0">
         <path>C:\ti\ccsv7\tools\compiler\ti-cgt-arm_16.9.6.LTS\lib\</path>
         <kind>archive</kind>
         <file>rtsv7M4_T_le_v4SPD16_eabi.lib</file>
         <name>s_frexp.obj</name>
      </input_file>
      <input_file id="fl-e1">
         <path>C:\ti\ccsv7\tools\compiler\ti-cgt-arm_16.9.6.LTS\lib\</path>
         <kind>archive</kind>
         <file>rtsv7M4_T_le_v4SPD16_eabi.lib</file>
         <name>s_scalbn.obj</name>
      </input_file>
      <input_file id="fl-e2">
         <path>C:\ti\ccsv7\tools\compiler\ti-cgt-arm_16.9.6.LTS\lib\</path>
         <kind>archive</kind>
         <file>rtsv7M4_T_le_v4SPD16_eabi.lib</file>
         <name>startup.obj</name>
      </input_file>
      <input_file id="fl-e3">
         <path>C:\ti\ccsv7\tools\compiler\ti-cgt-arm_16.9.6.LTS\lib\</path>
         <kind>archive</kind>
         <file>rtsv7M4_T_le_v4SPD16_eabi.lib</file>
         <name>strchr.obj</name>
      </input_file>
      <input_file id="fl-e4">
         <path>C:\ti\ccsv7\tools\compiler\ti-cgt-arm_16.9.6.LTS\lib\</path>
         <kind>archive</kind>
         <file>rtsv7M4_T_le_v4SPD16_eabi.lib</file>
         <name>strlen.obj</name>
      </input_file>
      <input_file id="fl-e5">
         <path>C:\ti\ccsv7\tools\compiler\ti-cgt-arm_16.9.6.LTS\lib\</path>
         <kind>archive</kind>
         <file>rtsv7M4_T_le_v4SPD16_eabi.lib</file>
         <name>ull_div_t2.obj</name>
      </input_file>
      <input_file id="fl-e6">
         <path>C:\ti\ccsv7\tools\compiler\ti-cgt-arm_16.9.6.LTS\lib\</path>
         <kind>archive</kind>
         <file>rtsv7M4_T_le_v4SPD16_eabi.lib</file>
         <name>errno.obj</name>
      </input_file>
      <input_file id="fl-e7">
         <path>C:\ti\ccsv7\tools\compiler\ti-cgt-arm_16.9.6.LTS\lib\</path>
         <kind>archive</kind>
         <file>rtsv7M4_T_le_v4SPD16_eabi.lib</file>
         <name>s_copysign.obj</name>
      </input_file>
   </input_file_list>
   <object_component_list>
      <object_component id="oc-f">
         <name>.intvecs</name>
         <load_address>0x0</load_address>
         <run_address>0x0</run_address>
         <size>0x26c</size>
         <input_file_ref idref="fl-5"/>
      </object_component>
      <object_component id="oc-151">
         <name>.text</name>
         <load_address>0x26c</load_address>
         <run_address>0x26c</run_address>
         <size>0x113e</size>
         <input_file_ref idref="fl-d3"/>
      </object_component>
      <object_component id="oc-57">
         <name>.text</name>
         <load_address>0x13aa</load_address>
         <run_address>0x13aa</run_address>
         <size>0x2</size>
         <input_file_ref idref="fl-cb"/>
      </object_component>
      <object_component id="oc-d7">
         <name>.text</name>
         <load_address>0x13ac</load_address>
         <run_address>0x13ac</run_address>
         <size>0x2ec</size>
         <input_file_ref idref="fl-2"/>
      </object_component>
      <object_component id="oc-a7">
         <name>.text</name>
         <load_address>0x1698</load_address>
         <run_address>0x1698</run_address>
         <size>0x248</size>
         <input_file_ref idref="fl-3"/>
      </object_component>
      <object_component id="oc-170">
         <name>.text</name>
         <load_address>0x18e0</load_address>
         <run_address>0x18e0</run_address>
         <size>0x1f4</size>
         <input_file_ref idref="fl-e5"/>
      </object_component>
      <object_component id="oc-19a">
         <name>.text</name>
         <load_address>0x1ad4</load_address>
         <run_address>0x1ad4</run_address>
         <size>0x1b6</size>
         <input_file_ref idref="fl-d9"/>
      </object_component>
      <object_component id="oc-9f">
         <name>.text</name>
         <load_address>0x1c8a</load_address>
         <run_address>0x1c8a</run_address>
         <size>0x2</size>
         <input_file_ref idref="fl-e2"/>
      </object_component>
      <object_component id="oc-d1">
         <name>.text</name>
         <load_address>0x1c8c</load_address>
         <run_address>0x1c8c</run_address>
         <size>0x158</size>
         <input_file_ref idref="fl-4"/>
      </object_component>
      <object_component id="oc-180">
         <name>.text</name>
         <load_address>0x1de4</load_address>
         <run_address>0x1de4</run_address>
         <size>0x136</size>
         <input_file_ref idref="fl-db"/>
      </object_component>
      <object_component id="oc-e2">
         <name>.text</name>
         <load_address>0x1f1a</load_address>
         <run_address>0x1f1a</run_address>
         <size>0xfc</size>
         <input_file_ref idref="fl-c7"/>
      </object_component>
      <object_component id="oc-1a5">
         <name>.text</name>
         <load_address>0x2018</load_address>
         <run_address>0x2018</run_address>
         <size>0xfc</size>
         <input_file_ref idref="fl-e1"/>
      </object_component>
      <object_component id="oc-3f">
         <name>.text</name>
         <load_address>0x2114</load_address>
         <run_address>0x2114</run_address>
         <size>0x9c</size>
         <input_file_ref idref="fl-c9"/>
      </object_component>
      <object_component id="oc-123">
         <name>.text</name>
         <load_address>0x21b0</load_address>
         <run_address>0x21b0</run_address>
         <size>0x88</size>
         <input_file_ref idref="fl-d1"/>
      </object_component>
      <object_component id="oc-17b">
         <name>.text:__aeabi_cdcmple</name>
         <load_address>0x2238</load_address>
         <run_address>0x2238</run_address>
         <size>0x86</size>
         <input_file_ref idref="fl-da"/>
      </object_component>
      <object_component id="oc-185">
         <name>.text:__aeabi_cdrcmple</name>
         <load_address>0x22be</load_address>
         <run_address>0x22be</run_address>
         <size>0x86</size>
         <input_file_ref idref="fl-da"/>
      </object_component>
      <object_component id="oc-4b">
         <name>.text</name>
         <load_address>0x2344</load_address>
         <run_address>0x2344</run_address>
         <size>0x7a</size>
         <input_file_ref idref="fl-ca"/>
      </object_component>
      <object_component id="oc-63">
         <name>.text</name>
         <load_address>0x23c0</load_address>
         <run_address>0x23c0</run_address>
         <size>0x70</size>
         <input_file_ref idref="fl-d6"/>
      </object_component>
      <object_component id="oc-12">
         <name>.text:decompress:lzss</name>
         <load_address>0x2430</load_address>
         <run_address>0x2430</run_address>
         <size>0x68</size>
         <input_file_ref idref="fl-c3"/>
      </object_component>
      <object_component id="oc-19f">
         <name>.text</name>
         <load_address>0x2498</load_address>
         <run_address>0x2498</run_address>
         <size>0x64</size>
         <input_file_ref idref="fl-e0"/>
      </object_component>
      <object_component id="oc-24">
         <name>.text</name>
         <load_address>0x24fc</load_address>
         <run_address>0x24fc</run_address>
         <size>0x54</size>
         <input_file_ref idref="fl-c2"/>
      </object_component>
      <object_component id="oc-6f">
         <name>.text</name>
         <load_address>0x2550</load_address>
         <run_address>0x2550</run_address>
         <size>0x54</size>
         <input_file_ref idref="fl-c6"/>
      </object_component>
      <object_component id="oc-18f">
         <name>.text</name>
         <load_address>0x25a4</load_address>
         <run_address>0x25a4</run_address>
         <size>0x54</size>
         <input_file_ref idref="fl-de"/>
      </object_component>
      <object_component id="oc-1b1">
         <name>.text</name>
         <load_address>0x25f8</load_address>
         <run_address>0x25f8</run_address>
         <size>0x4c</size>
         <input_file_ref idref="fl-d5"/>
      </object_component>
      <object_component id="oc-99">
         <name>.text</name>
         <load_address>0x2644</load_address>
         <run_address>0x2644</run_address>
         <size>0x4c</size>
         <input_file_ref idref="fl-d7"/>
      </object_component>
      <object_component id="oc-18a">
         <name>.text</name>
         <load_address>0x2690</load_address>
         <run_address>0x2690</run_address>
         <size>0x48</size>
         <input_file_ref idref="fl-dc"/>
      </object_component>
      <object_component id="oc-e7">
         <name>.text</name>
         <load_address>0x26d8</load_address>
         <run_address>0x26d8</run_address>
         <size>0x44</size>
         <input_file_ref idref="fl-c8"/>
      </object_component>
      <object_component id="oc-cb">
         <name>.text:IntRegister</name>
         <load_address>0x271c</load_address>
         <run_address>0x271c</run_address>
         <size>0x34</size>
         <input_file_ref idref="fl-b"/>
      </object_component>
      <object_component id="oc-195">
         <name>.text</name>
         <load_address>0x2750</load_address>
         <run_address>0x2750</run_address>
         <size>0x2e</size>
         <input_file_ref idref="fl-dd"/>
      </object_component>
      <object_component id="oc-dd">
         <name>.text</name>
         <load_address>0x277e</load_address>
         <run_address>0x277e</run_address>
         <size>0x20</size>
         <input_file_ref idref="fl-d0"/>
      </object_component>
      <object_component id="oc-1b7">
         <name>.text</name>
         <load_address>0x279e</load_address>
         <run_address>0x279e</run_address>
         <size>0x1c</size>
         <input_file_ref idref="fl-df"/>
      </object_component>
      <object_component id="oc-69">
         <name>.text</name>
         <load_address>0x27bc</load_address>
         <run_address>0x27bc</run_address>
         <size>0x18</size>
         <input_file_ref idref="fl-d4"/>
      </object_component>
      <object_component id="oc-129">
         <name>.text</name>
         <load_address>0x27d4</load_address>
         <run_address>0x27d4</run_address>
         <size>0x18</size>
         <input_file_ref idref="fl-ce"/>
      </object_component>
      <object_component id="oc-1ab">
         <name>.text</name>
         <load_address>0x27ec</load_address>
         <run_address>0x27ec</run_address>
         <size>0x16</size>
         <input_file_ref idref="fl-e3"/>
      </object_component>
      <object_component id="oc-f9">
         <name>.text</name>
         <load_address>0x2804</load_address>
         <run_address>0x2804</run_address>
         <size>0x14</size>
         <input_file_ref idref="fl-d2"/>
      </object_component>
      <object_component id="oc-1e1">
         <name>.text</name>
         <load_address>0x2818</load_address>
         <run_address>0x2818</run_address>
         <size>0x14</size>
         <input_file_ref idref="fl-e7"/>
      </object_component>
      <object_component id="oc-12f">
         <name>.text</name>
         <load_address>0x282c</load_address>
         <run_address>0x282c</run_address>
         <size>0x14</size>
         <input_file_ref idref="fl-cf"/>
      </object_component>
      <object_component id="oc-175">
         <name>.text</name>
         <load_address>0x2840</load_address>
         <run_address>0x2840</run_address>
         <size>0x14</size>
         <input_file_ref idref="fl-e4"/>
      </object_component>
      <object_component id="oc-11c">
         <name>.text:lcd_clear</name>
         <load_address>0x2854</load_address>
         <run_address>0x2854</run_address>
         <size>0x10</size>
         <input_file_ref idref="fl-2"/>
      </object_component>
      <object_component id="oc-18">
         <name>.text:decompress:none</name>
         <load_address>0x2864</load_address>
         <run_address>0x2864</run_address>
         <size>0xe</size>
         <input_file_ref idref="fl-c4"/>
      </object_component>
      <object_component id="oc-1e">
         <name>.text:decompress:ZI</name>
         <load_address>0x2872</load_address>
         <run_address>0x2872</run_address>
         <size>0xc</size>
         <input_file_ref idref="fl-c5"/>
      </object_component>
      <object_component id="oc-2b">
         <name>.text</name>
         <load_address>0x287e</load_address>
         <run_address>0x287e</run_address>
         <size>0xc</size>
         <input_file_ref idref="fl-5"/>
      </object_component>
      <object_component id="oc-5d">
         <name>.text</name>
         <load_address>0x288a</load_address>
         <run_address>0x288a</run_address>
         <size>0x4</size>
         <input_file_ref idref="fl-cc"/>
      </object_component>
      <object_component id="oc-1ee">
         <name>.const:.string:_ctypes_</name>
         <load_address>0x288e</load_address>
         <run_address>0x288e</run_address>
         <size>0x101</size>
         <input_file_ref idref="fl-d8"/>
      </object_component>
      <object_component id="oc-135">
         <name>.const:.string:lineAddress$1</name>
         <load_address>0x298f</load_address>
         <run_address>0x298f</run_address>
         <size>0x4</size>
         <input_file_ref idref="fl-2"/>
      </object_component>
      <object_component id="oc-136">
         <name>.const:.string:lineAddresses$2</name>
         <load_address>0x2993</load_address>
         <run_address>0x2993</run_address>
         <size>0x4</size>
         <input_file_ref idref="fl-2"/>
      </object_component>
      <object_component id="oc-234">
         <name>.cinit..data.load</name>
         <load_address>0x2998</load_address>
         <run_address>0x2998</run_address>
         <size>0x12</size>
      </object_component>
      <object_component id="oc-231">
         <name>__TI_handler_table</name>
         <load_address>0x29ac</load_address>
         <run_address>0x29ac</run_address>
         <size>0xc</size>
      </object_component>
      <object_component id="oc-235">
         <name>.cinit..bss.load</name>
         <load_address>0x29b8</load_address>
         <run_address>0x29b8</run_address>
         <size>0x8</size>
      </object_component>
      <object_component id="oc-233">
         <name>.cinit..vtable.load</name>
         <load_address>0x29c0</load_address>
         <run_address>0x29c0</run_address>
         <size>0x8</size>
      </object_component>
      <object_component id="oc-232">
         <name>__TI_cinit_table</name>
         <load_address>0x29c8</load_address>
         <run_address>0x29c8</run_address>
         <size>0x18</size>
      </object_component>
      <object_component id="oc-111">
         <name>.vtable</name>
         <uninitialized>true</uninitialized>
         <run_address>0x20000000</run_address>
         <size>0x26c</size>
         <input_file_ref idref="fl-b"/>
      </object_component>
      <object_component id="oc-ec">
         <name>.data</name>
         <load_address>0x200012c0</load_address>
         <run_address>0x200012c0</run_address>
         <size>0x19</size>
         <input_file_ref idref="fl-3"/>
      </object_component>
      <object_component id="oc-af">
         <name>.data:$O1$$</name>
         <load_address>0x200012dc</load_address>
         <run_address>0x200012dc</run_address>
         <size>0xc</size>
         <input_file_ref idref="fl-c6"/>
      </object_component>
      <object_component id="oc-75">
         <name>.data</name>
         <load_address>0x200012f4</load_address>
         <run_address>0x200012f4</run_address>
         <size>0x4</size>
         <input_file_ref idref="fl-cd"/>
      </object_component>
      <object_component id="oc-b2">
         <name>.data:$O1$$</name>
         <load_address>0x200012e8</load_address>
         <run_address>0x200012e8</run_address>
         <size>0x8</size>
         <input_file_ref idref="fl-d2"/>
      </object_component>
      <object_component id="oc-1e7">
         <name>.data</name>
         <load_address>0x200012f0</load_address>
         <run_address>0x200012f0</run_address>
         <size>0x4</size>
         <input_file_ref idref="fl-e6"/>
      </object_component>
      <object_component id="oc-137">
         <name>.bss:lastbuffer$3</name>
         <uninitialized>true</uninitialized>
         <run_address>0x2000126c</run_address>
         <size>0x54</size>
         <input_file_ref idref="fl-2"/>
      </object_component>
      <object_component id="oc-2a">
         <name>.stack</name>
         <uninitialized>true</uninitialized>
         <run_address>0x2000026c</run_address>
         <size>0x0</size>
         <input_file_ref idref="fl-c2"/>
      </object_component>
      <object_component id="oc-236">
         <name>.stack</name>
         <uninitialized>true</uninitialized>
         <run_address>0x2000026c</run_address>
         <size>0x0</size>
      </object_component>
      <object_component id="oc-139">
         <name>.debug_info</name>
         <load_address>0x0</load_address>
         <run_address>0x0</run_address>
         <size>0x373</size>
         <input_file_ref idref="fl-2"/>
      </object_component>
      <object_component id="oc-11d">
         <name>.debug_info</name>
         <load_address>0x373</load_address>
         <run_address>0x373</run_address>
         <size>0x124</size>
         <input_file_ref idref="fl-2"/>
      </object_component>
      <object_component id="oc-da">
         <name>.debug_info</name>
         <load_address>0x497</load_address>
         <run_address>0x497</run_address>
         <size>0x842</size>
         <input_file_ref idref="fl-2"/>
      </object_component>
      <object_component id="oc-169">
         <name>.debug_info</name>
         <load_address>0xcd9</load_address>
         <run_address>0xcd9</run_address>
         <size>0xc8</size>
         <input_file_ref idref="fl-2"/>
      </object_component>
      <object_component id="oc-3a">
         <name>.debug_info</name>
         <load_address>0xda1</load_address>
         <run_address>0xda1</run_address>
         <size>0x84</size>
         <input_file_ref idref="fl-2"/>
      </object_component>
      <object_component id="oc-7c">
         <name>.debug_info</name>
         <load_address>0xe25</load_address>
         <run_address>0xe25</run_address>
         <size>0x18b</size>
         <input_file_ref idref="fl-2"/>
      </object_component>
      <object_component id="oc-13a">
         <name>.debug_info</name>
         <load_address>0xfb0</load_address>
         <run_address>0xfb0</run_address>
         <size>0x4e</size>
         <input_file_ref idref="fl-2"/>
      </object_component>
      <object_component id="oc-144">
         <name>.debug_info</name>
         <load_address>0xffe</load_address>
         <run_address>0xffe</run_address>
         <size>0x342</size>
         <input_file_ref idref="fl-3"/>
      </object_component>
      <object_component id="oc-ed">
         <name>.debug_info</name>
         <load_address>0x1340</load_address>
         <run_address>0x1340</run_address>
         <size>0x171</size>
         <input_file_ref idref="fl-3"/>
      </object_component>
      <object_component id="oc-a8">
         <name>.debug_info</name>
         <load_address>0x14b1</load_address>
         <run_address>0x14b1</run_address>
         <size>0x2c2</size>
         <input_file_ref idref="fl-3"/>
      </object_component>
      <object_component id="oc-d4">
         <name>.debug_info</name>
         <load_address>0x1773</load_address>
         <run_address>0x1773</run_address>
         <size>0x3f4</size>
         <input_file_ref idref="fl-4"/>
      </object_component>
      <object_component id="oc-117">
         <name>.debug_info</name>
         <load_address>0x1b67</load_address>
         <run_address>0x1b67</run_address>
         <size>0x2c</size>
         <input_file_ref idref="fl-4"/>
      </object_component>
      <object_component id="oc-33">
         <name>.debug_info</name>
         <load_address>0x1b93</load_address>
         <run_address>0x1b93</run_address>
         <size>0x299</size>
         <input_file_ref idref="fl-5"/>
      </object_component>
      <object_component id="oc-10">
         <name>.debug_info</name>
         <load_address>0x1e2c</load_address>
         <run_address>0x1e2c</run_address>
         <size>0xea</size>
         <input_file_ref idref="fl-5"/>
      </object_component>
      <object_component id="oc-2e">
         <name>.debug_info</name>
         <load_address>0x1f16</load_address>
         <run_address>0x1f16</run_address>
         <size>0x266</size>
         <input_file_ref idref="fl-5"/>
      </object_component>
      <object_component id="oc-115">
         <name>.debug_info</name>
         <load_address>0x217c</load_address>
         <run_address>0x217c</run_address>
         <size>0x20e</size>
         <input_file_ref idref="fl-b"/>
      </object_component>
      <object_component id="oc-112">
         <name>.debug_info</name>
         <load_address>0x238a</load_address>
         <run_address>0x238a</run_address>
         <size>0x157</size>
         <input_file_ref idref="fl-b"/>
      </object_component>
      <object_component id="oc-cc">
         <name>.debug_info</name>
         <load_address>0x24e1</load_address>
         <run_address>0x24e1</run_address>
         <size>0x2c1</size>
         <input_file_ref idref="fl-b"/>
      </object_component>
      <object_component id="oc-14c">
         <name>.debug_info</name>
         <load_address>0x27a2</load_address>
         <run_address>0x27a2</run_address>
         <size>0x8b</size>
         <input_file_ref idref="fl-b"/>
      </object_component>
      <object_component id="oc-27">
         <name>.debug_info</name>
         <load_address>0x282d</load_address>
         <run_address>0x282d</run_address>
         <size>0x160</size>
         <input_file_ref idref="fl-c2"/>
      </object_component>
      <object_component id="oc-86">
         <name>.debug_info</name>
         <load_address>0x298d</load_address>
         <run_address>0x298d</run_address>
         <size>0x293</size>
         <input_file_ref idref="fl-c3"/>
      </object_component>
      <object_component id="oc-15">
         <name>.debug_info</name>
         <load_address>0x2c20</load_address>
         <run_address>0x2c20</run_address>
         <size>0x245</size>
         <input_file_ref idref="fl-c3"/>
      </object_component>
      <object_component id="oc-35">
         <name>.debug_info</name>
         <load_address>0x2e65</load_address>
         <run_address>0x2e65</run_address>
         <size>0x60</size>
         <input_file_ref idref="fl-c3"/>
      </object_component>
      <object_component id="oc-81">
         <name>.debug_info</name>
         <load_address>0x2ec5</load_address>
         <run_address>0x2ec5</run_address>
         <size>0x46</size>
         <input_file_ref idref="fl-c3"/>
      </object_component>
      <object_component id="oc-4a">
         <name>.debug_info</name>
         <load_address>0x2f0b</load_address>
         <run_address>0x2f0b</run_address>
         <size>0x2da</size>
         <input_file_ref idref="fl-c4"/>
      </object_component>
      <object_component id="oc-19">
         <name>.debug_info</name>
         <load_address>0x31e5</load_address>
         <run_address>0x31e5</run_address>
         <size>0x1df</size>
         <input_file_ref idref="fl-c4"/>
      </object_component>
      <object_component id="oc-45">
         <name>.debug_info</name>
         <load_address>0x33c4</load_address>
         <run_address>0x33c4</run_address>
         <size>0x46</size>
         <input_file_ref idref="fl-c4"/>
      </object_component>
      <object_component id="oc-88">
         <name>.debug_info</name>
         <load_address>0x340a</load_address>
         <run_address>0x340a</run_address>
         <size>0x2c</size>
         <input_file_ref idref="fl-c4"/>
      </object_component>
      <object_component id="oc-56">
         <name>.debug_info</name>
         <load_address>0x3436</load_address>
         <run_address>0x3436</run_address>
         <size>0x2c9</size>
         <input_file_ref idref="fl-c5"/>
      </object_component>
      <object_component id="oc-1f">
         <name>.debug_info</name>
         <load_address>0x36ff</load_address>
         <run_address>0x36ff</run_address>
         <size>0x1aa</size>
         <input_file_ref idref="fl-c5"/>
      </object_component>
      <object_component id="oc-51">
         <name>.debug_info</name>
         <load_address>0x38a9</load_address>
         <run_address>0x38a9</run_address>
         <size>0x46</size>
         <input_file_ref idref="fl-c5"/>
      </object_component>
      <object_component id="oc-90">
         <name>.debug_info</name>
         <load_address>0x38ef</load_address>
         <run_address>0x38ef</run_address>
         <size>0x2c</size>
         <input_file_ref idref="fl-c5"/>
      </object_component>
      <object_component id="oc-b6">
         <name>.debug_info</name>
         <load_address>0x391b</load_address>
         <run_address>0x391b</run_address>
         <size>0x3ce</size>
         <input_file_ref idref="fl-c6"/>
      </object_component>
      <object_component id="oc-b0">
         <name>.debug_info</name>
         <load_address>0x3ce9</load_address>
         <run_address>0x3ce9</run_address>
         <size>0x185</size>
         <input_file_ref idref="fl-c6"/>
      </object_component>
      <object_component id="oc-70">
         <name>.debug_info</name>
         <load_address>0x3e6e</load_address>
         <run_address>0x3e6e</run_address>
         <size>0x214</size>
         <input_file_ref idref="fl-c6"/>
      </object_component>
      <object_component id="oc-e5">
         <name>.debug_info</name>
         <load_address>0x4082</load_address>
         <run_address>0x4082</run_address>
         <size>0x132</size>
         <input_file_ref idref="fl-c7"/>
      </object_component>
      <object_component id="oc-ea">
         <name>.debug_info</name>
         <load_address>0x41b4</load_address>
         <run_address>0x41b4</run_address>
         <size>0x131</size>
         <input_file_ref idref="fl-c8"/>
      </object_component>
      <object_component id="oc-42">
         <name>.debug_info</name>
         <load_address>0x42e5</load_address>
         <run_address>0x42e5</run_address>
         <size>0x111</size>
         <input_file_ref idref="fl-c9"/>
      </object_component>
      <object_component id="oc-4c">
         <name>.debug_info</name>
         <load_address>0x43f6</load_address>
         <run_address>0x43f6</run_address>
         <size>0x13f</size>
         <input_file_ref idref="fl-ca"/>
      </object_component>
      <object_component id="oc-5a">
         <name>.debug_info</name>
         <load_address>0x4535</load_address>
         <run_address>0x4535</run_address>
         <size>0x138</size>
         <input_file_ref idref="fl-cb"/>
      </object_component>
      <object_component id="oc-61">
         <name>.debug_info</name>
         <load_address>0x466d</load_address>
         <run_address>0x466d</run_address>
         <size>0x148</size>
         <input_file_ref idref="fl-cc"/>
      </object_component>
      <object_component id="oc-76">
         <name>.debug_info</name>
         <load_address>0x47b5</load_address>
         <run_address>0x47b5</run_address>
         <size>0x109</size>
         <input_file_ref idref="fl-cd"/>
      </object_component>
      <object_component id="oc-164">
         <name>.debug_info</name>
         <load_address>0x48be</load_address>
         <run_address>0x48be</run_address>
         <size>0x27f</size>
         <input_file_ref idref="fl-ce"/>
      </object_component>
      <object_component id="oc-12a">
         <name>.debug_info</name>
         <load_address>0x4b3d</load_address>
         <run_address>0x4b3d</run_address>
         <size>0x258</size>
         <input_file_ref idref="fl-ce"/>
      </object_component>
      <object_component id="oc-166">
         <name>.debug_info</name>
         <load_address>0x4d95</load_address>
         <run_address>0x4d95</run_address>
         <size>0x28a</size>
         <input_file_ref idref="fl-cf"/>
      </object_component>
      <object_component id="oc-131">
         <name>.debug_info</name>
         <load_address>0x501f</load_address>
         <run_address>0x501f</run_address>
         <size>0x231</size>
         <input_file_ref idref="fl-cf"/>
      </object_component>
      <object_component id="oc-de">
         <name>.debug_info</name>
         <load_address>0x5250</load_address>
         <run_address>0x5250</run_address>
         <size>0x126</size>
         <input_file_ref idref="fl-d0"/>
      </object_component>
      <object_component id="oc-158">
         <name>.debug_info</name>
         <load_address>0x5376</load_address>
         <run_address>0x5376</run_address>
         <size>0x362</size>
         <input_file_ref idref="fl-d1"/>
      </object_component>
      <object_component id="oc-126">
         <name>.debug_info</name>
         <load_address>0x56d8</load_address>
         <run_address>0x56d8</run_address>
         <size>0x35c</size>
         <input_file_ref idref="fl-d1"/>
      </object_component>
      <object_component id="oc-159">
         <name>.debug_info</name>
         <load_address>0x5a34</load_address>
         <run_address>0x5a34</run_address>
         <size>0x2c</size>
         <input_file_ref idref="fl-d1"/>
      </object_component>
      <object_component id="oc-15e">
         <name>.debug_info</name>
         <load_address>0x5a60</load_address>
         <run_address>0x5a60</run_address>
         <size>0x69</size>
         <input_file_ref idref="fl-d1"/>
      </object_component>
      <object_component id="oc-101">
         <name>.debug_info</name>
         <load_address>0x5ac9</load_address>
         <run_address>0x5ac9</run_address>
         <size>0x2be</size>
         <input_file_ref idref="fl-d2"/>
      </object_component>
      <object_component id="oc-b3">
         <name>.debug_info</name>
         <load_address>0x5d87</load_address>
         <run_address>0x5d87</run_address>
         <size>0x113</size>
         <input_file_ref idref="fl-d2"/>
      </object_component>
      <object_component id="oc-fa">
         <name>.debug_info</name>
         <load_address>0x5e9a</load_address>
         <run_address>0x5e9a</run_address>
         <size>0x21f</size>
         <input_file_ref idref="fl-d2"/>
      </object_component>
      <object_component id="oc-1be">
         <name>.debug_info</name>
         <load_address>0x60b9</load_address>
         <run_address>0x60b9</run_address>
         <size>0x51f</size>
         <input_file_ref idref="fl-d3"/>
      </object_component>
      <object_component id="oc-153">
         <name>.debug_info</name>
         <load_address>0x65d8</load_address>
         <run_address>0x65d8</run_address>
         <size>0x1543</size>
         <input_file_ref idref="fl-d3"/>
      </object_component>
      <object_component id="oc-1bf">
         <name>.debug_info</name>
         <load_address>0x7b1b</load_address>
         <run_address>0x7b1b</run_address>
         <size>0x86</size>
         <input_file_ref idref="fl-d3"/>
      </object_component>
      <object_component id="oc-1f7">
         <name>.debug_info</name>
         <load_address>0x7ba1</load_address>
         <run_address>0x7ba1</run_address>
         <size>0x46</size>
         <input_file_ref idref="fl-d3"/>
      </object_component>
      <object_component id="oc-1c4">
         <name>.debug_info</name>
         <load_address>0x7be7</load_address>
         <run_address>0x7be7</run_address>
         <size>0x39</size>
         <input_file_ref idref="fl-d3"/>
      </object_component>
      <object_component id="oc-ae">
         <name>.debug_info</name>
         <load_address>0x7c20</load_address>
         <run_address>0x7c20</run_address>
         <size>0x300</size>
         <input_file_ref idref="fl-d4"/>
      </object_component>
      <object_component id="oc-6b">
         <name>.debug_info</name>
         <load_address>0x7f20</load_address>
         <run_address>0x7f20</run_address>
         <size>0x167</size>
         <input_file_ref idref="fl-d4"/>
      </object_component>
      <object_component id="oc-f2">
         <name>.debug_info</name>
         <load_address>0x8087</load_address>
         <run_address>0x8087</run_address>
         <size>0x5e</size>
         <input_file_ref idref="fl-d4"/>
      </object_component>
      <object_component id="oc-1f2">
         <name>.debug_info</name>
         <load_address>0x80e5</load_address>
         <run_address>0x80e5</run_address>
         <size>0x2ae</size>
         <input_file_ref idref="fl-d5"/>
      </object_component>
      <object_component id="oc-1b4">
         <name>.debug_info</name>
         <load_address>0x8393</load_address>
         <run_address>0x8393</run_address>
         <size>0x171</size>
         <input_file_ref idref="fl-d5"/>
      </object_component>
      <object_component id="oc-a6">
         <name>.debug_info</name>
         <load_address>0x8504</load_address>
         <run_address>0x8504</run_address>
         <size>0x483</size>
         <input_file_ref idref="fl-d6"/>
      </object_component>
      <object_component id="oc-66">
         <name>.debug_info</name>
         <load_address>0x8987</load_address>
         <run_address>0x8987</run_address>
         <size>0x190</size>
         <input_file_ref idref="fl-d6"/>
      </object_component>
      <object_component id="oc-c1">
         <name>.debug_info</name>
         <load_address>0x8b17</load_address>
         <run_address>0x8b17</run_address>
         <size>0x39</size>
         <input_file_ref idref="fl-d6"/>
      </object_component>
      <object_component id="oc-10c">
         <name>.debug_info</name>
         <load_address>0x8b50</load_address>
         <run_address>0x8b50</run_address>
         <size>0x39</size>
         <input_file_ref idref="fl-d6"/>
      </object_component>
      <object_component id="oc-c6">
         <name>.debug_info</name>
         <load_address>0x8b89</load_address>
         <run_address>0x8b89</run_address>
         <size>0xcd</size>
         <input_file_ref idref="fl-d6"/>
      </object_component>
      <object_component id="oc-bd">
         <name>.debug_info</name>
         <load_address>0x8c56</load_address>
         <run_address>0x8c56</run_address>
         <size>0x37a</size>
         <input_file_ref idref="fl-d7"/>
      </object_component>
      <object_component id="oc-9a">
         <name>.debug_info</name>
         <load_address>0x8fd0</load_address>
         <run_address>0x8fd0</run_address>
         <size>0x183</size>
         <input_file_ref idref="fl-d7"/>
      </object_component>
      <object_component id="oc-107">
         <name>.debug_info</name>
         <load_address>0x9153</load_address>
         <run_address>0x9153</run_address>
         <size>0x2c</size>
         <input_file_ref idref="fl-d7"/>
      </object_component>
      <object_component id="oc-20b">
         <name>.debug_info</name>
         <load_address>0x917f</load_address>
         <run_address>0x917f</run_address>
         <size>0xee</size>
         <input_file_ref idref="fl-d8"/>
      </object_component>
      <object_component id="oc-1ef">
         <name>.debug_info</name>
         <load_address>0x926d</load_address>
         <run_address>0x926d</run_address>
         <size>0xfa</size>
         <input_file_ref idref="fl-d8"/>
      </object_component>
      <object_component id="oc-19b">
         <name>.debug_info</name>
         <load_address>0x9367</load_address>
         <run_address>0x9367</run_address>
         <size>0x144</size>
         <input_file_ref idref="fl-d9"/>
      </object_component>
      <object_component id="oc-17c">
         <name>.debug_info</name>
         <load_address>0x94ab</load_address>
         <run_address>0x94ab</run_address>
         <size>0x120</size>
         <input_file_ref idref="fl-da"/>
      </object_component>
      <object_component id="oc-188">
         <name>.debug_info</name>
         <load_address>0x95cb</load_address>
         <run_address>0x95cb</run_address>
         <size>0x122</size>
         <input_file_ref idref="fl-da"/>
      </object_component>
      <object_component id="oc-182">
         <name>.debug_info</name>
         <load_address>0x96ed</load_address>
         <run_address>0x96ed</run_address>
         <size>0x132</size>
         <input_file_ref idref="fl-db"/>
      </object_component>
      <object_component id="oc-18d">
         <name>.debug_info</name>
         <load_address>0x981f</load_address>
         <run_address>0x981f</run_address>
         <size>0x126</size>
         <input_file_ref idref="fl-dc"/>
      </object_component>
      <object_component id="oc-197">
         <name>.debug_info</name>
         <load_address>0x9945</load_address>
         <run_address>0x9945</run_address>
         <size>0x124</size>
         <input_file_ref idref="fl-dd"/>
      </object_component>
      <object_component id="oc-1d7">
         <name>.debug_info</name>
         <load_address>0x9a69</load_address>
         <run_address>0x9a69</run_address>
         <size>0x2e6</size>
         <input_file_ref idref="fl-de"/>
      </object_component>
      <object_component id="oc-190">
         <name>.debug_info</name>
         <load_address>0x9d4f</load_address>
         <run_address>0x9d4f</run_address>
         <size>0x1c2</size>
         <input_file_ref idref="fl-de"/>
      </object_component>
      <object_component id="oc-1f4">
         <name>.debug_info</name>
         <load_address>0x9f11</load_address>
         <run_address>0x9f11</run_address>
         <size>0x28b</size>
         <input_file_ref idref="fl-df"/>
      </object_component>
      <object_component id="oc-1b8">
         <name>.debug_info</name>
         <load_address>0xa19c</load_address>
         <run_address>0xa19c</run_address>
         <size>0x1ab</size>
         <input_file_ref idref="fl-df"/>
      </object_component>
      <object_component id="oc-1db">
         <name>.debug_info</name>
         <load_address>0xa347</load_address>
         <run_address>0xa347</run_address>
         <size>0x2d9</size>
         <input_file_ref idref="fl-e0"/>
      </object_component>
      <object_component id="oc-1a2">
         <name>.debug_info</name>
         <load_address>0xa620</load_address>
         <run_address>0xa620</run_address>
         <size>0x18a</size>
         <input_file_ref idref="fl-e0"/>
      </object_component>
      <object_component id="oc-1dc">
         <name>.debug_info</name>
         <load_address>0xa7aa</load_address>
         <run_address>0xa7aa</run_address>
         <size>0x2c</size>
         <input_file_ref idref="fl-e0"/>
      </object_component>
      <object_component id="oc-1eb">
         <name>.debug_info</name>
         <load_address>0xa7d6</load_address>
         <run_address>0xa7d6</run_address>
         <size>0x316</size>
         <input_file_ref idref="fl-e1"/>
      </object_component>
      <object_component id="oc-1a6">
         <name>.debug_info</name>
         <load_address>0xaaec</load_address>
         <run_address>0xaaec</run_address>
         <size>0x1d5</size>
         <input_file_ref idref="fl-e1"/>
      </object_component>
      <object_component id="oc-a0">
         <name>.debug_info</name>
         <load_address>0xacc1</load_address>
         <run_address>0xacc1</run_address>
         <size>0x145</size>
         <input_file_ref idref="fl-e2"/>
      </object_component>
      <object_component id="oc-1ed">
         <name>.debug_info</name>
         <load_address>0xae06</load_address>
         <run_address>0xae06</run_address>
         <size>0x28f</size>
         <input_file_ref idref="fl-e3"/>
      </object_component>
      <object_component id="oc-1ac">
         <name>.debug_info</name>
         <load_address>0xb095</load_address>
         <run_address>0xb095</run_address>
         <size>0x244</size>
         <input_file_ref idref="fl-e3"/>
      </object_component>
      <object_component id="oc-1d1">
         <name>.debug_info</name>
         <load_address>0xb2d9</load_address>
         <run_address>0xb2d9</run_address>
         <size>0x284</size>
         <input_file_ref idref="fl-e4"/>
      </object_component>
      <object_component id="oc-177">
         <name>.debug_info</name>
         <load_address>0xb55d</load_address>
         <run_address>0xb55d</run_address>
         <size>0x22a</size>
         <input_file_ref idref="fl-e4"/>
      </object_component>
      <object_component id="oc-171">
         <name>.debug_info</name>
         <load_address>0xb787</load_address>
         <run_address>0xb787</run_address>
         <size>0x17d</size>
         <input_file_ref idref="fl-e5"/>
      </object_component>
      <object_component id="oc-1e8">
         <name>.debug_info</name>
         <load_address>0xb904</load_address>
         <run_address>0xb904</run_address>
         <size>0xf3</size>
         <input_file_ref idref="fl-e6"/>
      </object_component>
      <object_component id="oc-1e2">
         <name>.debug_info</name>
         <load_address>0xb9f7</load_address>
         <run_address>0xb9f7</run_address>
         <size>0x156</size>
         <input_file_ref idref="fl-e7"/>
      </object_component>
      <object_component id="oc-237">
         <name>.debug_info</name>
         <load_address>0xbb4d</load_address>
         <run_address>0xbb4d</run_address>
         <size>0xa7</size>
      </object_component>
      <object_component id="oc-168">
         <name>.debug_line</name>
         <load_address>0x0</load_address>
         <run_address>0x0</run_address>
         <size>0xb7</size>
         <input_file_ref idref="fl-2"/>
      </object_component>
      <object_component id="oc-120">
         <name>.debug_line</name>
         <load_address>0xb7</load_address>
         <run_address>0xb7</run_address>
         <size>0x45</size>
         <input_file_ref idref="fl-2"/>
      </object_component>
      <object_component id="oc-d8">
         <name>.debug_line</name>
         <load_address>0xfc</load_address>
         <run_address>0xfc</run_address>
         <size>0x192</size>
         <input_file_ref idref="fl-2"/>
      </object_component>
      <object_component id="oc-16c">
         <name>.debug_line</name>
         <load_address>0x28e</load_address>
         <run_address>0x28e</run_address>
         <size>0x64</size>
         <input_file_ref idref="fl-2"/>
      </object_component>
      <object_component id="oc-3d">
         <name>.debug_line</name>
         <load_address>0x2f2</load_address>
         <run_address>0x2f2</run_address>
         <size>0x20</size>
         <input_file_ref idref="fl-2"/>
      </object_component>
      <object_component id="oc-7f">
         <name>.debug_line</name>
         <load_address>0x312</load_address>
         <run_address>0x312</run_address>
         <size>0x65</size>
         <input_file_ref idref="fl-2"/>
      </object_component>
      <object_component id="oc-13d">
         <name>.debug_line</name>
         <load_address>0x377</load_address>
         <run_address>0x377</run_address>
         <size>0x65</size>
         <input_file_ref idref="fl-2"/>
      </object_component>
      <object_component id="oc-16f">
         <name>.debug_line</name>
         <load_address>0x3dc</load_address>
         <run_address>0x3dc</run_address>
         <size>0xd5</size>
         <input_file_ref idref="fl-3"/>
      </object_component>
      <object_component id="oc-143">
         <name>.debug_line</name>
         <load_address>0x4b1</load_address>
         <run_address>0x4b1</run_address>
         <size>0x2d</size>
         <input_file_ref idref="fl-3"/>
      </object_component>
      <object_component id="oc-ac">
         <name>.debug_line</name>
         <load_address>0x4de</load_address>
         <run_address>0x4de</run_address>
         <size>0xd8</size>
         <input_file_ref idref="fl-3"/>
      </object_component>
      <object_component id="oc-d3">
         <name>.debug_line</name>
         <load_address>0x5b6</load_address>
         <run_address>0x5b6</run_address>
         <size>0x110</size>
         <input_file_ref idref="fl-4"/>
      </object_component>
      <object_component id="oc-11a">
         <name>.debug_line</name>
         <load_address>0x6c6</load_address>
         <run_address>0x6c6</run_address>
         <size>0x2e</size>
         <input_file_ref idref="fl-4"/>
      </object_component>
      <object_component id="oc-7b">
         <name>.debug_line</name>
         <load_address>0x6f4</load_address>
         <run_address>0x6f4</run_address>
         <size>0x41</size>
         <input_file_ref idref="fl-5"/>
      </object_component>
      <object_component id="oc-32">
         <name>.debug_line</name>
         <load_address>0x735</load_address>
         <run_address>0x735</run_address>
         <size>0x41</size>
         <input_file_ref idref="fl-5"/>
      </object_component>
      <object_component id="oc-2c">
         <name>.debug_line</name>
         <load_address>0x776</load_address>
         <run_address>0x776</run_address>
         <size>0xa1</size>
         <input_file_ref idref="fl-5"/>
      </object_component>
      <object_component id="oc-14b">
         <name>.debug_line</name>
         <load_address>0x817</load_address>
         <run_address>0x817</run_address>
         <size>0x7c</size>
         <input_file_ref idref="fl-b"/>
      </object_component>
      <object_component id="oc-149">
         <name>.debug_line</name>
         <load_address>0x893</load_address>
         <run_address>0x893</run_address>
         <size>0x82</size>
         <input_file_ref idref="fl-b"/>
      </object_component>
      <object_component id="oc-cf">
         <name>.debug_line</name>
         <load_address>0x915</load_address>
         <run_address>0x915</run_address>
         <size>0xaf</size>
         <input_file_ref idref="fl-b"/>
      </object_component>
      <object_component id="oc-14f">
         <name>.debug_line</name>
         <load_address>0x9c4</load_address>
         <run_address>0x9c4</run_address>
         <size>0x20</size>
         <input_file_ref idref="fl-b"/>
      </object_component>
      <object_component id="oc-25">
         <name>.debug_line</name>
         <load_address>0x9e4</load_address>
         <run_address>0x9e4</run_address>
         <size>0x53</size>
         <input_file_ref idref="fl-c2"/>
      </object_component>
      <object_component id="oc-bb">
         <name>.debug_line</name>
         <load_address>0xa37</load_address>
         <run_address>0xa37</run_address>
         <size>0x20</size>
         <input_file_ref idref="fl-c3"/>
      </object_component>
      <object_component id="oc-14">
         <name>.debug_line</name>
         <load_address>0xa57</load_address>
         <run_address>0xa57</run_address>
         <size>0xa9</size>
         <input_file_ref idref="fl-c3"/>
      </object_component>
      <object_component id="oc-38">
         <name>.debug_line</name>
         <load_address>0xb00</load_address>
         <run_address>0xb00</run_address>
         <size>0x3a</size>
         <input_file_ref idref="fl-c3"/>
      </object_component>
      <object_component id="oc-84">
         <name>.debug_line</name>
         <load_address>0xb3a</load_address>
         <run_address>0xb3a</run_address>
         <size>0x8a</size>
         <input_file_ref idref="fl-c3"/>
      </object_component>
      <object_component id="oc-8e">
         <name>.debug_line</name>
         <load_address>0xbc4</load_address>
         <run_address>0xbc4</run_address>
         <size>0x8a</size>
         <input_file_ref idref="fl-c4"/>
      </object_component>
      <object_component id="oc-1d">
         <name>.debug_line</name>
         <load_address>0xc4e</load_address>
         <run_address>0xc4e</run_address>
         <size>0x55</size>
         <input_file_ref idref="fl-c4"/>
      </object_component>
      <object_component id="oc-48">
         <name>.debug_line</name>
         <load_address>0xca3</load_address>
         <run_address>0xca3</run_address>
         <size>0x3a</size>
         <input_file_ref idref="fl-c4"/>
      </object_component>
      <object_component id="oc-8b">
         <name>.debug_line</name>
         <load_address>0xcdd</load_address>
         <run_address>0xcdd</run_address>
         <size>0x8a</size>
         <input_file_ref idref="fl-c4"/>
      </object_component>
      <object_component id="oc-96">
         <name>.debug_line</name>
         <load_address>0xd67</load_address>
         <run_address>0xd67</run_address>
         <size>0x8a</size>
         <input_file_ref idref="fl-c5"/>
      </object_component>
      <object_component id="oc-22">
         <name>.debug_line</name>
         <load_address>0xdf1</load_address>
         <run_address>0xdf1</run_address>
         <size>0x4f</size>
         <input_file_ref idref="fl-c5"/>
      </object_component>
      <object_component id="oc-54">
         <name>.debug_line</name>
         <load_address>0xe40</load_address>
         <run_address>0xe40</run_address>
         <size>0x34</size>
         <input_file_ref idref="fl-c5"/>
      </object_component>
      <object_component id="oc-93">
         <name>.debug_line</name>
         <load_address>0xe74</load_address>
         <run_address>0xe74</run_address>
         <size>0x8a</size>
         <input_file_ref idref="fl-c5"/>
      </object_component>
      <object_component id="oc-104">
         <name>.debug_line</name>
         <load_address>0xefe</load_address>
         <run_address>0xefe</run_address>
         <size>0xf2</size>
         <input_file_ref idref="fl-c6"/>
      </object_component>
      <object_component id="oc-f8">
         <name>.debug_line</name>
         <load_address>0xff0</load_address>
         <run_address>0xff0</run_address>
         <size>0x2a</size>
         <input_file_ref idref="fl-c6"/>
      </object_component>
      <object_component id="oc-73">
         <name>.debug_line</name>
         <load_address>0x101a</load_address>
         <run_address>0x101a</run_address>
         <size>0x86</size>
         <input_file_ref idref="fl-c6"/>
      </object_component>
      <object_component id="oc-e4">
         <name>.debug_line</name>
         <load_address>0x10a0</load_address>
         <run_address>0x10a0</run_address>
         <size>0x8e</size>
         <input_file_ref idref="fl-c7"/>
      </object_component>
      <object_component id="oc-e9">
         <name>.debug_line</name>
         <load_address>0x112e</load_address>
         <run_address>0x112e</run_address>
         <size>0x59</size>
         <input_file_ref idref="fl-c8"/>
      </object_component>
      <object_component id="oc-40">
         <name>.debug_line</name>
         <load_address>0x1187</load_address>
         <run_address>0x1187</run_address>
         <size>0x88</size>
         <input_file_ref idref="fl-c9"/>
      </object_component>
      <object_component id="oc-4f">
         <name>.debug_line</name>
         <load_address>0x120f</load_address>
         <run_address>0x120f</run_address>
         <size>0x79</size>
         <input_file_ref idref="fl-ca"/>
      </object_component>
      <object_component id="oc-5c">
         <name>.debug_line</name>
         <load_address>0x1288</load_address>
         <run_address>0x1288</run_address>
         <size>0x3d</size>
         <input_file_ref idref="fl-cb"/>
      </object_component>
      <object_component id="oc-60">
         <name>.debug_line</name>
         <load_address>0x12c5</load_address>
         <run_address>0x12c5</run_address>
         <size>0x40</size>
         <input_file_ref idref="fl-cc"/>
      </object_component>
      <object_component id="oc-b9">
         <name>.debug_line</name>
         <load_address>0x1305</load_address>
         <run_address>0x1305</run_address>
         <size>0x33</size>
         <input_file_ref idref="fl-cd"/>
      </object_component>
      <object_component id="oc-1cc">
         <name>.debug_line</name>
         <load_address>0x1338</load_address>
         <run_address>0x1338</run_address>
         <size>0x20</size>
         <input_file_ref idref="fl-ce"/>
      </object_component>
      <object_component id="oc-12e">
         <name>.debug_line</name>
         <load_address>0x1358</load_address>
         <run_address>0x1358</run_address>
         <size>0xa5</size>
         <input_file_ref idref="fl-ce"/>
      </object_component>
      <object_component id="oc-1ce">
         <name>.debug_line</name>
         <load_address>0x13fd</load_address>
         <run_address>0x13fd</run_address>
         <size>0x20</size>
         <input_file_ref idref="fl-cf"/>
      </object_component>
      <object_component id="oc-133">
         <name>.debug_line</name>
         <load_address>0x141d</load_address>
         <run_address>0x141d</run_address>
         <size>0xa0</size>
         <input_file_ref idref="fl-cf"/>
      </object_component>
      <object_component id="oc-e1">
         <name>.debug_line</name>
         <load_address>0x14bd</load_address>
         <run_address>0x14bd</run_address>
         <size>0x4c</size>
         <input_file_ref idref="fl-d0"/>
      </object_component>
      <object_component id="oc-1ca">
         <name>.debug_line</name>
         <load_address>0x1509</load_address>
         <run_address>0x1509</run_address>
         <size>0x99</size>
         <input_file_ref idref="fl-d1"/>
      </object_component>
      <object_component id="oc-128">
         <name>.debug_line</name>
         <load_address>0x15a2</load_address>
         <run_address>0x15a2</run_address>
         <size>0xa0</size>
         <input_file_ref idref="fl-d1"/>
      </object_component>
      <object_component id="oc-15c">
         <name>.debug_line</name>
         <load_address>0x1642</load_address>
         <run_address>0x1642</run_address>
         <size>0x89</size>
         <input_file_ref idref="fl-d1"/>
      </object_component>
      <object_component id="oc-161">
         <name>.debug_line</name>
         <load_address>0x16cb</load_address>
         <run_address>0x16cb</run_address>
         <size>0x2f</size>
         <input_file_ref idref="fl-d1"/>
      </object_component>
      <object_component id="oc-147">
         <name>.debug_line</name>
         <load_address>0x16fa</load_address>
         <run_address>0x16fa</run_address>
         <size>0x20</size>
         <input_file_ref idref="fl-d2"/>
      </object_component>
      <object_component id="oc-100">
         <name>.debug_line</name>
         <load_address>0x171a</load_address>
         <run_address>0x171a</run_address>
         <size>0x2b</size>
         <input_file_ref idref="fl-d2"/>
      </object_component>
      <object_component id="oc-fe">
         <name>.debug_line</name>
         <load_address>0x1745</load_address>
         <run_address>0x1745</run_address>
         <size>0x68</size>
         <input_file_ref idref="fl-d2"/>
      </object_component>
      <object_component id="oc-1f6">
         <name>.debug_line</name>
         <load_address>0x17ad</load_address>
         <run_address>0x17ad</run_address>
         <size>0x16a</size>
         <input_file_ref idref="fl-d3"/>
      </object_component>
      <object_component id="oc-152">
         <name>.debug_line</name>
         <load_address>0x1917</load_address>
         <run_address>0x1917</run_address>
         <size>0xc3e</size>
         <input_file_ref idref="fl-d3"/>
      </object_component>
      <object_component id="oc-1c2">
         <name>.debug_line</name>
         <load_address>0x2555</load_address>
         <run_address>0x2555</run_address>
         <size>0x8a</size>
         <input_file_ref idref="fl-d3"/>
      </object_component>
      <object_component id="oc-1fa">
         <name>.debug_line</name>
         <load_address>0x25df</load_address>
         <run_address>0x25df</run_address>
         <size>0x8a</size>
         <input_file_ref idref="fl-d3"/>
      </object_component>
      <object_component id="oc-1c7">
         <name>.debug_line</name>
         <load_address>0x2669</load_address>
         <run_address>0x2669</run_address>
         <size>0x2e</size>
         <input_file_ref idref="fl-d3"/>
      </object_component>
      <object_component id="oc-f1">
         <name>.debug_line</name>
         <load_address>0x2697</load_address>
         <run_address>0x2697</run_address>
         <size>0x2b</size>
         <input_file_ref idref="fl-d4"/>
      </object_component>
      <object_component id="oc-6a">
         <name>.debug_line</name>
         <load_address>0x26c2</load_address>
         <run_address>0x26c2</run_address>
         <size>0x4a</size>
         <input_file_ref idref="fl-d4"/>
      </object_component>
      <object_component id="oc-f5">
         <name>.debug_line</name>
         <load_address>0x270c</load_address>
         <run_address>0x270c</run_address>
         <size>0x2b</size>
         <input_file_ref idref="fl-d4"/>
      </object_component>
      <object_component id="oc-20d">
         <name>.debug_line</name>
         <load_address>0x2737</load_address>
         <run_address>0x2737</run_address>
         <size>0x89</size>
         <input_file_ref idref="fl-d5"/>
      </object_component>
      <object_component id="oc-1b2">
         <name>.debug_line</name>
         <load_address>0x27c0</load_address>
         <run_address>0x27c0</run_address>
         <size>0x63</size>
         <input_file_ref idref="fl-d5"/>
      </object_component>
      <object_component id="oc-c0">
         <name>.debug_line</name>
         <load_address>0x2823</load_address>
         <run_address>0x2823</run_address>
         <size>0xa9</size>
         <input_file_ref idref="fl-d6"/>
      </object_component>
      <object_component id="oc-64">
         <name>.debug_line</name>
         <load_address>0x28cc</load_address>
         <run_address>0x28cc</run_address>
         <size>0x8b</size>
         <input_file_ref idref="fl-d6"/>
      </object_component>
      <object_component id="oc-c4">
         <name>.debug_line</name>
         <load_address>0x2957</load_address>
         <run_address>0x2957</run_address>
         <size>0x2e</size>
         <input_file_ref idref="fl-d6"/>
      </object_component>
      <object_component id="oc-10f">
         <name>.debug_line</name>
         <load_address>0x2985</load_address>
         <run_address>0x2985</run_address>
         <size>0x8a</size>
         <input_file_ref idref="fl-d6"/>
      </object_component>
      <object_component id="oc-c9">
         <name>.debug_line</name>
         <load_address>0x2a0f</load_address>
         <run_address>0x2a0f</run_address>
         <size>0x8b</size>
         <input_file_ref idref="fl-d6"/>
      </object_component>
      <object_component id="oc-106">
         <name>.debug_line</name>
         <load_address>0x2a9a</load_address>
         <run_address>0x2a9a</run_address>
         <size>0x98</size>
         <input_file_ref idref="fl-d7"/>
      </object_component>
      <object_component id="oc-9d">
         <name>.debug_line</name>
         <load_address>0x2b32</load_address>
         <run_address>0x2b32</run_address>
         <size>0x68</size>
         <input_file_ref idref="fl-d7"/>
      </object_component>
      <object_component id="oc-10a">
         <name>.debug_line</name>
         <load_address>0x2b9a</load_address>
         <run_address>0x2b9a</run_address>
         <size>0x2e</size>
         <input_file_ref idref="fl-d7"/>
      </object_component>
      <object_component id="oc-211">
         <name>.debug_line</name>
         <load_address>0x2bc8</load_address>
         <run_address>0x2bc8</run_address>
         <size>0x20</size>
         <input_file_ref idref="fl-d8"/>
      </object_component>
      <object_component id="oc-20a">
         <name>.debug_line</name>
         <load_address>0x2be8</load_address>
         <run_address>0x2be8</run_address>
         <size>0x2b</size>
         <input_file_ref idref="fl-d8"/>
      </object_component>
      <object_component id="oc-19e">
         <name>.debug_line</name>
         <load_address>0x2c13</load_address>
         <run_address>0x2c13</run_address>
         <size>0xd2</size>
         <input_file_ref idref="fl-d9"/>
      </object_component>
      <object_component id="oc-17f">
         <name>.debug_line</name>
         <load_address>0x2ce5</load_address>
         <run_address>0x2ce5</run_address>
         <size>0x77</size>
         <input_file_ref idref="fl-da"/>
      </object_component>
      <object_component id="oc-187">
         <name>.debug_line</name>
         <load_address>0x2d5c</load_address>
         <run_address>0x2d5c</run_address>
         <size>0x77</size>
         <input_file_ref idref="fl-da"/>
      </object_component>
      <object_component id="oc-184">
         <name>.debug_line</name>
         <load_address>0x2dd3</load_address>
         <run_address>0x2dd3</run_address>
         <size>0xa8</size>
         <input_file_ref idref="fl-db"/>
      </object_component>
      <object_component id="oc-18b">
         <name>.debug_line</name>
         <load_address>0x2e7b</load_address>
         <run_address>0x2e7b</run_address>
         <size>0x5a</size>
         <input_file_ref idref="fl-dc"/>
      </object_component>
      <object_component id="oc-196">
         <name>.debug_line</name>
         <load_address>0x2ed5</load_address>
         <run_address>0x2ed5</run_address>
         <size>0x50</size>
         <input_file_ref idref="fl-dd"/>
      </object_component>
      <object_component id="oc-1ff">
         <name>.debug_line</name>
         <load_address>0x2f25</load_address>
         <run_address>0x2f25</run_address>
         <size>0x8a</size>
         <input_file_ref idref="fl-de"/>
      </object_component>
      <object_component id="oc-193">
         <name>.debug_line</name>
         <load_address>0x2faf</load_address>
         <run_address>0x2faf</run_address>
         <size>0x66</size>
         <input_file_ref idref="fl-de"/>
      </object_component>
      <object_component id="oc-20f">
         <name>.debug_line</name>
         <load_address>0x3015</load_address>
         <run_address>0x3015</run_address>
         <size>0x20</size>
         <input_file_ref idref="fl-df"/>
      </object_component>
      <object_component id="oc-1bc">
         <name>.debug_line</name>
         <load_address>0x3035</load_address>
         <run_address>0x3035</run_address>
         <size>0x48</size>
         <input_file_ref idref="fl-df"/>
      </object_component>
      <object_component id="oc-201">
         <name>.debug_line</name>
         <load_address>0x307d</load_address>
         <run_address>0x307d</run_address>
         <size>0x20</size>
         <input_file_ref idref="fl-e0"/>
      </object_component>
      <object_component id="oc-1a4">
         <name>.debug_line</name>
         <load_address>0x309d</load_address>
         <run_address>0x309d</run_address>
         <size>0x5e</size>
         <input_file_ref idref="fl-e0"/>
      </object_component>
      <object_component id="oc-1df">
         <name>.debug_line</name>
         <load_address>0x30fb</load_address>
         <run_address>0x30fb</run_address>
         <size>0x8a</size>
         <input_file_ref idref="fl-e0"/>
      </object_component>
      <object_component id="oc-206">
         <name>.debug_line</name>
         <load_address>0x3185</load_address>
         <run_address>0x3185</run_address>
         <size>0x93</size>
         <input_file_ref idref="fl-e1"/>
      </object_component>
      <object_component id="oc-1a9">
         <name>.debug_line</name>
         <load_address>0x3218</load_address>
         <run_address>0x3218</run_address>
         <size>0xa1</size>
         <input_file_ref idref="fl-e1"/>
      </object_component>
      <object_component id="oc-a4">
         <name>.debug_line</name>
         <load_address>0x32b9</load_address>
         <run_address>0x32b9</run_address>
         <size>0x3c</size>
         <input_file_ref idref="fl-e2"/>
      </object_component>
      <object_component id="oc-208">
         <name>.debug_line</name>
         <load_address>0x32f5</load_address>
         <run_address>0x32f5</run_address>
         <size>0x20</size>
         <input_file_ref idref="fl-e3"/>
      </object_component>
      <object_component id="oc-1af">
         <name>.debug_line</name>
         <load_address>0x3315</load_address>
         <run_address>0x3315</run_address>
         <size>0xa8</size>
         <input_file_ref idref="fl-e3"/>
      </object_component>
      <object_component id="oc-1fd">
         <name>.debug_line</name>
         <load_address>0x33bd</load_address>
         <run_address>0x33bd</run_address>
         <size>0x20</size>
         <input_file_ref idref="fl-e4"/>
      </object_component>
      <object_component id="oc-176">
         <name>.debug_line</name>
         <load_address>0x33dd</load_address>
         <run_address>0x33dd</run_address>
         <size>0xaa</size>
         <input_file_ref idref="fl-e4"/>
      </object_component>
      <object_component id="oc-174">
         <name>.debug_line</name>
         <load_address>0x3487</load_address>
         <run_address>0x3487</run_address>
         <size>0x118</size>
         <input_file_ref idref="fl-e5"/>
      </object_component>
      <object_component id="oc-204">
         <name>.debug_line</name>
         <load_address>0x359f</load_address>
         <run_address>0x359f</run_address>
         <size>0x2b</size>
         <input_file_ref idref="fl-e6"/>
      </object_component>
      <object_component id="oc-1e5">
         <name>.debug_line</name>
         <load_address>0x35ca</load_address>
         <run_address>0x35ca</run_address>
         <size>0x45</size>
         <input_file_ref idref="fl-e7"/>
      </object_component>
      <object_component id="oc-121">
         <name>.debug_frame</name>
         <load_address>0x0</load_address>
         <run_address>0x0</run_address>
         <size>0x58</size>
         <input_file_ref idref="fl-2"/>
      </object_component>
      <object_component id="oc-d9">
         <name>.debug_frame</name>
         <load_address>0x58</load_address>
         <run_address>0x58</run_address>
         <size>0x120</size>
         <input_file_ref idref="fl-2"/>
      </object_component>
      <object_component id="oc-ab">
         <name>.debug_frame</name>
         <load_address>0x178</load_address>
         <run_address>0x178</run_address>
         <size>0xa4</size>
         <input_file_ref idref="fl-3"/>
      </object_component>
      <object_component id="oc-d2">
         <name>.debug_frame</name>
         <load_address>0x21c</load_address>
         <run_address>0x21c</run_address>
         <size>0xd8</size>
         <input_file_ref idref="fl-4"/>
      </object_component>
      <object_component id="oc-2d">
         <name>.debug_frame</name>
         <load_address>0x2f4</load_address>
         <run_address>0x2f4</run_address>
         <size>0x90</size>
         <input_file_ref idref="fl-5"/>
      </object_component>
      <object_component id="oc-d0">
         <name>.debug_frame</name>
         <load_address>0xd8c</load_address>
         <run_address>0xd8c</run_address>
         <size>0x8e</size>
         <input_file_ref idref="fl-b"/>
      </object_component>
      <object_component id="oc-13">
         <name>.debug_frame</name>
         <load_address>0x384</load_address>
         <run_address>0x384</run_address>
         <size>0x60</size>
         <input_file_ref idref="fl-c3"/>
      </object_component>
      <object_component id="oc-1c">
         <name>.debug_frame</name>
         <load_address>0x3e4</load_address>
         <run_address>0x3e4</run_address>
         <size>0x54</size>
         <input_file_ref idref="fl-c4"/>
      </object_component>
      <object_component id="oc-23">
         <name>.debug_frame</name>
         <load_address>0x438</load_address>
         <run_address>0x438</run_address>
         <size>0x54</size>
         <input_file_ref idref="fl-c5"/>
      </object_component>
      <object_component id="oc-74">
         <name>.debug_frame</name>
         <load_address>0x48c</load_address>
         <run_address>0x48c</run_address>
         <size>0x88</size>
         <input_file_ref idref="fl-c6"/>
      </object_component>
      <object_component id="oc-58">
         <name>.debug_frame</name>
         <load_address>0x514</load_address>
         <run_address>0x514</run_address>
         <size>0x54</size>
         <input_file_ref idref="fl-cb"/>
      </object_component>
      <object_component id="oc-5f">
         <name>.debug_frame</name>
         <load_address>0x568</load_address>
         <run_address>0x568</run_address>
         <size>0x54</size>
         <input_file_ref idref="fl-cc"/>
      </object_component>
      <object_component id="oc-12d">
         <name>.debug_frame</name>
         <load_address>0x5bc</load_address>
         <run_address>0x5bc</run_address>
         <size>0x54</size>
         <input_file_ref idref="fl-ce"/>
      </object_component>
      <object_component id="oc-134">
         <name>.debug_frame</name>
         <load_address>0x610</load_address>
         <run_address>0x610</run_address>
         <size>0x54</size>
         <input_file_ref idref="fl-cf"/>
      </object_component>
      <object_component id="oc-124">
         <name>.debug_frame</name>
         <load_address>0x664</load_address>
         <run_address>0x664</run_address>
         <size>0x90</size>
         <input_file_ref idref="fl-d1"/>
      </object_component>
      <object_component id="oc-fd">
         <name>.debug_frame</name>
         <load_address>0x6f4</load_address>
         <run_address>0x6f4</run_address>
         <size>0x7c</size>
         <input_file_ref idref="fl-d2"/>
      </object_component>
      <object_component id="oc-156">
         <name>.debug_frame</name>
         <load_address>0x770</load_address>
         <run_address>0x770</run_address>
         <size>0x1ec</size>
         <input_file_ref idref="fl-d3"/>
      </object_component>
      <object_component id="oc-6e">
         <name>.debug_frame</name>
         <load_address>0x95c</load_address>
         <run_address>0x95c</run_address>
         <size>0x54</size>
         <input_file_ref idref="fl-d4"/>
      </object_component>
      <object_component id="oc-1b3">
         <name>.debug_frame</name>
         <load_address>0x9b0</load_address>
         <run_address>0x9b0</run_address>
         <size>0x5c</size>
         <input_file_ref idref="fl-d5"/>
      </object_component>
      <object_component id="oc-68">
         <name>.debug_frame</name>
         <load_address>0xa0c</load_address>
         <run_address>0xa0c</run_address>
         <size>0x5c</size>
         <input_file_ref idref="fl-d6"/>
[...]
               <size>0x1</size>
            </available_space>
            <allocated_space>
               <start_address>0x2998</start_address>
               <size>0x48</size>
               <logical_group_ref idref="lg-6"/>
            </allocated_space>
            <available_space>
               <start_address>0x29e0</start_address>
               <size>0x3d620</size>
            </available_space>
         </usage_details>
      </memory_area>
      <memory_area display="yes" color="green">
         <name>SRAM</name>
         <page_id>0x0</page_id>
         <origin>0x20000000</origin>
         <length>0x8000</length>
         <used_space>0x12f8</used_space>
         <unused_space>0x6d08</unused_space>
         <attributes>RWX</attributes>
         <usage_details>
            <allocated_space>
               <start_address>0x20000000</start_address>
               <size>0x26c</size>
               <logical_group_ref idref="lg-9"/>
            </allocated_space>
            <allocated_space>
               <start_address>0x2000026c</start_address>
               <size>0x1000</size>
               <logical_group_ref idref="lg-d"/>
            </allocated_space>
            <allocated_space>
               <start_address>0x2000126c</start_address>
               <size>0x54</size>
               <logical_group_ref idref="lg-b"/>
            </allocated_space>
            <allocated_space>
               <start_address>0x200012c0</start_address>
               <size>0x38</size>
               <logical_group_ref idref="lg-a"/>
            </allocated_space>
            <available_space>
               <start_address>0x200012f8</start_address>
               <size>0x6d08</size>
            </available_space>
         </usage_details>
      </memory_area>
   </placement_map>
   <cptbl_list>
      <cptbl>
         <name>__TI_cinit_table</name>
         <cprec>
            <name>.data</name>
            <load_address>0x2998</load_address>
            <load_size>0x12</load_size>
            <run_address>0x200012c0</run_address>
            <run_size>0x38</run_size>
            <compression>lzss</compression>
         </cprec>
         <cprec>
            <name>.bss</name>
            <load_address>0x29b8</load_address>
            <load_size>0x8</load_size>
            <run_address>0x2000126c</run_address>
            <run_size>0x54</run_size>
            <compression>zero_init</compression>
         </cprec>
         <cprec>
            <name>.vtable</name>
            <load_address>0x29c0</load_address>
            <load_size>0x8</load_size>
            <run_address>0x20000000</run_address>
            <run_size>0x26c</run_size>
            <compression>zero_init</compression>
         </cprec>
      </cptbl>
   </cptbl_list>
   <handler_table>
      <handler_table_name>__TI_handler_table</handler_table_name>
      <handler>
         <index>0x0</index>
         <name>__TI_zero_init</name>
      </handler>
      <handler>
         <index>0x1</index>
         <name>__TI_decompress_lzss</name>
      </handler>
      <handler>
         <index>0x2</index>
         <name>__TI_decompress_none</name>
      </handler>
   </handler_table>
   <symbol_table>
      <symbol id="sm-1">
         <name>__STACK_TOP</name>
         <value>0x2000046c</value>
      </symbol>
      <symbol id="sm-2">
         <name>__TI_CINIT_Base</name>
         <value>0x29c8</value>
      </symbol>
      <symbol id="sm-3">
         <name>__TI_CINIT_Limit</name>
         <value>0x29e0</value>
      </symbol>
      <symbol id="sm-4">
         <name>__TI_Handler_Table_Base</name>
         <value>0x29ac</value>
      </symbol>
      <symbol id="sm-5">
         <name>__TI_Handler_Table_Limit</name>
         <value>0x29b8</value>
      </symbol>
      <symbol id="sm-6">
         <name>binit</name>
         <value>0xffffffff</value>
      </symbol>
      <symbol id="sm-7">
         <name>__binit__</name>
         <value>0xffffffff</value>
      </symbol>
      <symbol id="sm-8">
         <name>__STACK_SIZE</name>
         <value>0x1000</value>
      </symbol>
      <symbol id="sm-9">
         <name>__STACK_END</name>
         <value>0x2000126c</value>
      </symbol>
      <symbol id="sm-a">
         <name>__c_args__</name>
         <value>0xffffffff</value>
      </symbol>
      <symbol id="sm-b">
         <name>__TI_pprof_out_hndl</name>
         <value>0xffffffff</value>
      </symbol>
      <symbol id="sm-c">
         <name>__TI_prof_data_start</name>
         <value>0xffffffff</value>
      </symbol>
      <symbol id="sm-d">
         <name>__TI_prof_data_size</name>
         <value>0xffffffff</value>
      </symbol>
      <symbol id="sm-72">
         <name>lcd_sendCommand</name>
         <value>0x14c3</value>
         <object_component_ref idref="oc-d7"/>
      </symbol>
      <symbol id="sm-73">
         <name>lcd_sendNibble</name>
         <value>0x1501</value>
         <object_component_ref idref="oc-d7"/>
      </symbol>
      <symbol id="sm-74">
         <name>lcd_clear</name>
         <value>0x2855</value>
         <object_component_ref idref="oc-11c"/>
      </symbol>
      <symbol id="sm-75">
         <name>lcd_printf</name>
         <value>0x15ab</value>
         <object_component_ref idref="oc-d7"/>
      </symbol>
      <symbol id="sm-76">
         <name>lcd_setCursorPos</name>
         <value>0x156d</value>
         <object_component_ref idref="oc-d7"/>
      </symbol>
      <symbol id="sm-77">
         <name>lcd_init</name>
         <value>0x13ad</value>
         <object_component_ref idref="oc-d7"/>
      </symbol>
      <symbol id="sm-78">
         <name>lcd_puts</name>
         <value>0x14a5</value>
         <object_component_ref idref="oc-d7"/>
      </symbol>
      <symbol id="sm-79">
         <name>lcd_putc</name>
         <value>0x146d</value>
         <object_component_ref idref="oc-d7"/>
      </symbol>
      <symbol id="sm-7a">
         <name>lcd_gotoLine</name>
         <value>0x1545</value>
         <object_component_ref idref="oc-d7"/>
      </symbol>
      <symbol id="sm-b5">
         <name>send_pulse</name>
         <value>0x1743</value>
         <object_component_ref idref="oc-a7"/>
      </symbol>
      <symbol id="sm-b6">
         <name>a</name>
         <value>0x200012cc</value>
         <object_component_ref idref="oc-ec"/>
      </symbol>
      <symbol id="sm-b7">
         <name>distance</name>
         <value>0x200012d0</value>
         <object_component_ref idref="oc-ec"/>
      </symbol>
      <symbol id="sm-b8">
         <name>time2</name>
         <value>0x200012c4</value>
         <object_component_ref idref="oc-ec"/>
      </symbol>
      <symbol id="sm-b9">
         <name>main</name>
         <value>0x180d</value>
         <object_component_ref idref="oc-a7"/>
      </symbol>
      <symbol id="sm-ba">
         <name>total</name>
         <value>0x200012c8</value>
         <object_component_ref idref="oc-ec"/>
      </symbol>
      <symbol id="sm-bb">
         <name>TIMER3B_Handler</name>
         <value>0x1793</value>
         <object_component_ref idref="oc-a7"/>
      </symbol>
      <symbol id="sm-bc">
         <name>ping_init</name>
         <value>0x1699</value>
         <object_component_ref idref="oc-a7"/>
      </symbol>
      <symbol id="sm-bd">
         <name>overflow</name>
         <value>0x200012d4</value>
         <object_component_ref idref="oc-ec"/>
      </symbol>
      <symbol id="sm-be">
         <name>flag</name>
         <value>0x200012d8</value>
         <object_component_ref idref="oc-ec"/>
      </symbol>
      <symbol id="sm-bf">
         <name>time</name>
         <value>0x200012c0</value>
         <object_component_ref idref="oc-ec"/>
      </symbol>
      <symbol id="sm-e5">
         <name>timer_startClock</name>
         <value>0x1d51</value>
         <object_component_ref idref="oc-d1"/>
      </symbol>
      <symbol id="sm-e6">
         <name>timer_stopClock</name>
         <value>0x1da3</value>
         <object_component_ref idref="oc-d1"/>
      </symbol>
      <symbol id="sm-e7">
         <name>timer_getClock</name>
         <value>0x1d9d</value>
         <object_component_ref idref="oc-d1"/>
      </symbol>
      <symbol id="sm-e8">
         <name>timer_stopTimer</name>
         <value>0x1d3b</value>
         <object_component_ref idref="oc-d1"/>
      </symbol>
      <symbol id="sm-e9">
         <name>timer_startTimer</name>
         <value>0x1ceb</value>
         <object_component_ref idref="oc-d1"/>
      </symbol>
      <symbol id="sm-ea">
         <name>timer_waitMillis</name>
         <value>0x1c8d</value>
         <object_component_ref idref="oc-d1"/>
      </symbol>
      <symbol id="sm-eb">
         <name>timer_waitMicros</name>
         <value>0x1cc1</value>
         <object_component_ref idref="oc-d1"/>
      </symbol>
      <symbol id="sm-107">
         <name>ResetISR</name>
         <value>0x287f</value>
         <object_component_ref idref="oc-2b"/>
      </symbol>
      <symbol id="sm-108">
         <name>g_pfnVectors</name>
         <value>0x0</value>
         <object_component_ref idref="oc-f"/>
      </symbol>
      <symbol id="sm-124">
         <name>IntRegister</name>
         <value>0x271d</value>
         <object_component_ref idref="oc-cb"/>
      </symbol>
      <symbol id="sm-125">
         <name>g_pfnRAMVectors</name>
         <value>0x20000000</value>
         <object_component_ref idref="oc-111"/>
      </symbol>
      <symbol id="sm-137">
         <name>_c_int00</name>
         <value>0x24fd</value>
         <object_component_ref idref="oc-24"/>
      </symbol>
      <symbol id="sm-138">
         <name>__stack</name>
         <value>0x2000026c</value>
         <object_component_ref idref="oc-2a"/>
      </symbol>
      <symbol id="sm-156">
         <name>__TI_decompress_lzss</name>
         <value>0x2431</value>
         <object_component_ref idref="oc-12"/>
      </symbol>
      <symbol id="sm-16d">
         <name>__TI_decompress_none</name>
         <value>0x2865</value>
         <object_component_ref idref="oc-18"/>
      </symbol>
      <symbol id="sm-184">
         <name>__TI_zero_init</name>
         <value>0x2873</value>
         <object_component_ref idref="oc-1e"/>
      </symbol>
      <symbol id="sm-1a5">
         <name>C$$EXIT</name>
         <value>0x2551</value>
         <object_component_ref idref="oc-6f"/>
      </symbol>
      <symbol id="sm-1a6">
         <name>abort</name>
         <value>0x2555</value>
         <object_component_ref idref="oc-6f"/>
      </symbol>
      <symbol id="sm-1a7">
         <name>exit</name>
         <value>0x255d</value>
         <object_component_ref idref="oc-6f"/>
      </symbol>
      <symbol id="sm-1a8">
         <name>__TI_dtors_ptr</name>
         <value>0x200012e0</value>
         <object_component_ref idref="oc-af"/>
      </symbol>
      <symbol id="sm-1a9">
         <name>__TI_cleanup_ptr</name>
         <value>0x200012dc</value>
         <object_component_ref idref="oc-af"/>
      </symbol>
      <symbol id="sm-1aa">
         <name>__TI_enable_exit_profile_output</name>
         <value>0x200012e4</value>
         <object_component_ref idref="oc-af"/>
      </symbol>
      <symbol id="sm-1b5">
         <name>__aeabi_dmul</name>
         <value>0x1f1b</value>
         <object_component_ref idref="oc-e2"/>
      </symbol>
      <symbol id="sm-1bf">
         <name>__aeabi_d2uiz</name>
         <value>0x26d9</value>
         <object_component_ref idref="oc-e7"/>
      </symbol>
      <symbol id="sm-1da">
         <name>memcpy</name>
         <value>0x2115</value>
         <object_component_ref idref="oc-3f"/>
      </symbol>
      <symbol id="sm-1db">
         <name>__aeabi_memcpy</name>
         <value>0x2115</value>
         <object_component_ref idref="oc-3f"/>
      </symbol>
      <symbol id="sm-1dc">
         <name>__aeabi_memcpy8</name>
         <value>0x2115</value>
         <object_component_ref idref="oc-3f"/>
      </symbol>
      <symbol id="sm-1dd">
         <name>__aeabi_memcpy4</name>
         <value>0x2115</value>
         <object_component_ref idref="oc-3f"/>
      </symbol>
      <symbol id="sm-1ec">
         <name>__aeabi_memset</name>
         <value>0x2347</value>
         <object_component_ref idref="oc-4b"/>
      </symbol>
      <symbol id="sm-1ed">
         <name>memset</name>
         <value>0x234d</value>
         <object_component_ref idref="oc-4b"/>
      </symbol>
      <symbol id="sm-1ee">
         <name>__aeabi_memset8</name>
         <value>0x2347</value>
         <object_component_ref idref="oc-4b"/>
      </symbol>
      <symbol id="sm-1ef">
         <name>__aeabi_memset4</name>
         <value>0x2347</value>
         <object_component_ref idref="oc-4b"/>
      </symbol>
      <symbol id="sm-1f0">
         <name>__aeabi_memclr8</name>
         <value>0x2345</value>
         <object_component_ref idref="oc-4b"/>
      </symbol>
      <symbol id="sm-1f1">
         <name>__aeabi_memclr4</name>
         <value>0x2345</value>
         <object_component_ref idref="oc-4b"/>
      </symbol>
      <symbol id="sm-1f2">
         <name>__aeabi_memclr</name>
         <value>0x2345</value>
         <object_component_ref idref="oc-4b"/>
      </symbol>
      <symbol id="sm-1fc">
         <name>__mpu_init</name>
         <value>0x13ab</value>
         <object_component_ref idref="oc-57"/>
      </symbol>
      <symbol id="sm-206">
         <name>_system_pre_init</name>
         <value>0x288b</value>
         <object_component_ref idref="oc-5d"/>
      </symbol>
      <symbol id="sm-20e">
         <name>main_func_sp</name>
         <value>0x200012f4</value>
         <object_component_ref idref="oc-75"/>
      </symbol>
      <symbol id="sm-21d">
         <name>strcmp</name>
         <value>0x27d5</value>
         <object_component_ref idref="oc-129"/>
      </symbol>
      <symbol id="sm-22b">
         <name>strcpy</name>
         <value>0x282d</value>
         <object_component_ref idref="oc-12f"/>
      </symbol>
      <symbol id="sm-235">
         <name>__aeabi_ui2d</name>
         <value>0x277f</value>
         <object_component_ref idref="oc-dd"/>
      </symbol>
      <symbol id="sm-256">
         <name>vsnprintf</name>
         <value>0x21b1</value>
         <object_component_ref idref="oc-123"/>
      </symbol>
      <symbol id="sm-26f">
         <name>_nop</name>
         <value>0x2813</value>
         <object_component_ref idref="oc-f9"/>
      </symbol>
      <symbol id="sm-270">
         <name>_lock</name>
         <value>0x200012e8</value>
         <object_component_ref idref="oc-b2"/>
      </symbol>
      <symbol id="sm-271">
         <name>_unlock</name>
         <value>0x200012ec</value>
         <object_component_ref idref="oc-b2"/>
      </symbol>
      <symbol id="sm-272">
         <name>_register_lock</name>
         <value>0x280b</value>
         <object_component_ref idref="oc-f9"/>
      </symbol>
      <symbol id="sm-273">
         <name>_register_unlock</name>
         <value>0x2805</value>
         <object_component_ref idref="oc-f9"/>
      </symbol>
      <symbol id="sm-374">
         <name>__TI_printfi</name>
         <value>0xab1</value>
         <object_component_ref idref="oc-151"/>
      </symbol>
      <symbol id="sm-388">
         <name>_args_main</name>
         <value>0x27bd</value>
         <object_component_ref idref="oc-69"/>
      </symbol>
      <symbol id="sm-39e">
         <name>atoi</name>
         <value>0x25f9</value>
         <object_component_ref idref="oc-1b1"/>
      </symbol>
      <symbol id="sm-3c8">
         <name>__TI_auto_init</name>
         <value>0x23c1</value>
         <object_component_ref idref="oc-63"/>
      </symbol>
      <symbol id="sm-3e2">
         <name>copy_in</name>
         <value>0x2645</value>
         <object_component_ref idref="oc-99"/>
      </symbol>
      <symbol id="sm-3ed">
         <name>_ctypes_</name>
         <value>0x288e</value>
         <object_component_ref idref="oc-1ee"/>
      </symbol>
      <symbol id="sm-404">
         <name>__aeabi_dsub</name>
         <value>0x1ad5</value>
         <object_component_ref idref="oc-19a"/>
      </symbol>
      <symbol id="sm-405">
         <name>__aeabi_dadd</name>
         <value>0x1adf</value>
         <object_component_ref idref="oc-19a"/>
      </symbol>
      <symbol id="sm-427">
         <name>__aeabi_cdcmpeq</name>
         <value>0x2239</value>
         <object_component_ref idref="oc-17b"/>
      </symbol>
      <symbol id="sm-428">
         <name>__aeabi_cdcmple</name>
         <value>0x2239</value>
         <object_component_ref idref="oc-17b"/>
      </symbol>
      <symbol id="sm-429">
         <name>__aeabi_cdrcmple</name>
         <value>0x22bf</value>
         <object_component_ref idref="oc-185"/>
      </symbol>
      <symbol id="sm-43d">
         <name>__aeabi_ddiv</name>
         <value>0x1de5</value>
         <object_component_ref idref="oc-180"/>
      </symbol>
      <symbol id="sm-447">
         <name>__aeabi_d2iz</name>
         <value>0x2691</value>
         <object_component_ref idref="oc-18a"/>
      </symbol>
      <symbol id="sm-451">
         <name>__aeabi_i2d</name>
         <value>0x2751</value>
         <object_component_ref idref="oc-195"/>
      </symbol>
      <symbol id="sm-460">
         <name>ltoa</name>
         <value>0x25a5</value>
         <object_component_ref idref="oc-18f"/>
      </symbol>
      <symbol id="sm-470">
         <name>memccpy</name>
         <value>0x279f</value>
         <object_component_ref idref="oc-1b7"/>
      </symbol>
      <symbol id="sm-48b">
         <name>frexpl</name>
         <value>0x2499</value>
         <object_component_ref idref="oc-19f"/>
      </symbol>
      <symbol id="sm-48c">
         <name>frexp</name>
         <value>0x2499</value>
         <object_component_ref idref="oc-19f"/>
      </symbol>
      <symbol id="sm-4a9">
         <name>scalbn</name>
         <value>0x2019</value>
         <object_component_ref idref="oc-1a5"/>
      </symbol>
      <symbol id="sm-4aa">
         <name>scalbnl</name>
         <value>0x2019</value>
         <object_component_ref idref="oc-1a5"/>
      </symbol>
      <symbol id="sm-4ab">
         <name>ldexpl</name>
         <value>0x2019</value>
         <object_component_ref idref="oc-1a5"/>
      </symbol>
      <symbol id="sm-4ac">
         <name>ldexp</name>
         <value>0x2019</value>
         <object_component_ref idref="oc-1a5"/>
      </symbol>
      <symbol id="sm-4b6">
         <name>_system_post_cinit</name>
         <value>0x1c8b</value>
         <object_component_ref idref="oc-9f"/>
      </symbol>
      <symbol id="sm-4c6">
         <name>strchr</name>
         <value>0x27ed</value>
         <object_component_ref idref="oc-1ab"/>
      </symbol>
      <symbol id="sm-4d4">
         <name>strlen</name>
         <value>0x2841</value>
         <object_component_ref idref="oc-175"/>
      </symbol>
      <symbol id="sm-4f0">
         <name>__aeabi_uldivmod</name>
         <value>0x18e1</value>
         <object_component_ref idref="oc-170"/>
      </symbol>
      <symbol id="sm-4f8">
         <name>errno</name>
         <value>0x200012f0</value>
         <object_component_ref idref="oc-1e7"/>
      </symbol>
      <symbol id="sm-502">
         <name>copysign</name>
         <value>0x2819</value>
         <object_component_ref idref="oc-1e1"/>
      </symbol>
      <symbol id="sm-503">
         <name>copysignl</name>
         <value>0x2819</value>
         <object_component_ref idref="oc-1e1"/>
      </symbol>
      <symbol id="sm-504">
         <name>__TI_static_base__</name>
         <value>0x0</value>
      </symbol>
      <symbol id="sm-507">
         <name>SHT$$INIT_ARRAY$$Limit</name>
         <value>0x0</value>
      </symbol>
      <symbol id="sm-508">
         <name>SHT$$INIT_ARRAY$$Base</name>
         <value>0x0</value>
      </symbol>
   </symbol_table>
   <title>Link successful</title>
</link_info>
