******************************************************************************
                  TI ARM Linker PC v16.9.6                     
******************************************************************************
>> Linked Fri Jun 15 14:08:25 2018

OUTPUT FILE NAME:   <distance_measure.out>
ENTRY POINT SYMBOL: "_c_int00"  address: 000024fd


MEMORY CONFIGURATION

         name            origin    length      used     unused   attr    fill
----------------------  --------  ---------  --------  --------  ----  --------
  FLASH                 00000000   00040000  000029df  0003d621  R  X
  SRAM                  20000000   00008000  000012f8  00006d08  RW X


SEGMENT ALLOCATION MAP

run origin  load origin   length   init length attrs members
----------  ----------- ---------- ----------- ----- -------
00000000    00000000    000029e0   000029e0    r-x
  00000000    00000000    0000026c   0000026c    r-- .intvecs
  0000026c    0000026c    00002622   00002622    r-x .text
  0000288e    0000288e    00000109   00000109    r-- .const
  00002998    00002998    00000048   00000048    r-- .cinit
20000000    20000000    000012f8   00000000    rw-
  20000000    20000000    0000026c   00000000    rw- .vtable
  2000026c    2000026c    00001000   00000000    rw- .stack
  2000126c    2000126c    00000054   00000000    rw- .bss
  200012c0    200012c0    00000038   00000000    rw- .data


SECTION ALLOCATION MAP

 output                                  attributes/
section   page    origin      length       input sections
--------  ----  ----------  ----------   ----------------
.intvecs   0    00000000    0000026c     
                  00000000    0000026c     tm4c123gh6pm_startup_ccs.obj (.intvecs)

.text      0    0000026c    00002622     
                  0000026c    0000113e     rtsv7M4_T_le_v4SPD16_eabi.lib : _printfi.obj (.text)
                  000013aa    00000002                                   : mpu_init.obj (.text)
                  000013ac    000002ec     lcd.obj (.text)
                  00001698    00000248     main.obj (.text)
                  000018e0    000001f4     rtsv7M4_T_le_v4SPD16_eabi.lib : ull_div_t2.obj (.text)
                  00001ad4    000001b6                                   : fd_add_t2.obj (.text)
                  00001c8a    00000002                                   : startup.obj (.text)
                  00001c8c    00000158     timer.obj (.text)
                  00001de4    00000136     rtsv7M4_T_le_v4SPD16_eabi.lib : fd_div_t2.obj (.text)
                  00001f1a    000000fc                                   : fd_mul_t2.obj (.text)
                  00002016    00000002     --HOLE-- [fill = 0]
                  00002018    000000fc                                   : s_scalbn.obj (.text)
                  00002114    0000009c                                   : memcpy_t2.obj (.text)
                  000021b0    00000088                                   : vsnprintf.obj (.text)
                  00002238    00000086                                   : fd_cmp_t2.obj (.text:__aeabi_cdcmple)
                  000022be    00000086                                   : fd_cmp_t2.obj (.text:__aeabi_cdrcmple)
                  00002344    0000007a                                   : memset_t2.obj (.text)
                  000023be    00000002     --HOLE-- [fill = 0]
                  000023c0    00000070                                   : autoinit.obj (.text)
                  00002430    00000068                                   : copy_decompress_lzss.obj (.text:decompress:lzss)
                  00002498    00000064                                   : s_frexp.obj (.text)
                  000024fc    00000054                                   : boot.obj (.text)
                  00002550    00000054                                   : exit.obj (.text)
                  000025a4    00000054                                   : ltoa.obj (.text)
                  000025f8    0000004c                                   : atoi.obj (.text)
                  00002644    0000004c                                   : cpy_tbl.obj (.text)
                  00002690    00000048                                   : fd_toi_t2.obj (.text)
                  000026d8    00000044                                   : fd_tou_t2.obj (.text)
                  0000271c    00000034     driverlib.lib : interrupt.obj (.text:IntRegister)
                  00002750    0000002e     rtsv7M4_T_le_v4SPD16_eabi.lib : i_tofd_t2.obj (.text)
                  0000277e    00000020                                   : u_tofd_t2.obj (.text)
                  0000279e    0000001c                                   : memccpy.obj (.text)
                  000027ba    00000002     --HOLE-- [fill = 0]
                  000027bc    00000018                                   : args_main.obj (.text)
                  000027d4    00000018                                   : strcmp.obj (.text)
                  000027ec    00000016                                   : strchr.obj (.text)
                  00002802    00000002     --HOLE-- [fill = 0]
                  00002804    00000014                                   : _lock.obj (.text)
                  00002818    00000014                                   : s_copysign.obj (.text)
                  0000282c    00000014                                   : strcpy.obj (.text)
                  00002840    00000014                                   : strlen.obj (.text)
                  00002854    00000010     lcd.obj (.text:lcd_clear)
                  00002864    0000000e     rtsv7M4_T_le_v4SPD16_eabi.lib : copy_decompress_none.obj (.text:decompress:none)
                  00002872    0000000c                                   : copy_zero_init.obj (.text:decompress:ZI)
                  0000287e    0000000c     tm4c123gh6pm_startup_ccs.obj (.text)
                  0000288a    00000004     rtsv7M4_T_le_v4SPD16_eabi.lib : pre_init.obj (.text)

.const     0    0000288e    00000109     
                  0000288e    00000101     rtsv7M4_T_le_v4SPD16_eabi.lib : ctype.obj (.const:.string:_ctypes_)
                  0000298f    00000004     lcd.obj (.const:.string:lineAddress$1)
                  00002993    00000004     lcd.obj (.const:.string:lineAddresses$2)

.cinit     0    00002998    00000048     
                  00002998    00000012     (.cinit..data.load) [load image, compression = lzss]
                  000029aa    00000002     --HOLE-- [fill = 0]
                  000029ac    0000000c     (__TI_handler_table)
                  000029b8    00000008     (.cinit..bss.load) [load image, compression = zero_init]
                  000029c0    00000008     (.cinit..vtable.load) [load image, compression = zero_init]
                  000029c8    00000018     (__TI_cinit_table)

.init_array 
*          0    00000000    00000000     UNINITIALIZED

.vtable    0    20000000    0000026c     UNINITIALIZED
                  20000000    0000026c     driverlib.lib : interrupt.obj (.vtable)

.stack     0    2000026c    00001000     UNINITIALIZED
                  2000026c    00001000     --HOLE--

.bss       0    2000126c    00000054     UNINITIALIZED
                  2000126c    00000054     lcd.obj (.bss:lastbuffer$3)

.data      0    200012c0    00000038     UNINITIALIZED
                  200012c0    00000019     main.obj (.data)
                  200012d9    00000003     --HOLE--
                  200012dc    0000000c     rtsv7M4_T_le_v4SPD16_eabi.lib : exit.obj (.data:$O1$$)
                  200012e8    00000008                                   : _lock.obj (.data:$O1$$)
                  200012f0    00000004                                   : errno.obj (.data)
                  200012f4    00000004                                   : stkdepth_vars.obj (.data)

MODULE SUMMARY

       Module                         code   ro data   rw data
       ------                         ----   -------   -------
    .\
       lcd.obj                        764    8         84     
       tm4c123gh6pm_startup_ccs.obj   12     620       0      
       main.obj                       584    0         25     
       timer.obj                      344    0         0      
    +--+------------------------------+------+---------+---------+
       Total:                         1704   628       109    
                                                              
    C:/ti/TivaWare_C_Series-2.1.2.111/driverlib/ccs/Debug/driverlib.lib
       interrupt.obj                  52     0         620    
    +--+------------------------------+------+---------+---------+
       Total:                         52     0         620    
                                                              
    C:\ti\ccsv7\tools\compiler\ti-cgt-arm_16.9.6.LTS\lib\rtsv7M4_T_le_v4SPD16_eabi.lib
       _printfi.obj                   4414   0         0      
       ull_div_t2.obj                 500    0         0      
       fd_add_t2.obj                  438    0         0      
       fd_div_t2.obj                  310    0         0      
       fd_cmp_t2.obj                  268    0         0      
       ctype.obj                      0      257       0      
       fd_mul_t2.obj                  252    0         0      
       s_scalbn.obj                   252    0         0      
       memcpy_t2.obj                  156    0         0      
       vsnprintf.obj                  136    0         0      
       memset_t2.obj                  122    0         0      
       autoinit.obj                   112    0         0      
       copy_decompress_lzss.obj       104    0         0      
       s_frexp.obj                    100    0         0      
       exit.obj                       84     0         12     
       boot.obj                       84     0         0      
       ltoa.obj                       84     0         0      
       atoi.obj                       76     0         0      
       cpy_tbl.obj                    76     0         0      
       fd_toi_t2.obj                  72     0         0      
       fd_tou_t2.obj                  68     0         0      
       i_tofd_t2.obj                  46     0         0      
       u_tofd_t2.obj                  32     0         0      
       _lock.obj                      20     0         8      
       memccpy.obj                    28     0         0      
       args_main.obj                  24     0         0      
       strcmp.obj                     24     0         0      
       strchr.obj                     22     0         0      
       s_copysign.obj                 20     0         0      
       strcpy.obj                     20     0         0      
       strlen.obj                     20     0         0      
       copy_decompress_none.obj       14     0         0      
       copy_zero_init.obj             12     0         0      
       errno.obj                      0      0         4      
       pre_init.obj                   4      0         0      
       stkdepth_vars.obj              0      0         4      
       mpu_init.obj                   2      0         0      
       startup.obj                    2      0         0      
    +--+------------------------------+------+---------+---------+
       Total:                         7998   257       28     
                                                              
       Stack:                         0      0         4096   
       Linker Generated:              0      70        0      
    +--+------------------------------+------+---------+---------+
       Grand Total:                   9754   955       4853   


LINKER GENERATED COPY TABLES

__TI_cinit_table @ 000029c8 records: 3, size/record: 8, table size: 24
	.data: load addr=00002998, load size=00000012 bytes, run addr=200012c0, run size=00000038 bytes, compression=lzss
	.bss: load addr=000029b8, load size=00000008 bytes, run addr=2000126c, run size=00000054 bytes, compression=zero_init
	.vtable: load addr=000029c0, load size=00000008 bytes, run addr=20000000, run size=0000026c bytes, compression=zero_init


LINKER GENERATED HANDLER TABLE

__TI_handler_table @ 000029ac records: 3, size/record: 4, table size: 12
	index: 0, handler: __TI_zero_init
	index: 1, handler: __TI_decompress_lzss
	index: 2, handler: __TI_decompress_none


GLOBAL SYMBOLS: SORTED ALPHABETICALLY BY Name 

address   name                           
-------   ----                           
00002551  C$$EXIT                        
0000271d  IntRegister                    
0000287f  ResetISR                       
UNDEFED   SHT$$INIT_ARRAY$$Base          
UNDEFED   SHT$$INIT_ARRAY$$Limit         
00001793  TIMER3B_Handler                
2000126c  __STACK_END                    
00001000  __STACK_SIZE                   
2000046c  __STACK_TOP                    
000029c8  __TI_CINIT_Base                
000029e0  __TI_CINIT_Limit               
000029ac  __TI_Handler_Table_Base        
000029b8  __TI_Handler_Table_Limit       
000023c1  __TI_auto_init                 
200012dc  __TI_cleanup_ptr               
00002431  __TI_decompress_lzss           
00002865  __TI_decompress_none           
200012e0  __TI_dtors_ptr                 
200012e4  __TI_enable_exit_profile_output
ffffffff  __TI_pprof_out_hndl            
00000ab1  __TI_printfi                   
ffffffff  __TI_prof_data_size            
ffffffff  __TI_prof_data_start           
00000000  __TI_static_base__             
00002873  __TI_zero_init                 
00002239  __aeabi_cdcmpeq                
00002239  __aeabi_cdcmple                
000022bf  __aeabi_cdrcmple               
00002691  __aeabi_d2iz                   
000026d9  __aeabi_d2uiz                  
00001adf  __aeabi_dadd                   
00001de5  __aeabi_ddiv                   
00001f1b  __aeabi_dmul                   
00001ad5  __aeabi_dsub                   
00002751  __aeabi_i2d                    
00002345  __aeabi_memclr                 
00002345  __aeabi_memclr4                
00002345  __aeabi_memclr8                
00002115  __aeabi_memcpy                 
00002115  __aeabi_memcpy4                
00002115  __aeabi_memcpy8                
00002347  __aeabi_memset                 
00002347  __aeabi_memset4                
00002347  __aeabi_memset8                
0000277f  __aeabi_ui2d                   
000018e1  __aeabi_uldivmod               
ffffffff  __binit__                      
ffffffff  __c_args__                     
000013ab  __mpu_init                     
2000026c  __stack                        
000027bd  _args_main                     
000024fd  _c_int00                       
0000288e  _ctypes_                       
200012e8  _lock                          
00002813  _nop                           
0000280b  _register_lock                 
00002805  _register_unlock               
00001c8b  _system_post_cinit             
0000288b  _system_pre_init               
200012ec  _unlock                        
200012cc  a                              
00002555  abort                          
000025f9  atoi                           
ffffffff  binit                          
00002645  copy_in                        
00002819  copysign                       
00002819  copysignl                      
200012d0  distance                       
200012f0  errno                          
0000255d  exit                           
200012d8  flag                           
00002499  frexp                          
00002499  frexpl                         
20000000  g_pfnRAMVectors                
00000000  g_pfnVectors                   
00002855  lcd_clear                      
00001545  lcd_gotoLine                   
000013ad  lcd_init                       
000015ab  lcd_printf                     
0000146d  lcd_putc                       
000014a5  lcd_puts                       
000014c3  lcd_sendCommand                
00001501  lcd_sendNibble                 
0000156d  lcd_setCursorPos               
00002019  ldexp                          
00002019  ldexpl                         
000025a5  ltoa                           
0000180d  main                           
200012f4  main_func_sp                   
0000279f  memccpy                        
00002115  memcpy                         
0000234d  memset                         
200012d4  overflow                       
00001699  ping_init                      
00002019  scalbn                         
00002019  scalbnl                        
00001743  send_pulse                     
000027ed  strchr                         
000027d5  strcmp                         
0000282d  strcpy                         
00002841  strlen                         
200012c0  time                           
200012c4  time2                          
00001d9d  timer_getClock                 
00001d51  timer_startClock               
00001ceb  timer_startTimer               
00001da3  timer_stopClock                
00001d3b  timer_stopTimer                
00001cc1  timer_waitMicros               
00001c8d  timer_waitMillis               
200012c8  total                          
000021b1  vsnprintf                      


GLOBAL SYMBOLS: SORTED BY Symbol Address 

address   name                           
-------   ----                           
00000000  __TI_static_base__             
00000000  g_pfnVectors                   
00000ab1  __TI_printfi                   
00001000  __STACK_SIZE                   
000013ab  __mpu_init                     
000013ad  lcd_init                       
0000146d  lcd_putc                       
000014a5  lcd_puts                       
000014c3  lcd_sendCommand                
00001501  lcd_sendNibble                 
00001545  lcd_gotoLine                   
0000156d  lcd_setCursorPos               
000015ab  lcd_printf                     
00001699  ping_init                      
00001743  send_pulse                     
00001793  TIMER3B_Handler                
0000180d  main                           
000018e1  __aeabi_uldivmod               
00001ad5  __aeabi_dsub                   
00001adf  __aeabi_dadd                   
00001c8b  _system_post_cinit             
00001c8d  timer_waitMillis               
00001cc1  timer_waitMicros               
00001ceb  timer_startTimer               
00001d3b  timer_stopTimer                
00001d51  timer_startClock               
00001d9d  timer_getClock                 
00001da3  timer_stopClock                
00001de5  __aeabi_ddiv                   
00001f1b  __aeabi_dmul                   
00002019  ldexp                          
00002019  ldexpl                         
00002019  scalbn                         
00002019  scalbnl                        
00002115  __aeabi_memcpy                 
00002115  __aeabi_memcpy4                
00002115  __aeabi_memcpy8                
00002115  memcpy                         
000021b1  vsnprintf                      
00002239  __aeabi_cdcmpeq                
00002239  __aeabi_cdcmple                
000022bf  __aeabi_cdrcmple               
00002345  __aeabi_memclr                 
00002345  __aeabi_memclr4                
00002345  __aeabi_memclr8                
00002347  __aeabi_memset                 
00002347  __aeabi_memset4                
00002347  __aeabi_memset8                
0000234d  memset                         
000023c1  __TI_auto_init                 
00002431  __TI_decompress_lzss           
00002499  frexp                          
00002499  frexpl                         
000024fd  _c_int00                       
00002551  C$$EXIT                        
00002555  abort                          
0000255d  exit                           
000025a5  ltoa                           
000025f9  atoi                           
00002645  copy_in                        
00002691  __aeabi_d2iz                   
000026d9  __aeabi_d2uiz                  
0000271d  IntRegister                    
00002751  __aeabi_i2d                    
0000277f  __aeabi_ui2d                   
0000279f  memccpy                        
000027bd  _args_main                     
000027d5  strcmp                         
000027ed  strchr                         
00002805  _register_unlock               
0000280b  _register_lock                 
00002813  _nop                           
00002819  copysign                       
00002819  copysignl                      
0000282d  strcpy                         
00002841  strlen                         
00002855  lcd_clear                      
00002865  __TI_decompress_none           
00002873  __TI_zero_init                 
0000287f  ResetISR                       
0000288b  _system_pre_init               
0000288e  _ctypes_                       
000029ac  __TI_Handler_Table_Base        
000029b8  __TI_Handler_Table_Limit       
000029c8  __TI_CINIT_Base                
000029e0  __TI_CINIT_Limit               
20000000  g_pfnRAMVectors                
2000026c  __stack                        
2000046c  __STACK_TOP                    
2000126c  __STACK_END                    
200012c0  time                           
200012c4  time2                          
200012c8  total                          
200012cc  a                              
200012d0  distance                       
200012d4  overflow                       
200012d8  flag                           
200012dc  __TI_cleanup_ptr               
200012e0  __TI_dtors_ptr                 
200012e4  __TI_enable_exit_profile_output
200012e8  _lock                          
200012ec  _unlock                        
200012f0  errno                          
200012f4  main_func_sp                   
ffffffff  __TI_pprof_out_hndl            
ffffffff  __TI_prof_data_size            
ffffffff  __TI_prof_data_start           
ffffffff  __binit__                      
ffffffff  __c_args__                     
ffffffff  binit                          
UNDEFED   SHT$$INIT_ARRAY$$Base          
UNDEFED   SHT$$INIT_ARRAY$$Limit         

[112 symbols]
