******************************************************************************
                  TI ARM Linker PC v16.9.6                     
******************************************************************************
>> Linked Wed May 16 14:02:09 2018

OUTPUT FILE NAME:   <hello_world.out>
ENTRY POINT SYMBOL: "_c_int00"  address: 00002375


MEMORY CONFIGURATION

         name            origin    length      used     unused   attr    fill
----------------------  --------  ---------  --------  --------  ----  --------
  FLASH                 00000000   00040000  000027e4  0003d81c  R  X
  SRAM                  20000000   00008000  00001070  00006f90  RW X


SEGMENT ALLOCATION MAP

run origin  load origin   length   init length attrs members
----------  ----------- ---------- ----------- ----- -------
00000000    00000000    000027e8   000027e8    r-x
  00000000    00000000    0000026c   0000026c    r-- .intvecs
  0000026c    0000026c    00002402   00002402    r-x .text
  0000266e    0000266e    0000013e   0000013e    r-- .const
  000027b0    000027b0    00000038   00000038    r-- .cinit
20000000    20000000    00001070   00000000    rw-
  20000000    20000000    00001000   00000000    rw- .stack
  20001000    20001000    00000054   00000000    rw- .bss
  20001054    20001054    0000001c   00000000    rw- .data


SECTION ALLOCATION MAP

 output                                  attributes/
section   page    origin      length       input sections
--------  ----  ----------  ----------   ----------------
.intvecs   0    00000000    0000026c     
                  00000000    0000026c     tm4c123gh6pm_startup_ccs.obj (.intvecs)

.text      0    0000026c    00002402     
                  0000026c    0000113e     rtsv7M4_T_le_v4SPD16_eabi.lib : _printfi.obj (.text)
                  000013aa    00000002                                   : mpu_init.obj (.text)
                  000013ac    000002ec     lcd.obj (.text)
                  00001698    000001f4     rtsv7M4_T_le_v4SPD16_eabi.lib : ull_div_t2.obj (.text)
                  0000188c    000001b6                                   : fd_add_t2.obj (.text)
                  00001a42    00000002                                   : startup.obj (.text)
                  00001a44    00000158     timer.obj (.text)
                  00001b9c    00000136     rtsv7M4_T_le_v4SPD16_eabi.lib : fd_div_t2.obj (.text)
                  00001cd2    000000fc                                   : fd_mul_t2.obj (.text)
                  00001dce    00000002     --HOLE-- [fill = 0]
                  00001dd0    000000fc                                   : s_scalbn.obj (.text)
                  00001ecc    000000c0     helloworld.obj (.text)
                  00001f8c    0000009c     rtsv7M4_T_le_v4SPD16_eabi.lib : memcpy_t2.obj (.text)
                  00002028    00000088                                   : vsnprintf.obj (.text)
                  000020b0    00000086                                   : fd_cmp_t2.obj (.text:__aeabi_cdcmple)
                  00002136    00000086                                   : fd_cmp_t2.obj (.text:__aeabi_cdrcmple)
                  000021bc    0000007a                                   : memset_t2.obj (.text)
                  00002236    00000002     --HOLE-- [fill = 0]
                  00002238    00000070                                   : autoinit.obj (.text)
                  000022a8    00000068                                   : copy_decompress_lzss.obj (.text:decompress:lzss)
                  00002310    00000064                                   : s_frexp.obj (.text)
                  00002374    00000054                                   : boot.obj (.text)
                  000023c8    00000054                                   : exit.obj (.text)
                  0000241c    00000054                                   : ltoa.obj (.text)
                  00002470    0000004c                                   : atoi.obj (.text)
                  000024bc    0000004c                                   : cpy_tbl.obj (.text)
                  00002508    00000048                                   : fd_toi_t2.obj (.text)
                  00002550    0000002e                                   : i_tofd_t2.obj (.text)
                  0000257e    0000001c                                   : memccpy.obj (.text)
                  0000259a    00000002     --HOLE-- [fill = 0]
                  0000259c    00000018                                   : args_main.obj (.text)
                  000025b4    00000018                                   : strcmp.obj (.text)
                  000025cc    00000016                                   : strchr.obj (.text)
                  000025e2    00000002     --HOLE-- [fill = 0]
                  000025e4    00000014                                   : _lock.obj (.text)
                  000025f8    00000014                                   : s_copysign.obj (.text)
                  0000260c    00000014                                   : strcpy.obj (.text)
                  00002620    00000014                                   : strlen.obj (.text)
                  00002634    00000010     lcd.obj (.text:lcd_clear)
                  00002644    0000000e     rtsv7M4_T_le_v4SPD16_eabi.lib : copy_decompress_none.obj (.text:decompress:none)
                  00002652    0000000c                                   : copy_zero_init.obj (.text:decompress:ZI)
                  0000265e    0000000c     tm4c123gh6pm_startup_ccs.obj (.text)
                  0000266a    00000004     rtsv7M4_T_le_v4SPD16_eabi.lib : pre_init.obj (.text)

.const     0    0000266e    0000013e     
                  0000266e    00000101     rtsv7M4_T_le_v4SPD16_eabi.lib : ctype.obj (.const:.string:_ctypes_)
                  0000276f    00000035     helloworld.obj (.const:.string:$P$T0$1)
                  000027a4    00000004     lcd.obj (.const:.string:lineAddress$1)
                  000027a8    00000004     lcd.obj (.const:.string:lineAddresses$2)

.cinit     0    000027b0    00000038     
                  000027b0    00000011     (.cinit..data.load) [load image, compression = lzss]
                  000027c1    00000003     --HOLE-- [fill = 0]
                  000027c4    0000000c     (__TI_handler_table)
                  000027d0    00000008     (.cinit..bss.load) [load image, compression = zero_init]
                  000027d8    00000010     (__TI_cinit_table)

.init_array 
*          0    00000000    00000000     UNINITIALIZED

.stack     0    20000000    00001000     UNINITIALIZED
                  20000000    00001000     --HOLE--

.bss       0    20001000    00000054     UNINITIALIZED
                  20001000    00000054     lcd.obj (.bss:lastbuffer$3)

.data      0    20001054    0000001c     UNINITIALIZED
                  20001054    0000000c     rtsv7M4_T_le_v4SPD16_eabi.lib : exit.obj (.data:$O1$$)
                  20001060    00000008                                   : _lock.obj (.data:$O1$$)
                  20001068    00000004                                   : errno.obj (.data)
                  2000106c    00000004                                   : stkdepth_vars.obj (.data)

MODULE SUMMARY

       Module                         code   ro data   rw data
       ------                         ----   -------   -------
    .\
       lcd.obj                        764    8         84     
       tm4c123gh6pm_startup_ccs.obj   12     620       0      
       timer.obj                      344    0         0      
       helloworld.obj                 192    53        0      
    +--+------------------------------+------+---------+---------+
       Total:                         1312   681       84     
                                                              
    C:\ti\ccsv7\tools\compiler\ti-cgt-arm_16.9.6.LTS\lib\rtsv7M4_T_le_v4SPD16_eabi.lib
       _printfi.obj                   4414   0         0      
       ull_div_t2.obj                 500    0         0      
       fd_add_t2.obj                  438    0         0      
       fd_div_t2.obj                  310    0         0      
       fd_cmp_t2.obj                  268    0         0      
       ctype.obj                      0      257       0      
       fd_mul_t2.obj                  252    0         0      
       s_scalbn.obj                   252    0         0      
       memcpy_t2.obj                  156    0         0      
       vsnprintf.obj                  136    0         0      
       memset_t2.obj                  122    0         0      
       autoinit.obj                   112    0         0      
       copy_decompress_lzss.obj       104    0         0      
       s_frexp.obj                    100    0         0      
       exit.obj                       84     0         12     
       boot.obj                       84     0         0      
       ltoa.obj                       84     0         0      
       atoi.obj                       76     0         0      
       cpy_tbl.obj                    76     0         0      
       fd_toi_t2.obj                  72     0         0      
       i_tofd_t2.obj                  46     0         0      
       _lock.obj                      20     0         8      
       memccpy.obj                    28     0         0      
       args_main.obj                  24     0         0      
       strcmp.obj                     24     0         0      
       strchr.obj                     22     0         0      
       s_copysign.obj                 20     0         0      
       strcpy.obj                     20     0         0      
       strlen.obj                     20     0         0      
       copy_decompress_none.obj       14     0         0      
       copy_zero_init.obj             12     0         0      
       errno.obj                      0      0         4      
       pre_init.obj                   4      0         0      
       stkdepth_vars.obj              0      0         4      
       mpu_init.obj                   2      0         0      
       startup.obj                    2      0         0      
    +--+------------------------------+------+---------+---------+
       Total:                         7898   257       28     
                                                              
       Stack:                         0      0         4096   
       Linker Generated:              0      53        0      
    +--+------------------------------+------+---------+---------+
       Grand Total:                   9210   991       4208   


LINKER GENERATED COPY TABLES

__TI_cinit_table @ 000027d8 records: 2, size/record: 8, table size: 16
	.data: load addr=000027b0, load size=00000011 bytes, run addr=20001054, run size=0000001c bytes, compression=lzss
	.bss: load addr=000027d0, load size=00000008 bytes, run addr=20001000, run size=00000054 bytes, compression=zero_init


LINKER GENERATED HANDLER TABLE

__TI_handler_table @ 000027c4 records: 3, size/record: 4, table size: 12
	index: 0, handler: __TI_decompress_lzss
	index: 1, handler: __TI_decompress_none
	index: 2, handler: __TI_zero_init


GLOBAL SYMBOLS: SORTED ALPHABETICALLY BY Name 

address   name                           
-------   ----                           
000023c9  C$$EXIT                        
0000265f  ResetISR                       
UNDEFED   SHT$$INIT_ARRAY$$Base          
UNDEFED   SHT$$INIT_ARRAY$$Limit         
20001000  __STACK_END                    
00001000  __STACK_SIZE                   
20000200  __STACK_TOP                    
000027d8  __TI_CINIT_Base                
000027e8  __TI_CINIT_Limit               
000027c4  __TI_Handler_Table_Base        
000027d0  __TI_Handler_Table_Limit       
00002239  __TI_auto_init                 
20001054  __TI_cleanup_ptr               
000022a9  __TI_decompress_lzss           
00002645  __TI_decompress_none           
20001058  __TI_dtors_ptr                 
2000105c  __TI_enable_exit_profile_output
ffffffff  __TI_pprof_out_hndl            
00000ab1  __TI_printfi                   
ffffffff  __TI_prof_data_size            
ffffffff  __TI_prof_data_start           
00000000  __TI_static_base__             
00002653  __TI_zero_init                 
000020b1  __aeabi_cdcmpeq                
000020b1  __aeabi_cdcmple                
00002137  __aeabi_cdrcmple               
00002509  __aeabi_d2iz                   
00001897  __aeabi_dadd                   
00001b9d  __aeabi_ddiv                   
00001cd3  __aeabi_dmul                   
0000188d  __aeabi_dsub                   
00002551  __aeabi_i2d                    
000021bd  __aeabi_memclr                 
000021bd  __aeabi_memclr4                
000021bd  __aeabi_memclr8                
00001f8d  __aeabi_memcpy                 
00001f8d  __aeabi_memcpy4                
00001f8d  __aeabi_memcpy8                
000021bf  __aeabi_memset                 
000021bf  __aeabi_memset4                
000021bf  __aeabi_memset8                
00001699  __aeabi_uldivmod               
ffffffff  __binit__                      
ffffffff  __c_args__                     
000013ab  __mpu_init                     
20000000  __stack                        
0000259d  _args_main                     
00002375  _c_int00                       
0000266e  _ctypes_                       
20001060  _lock                          
000025f3  _nop                           
000025eb  _register_lock                 
000025e5  _register_unlock               
00001a43  _system_post_cinit             
0000266b  _system_pre_init               
20001064  _unlock                        
000023cd  abort                          
00002471  atoi                           
ffffffff  binit                          
000024bd  copy_in                        
000025f9  copysign                       
000025f9  copysignl                      
20001068  errno                          
000023d5  exit                           
00002311  frexp                          
00002311  frexpl                         
00000000  g_pfnVectors                   
00002635  lcd_clear                      
00001545  lcd_gotoLine                   
000013ad  lcd_init                       
000015ab  lcd_printf                     
0000146d  lcd_putc                       
000014a5  lcd_puts                       
000014c3  lcd_sendCommand                
00001501  lcd_sendNibble                 
0000156d  lcd_setCursorPos               
00001dd1  ldexp                          
00001dd1  ldexpl                         
0000241d  ltoa                           
00001ecd  main                           
2000106c  main_func_sp                   
0000257f  memccpy                        
00001f8d  memcpy                         
000021c5  memset                         
00001dd1  scalbn                         
00001dd1  scalbnl                        
000025cd  strchr                         
000025b5  strcmp                         
0000260d  strcpy                         
00002621  strlen                         
00001b55  timer_getClock                 
00001b09  timer_startClock               
00001aa3  timer_startTimer               
00001b5b  timer_stopClock                
00001af3  timer_stopTimer                
00001a79  timer_waitMicros               
00001a45  timer_waitMillis               
00002029  vsnprintf                      


GLOBAL SYMBOLS: SORTED BY Symbol Address 

address   name                           
-------   ----                           
00000000  __TI_static_base__             
00000000  g_pfnVectors                   
00000ab1  __TI_printfi                   
00001000  __STACK_SIZE                   
000013ab  __mpu_init                     
000013ad  lcd_init                       
0000146d  lcd_putc                       
000014a5  lcd_puts                       
000014c3  lcd_sendCommand                
00001501  lcd_sendNibble                 
00001545  lcd_gotoLine                   
0000156d  lcd_setCursorPos               
000015ab  lcd_printf                     
00001699  __aeabi_uldivmod               
0000188d  __aeabi_dsub                   
00001897  __aeabi_dadd                   
00001a43  _system_post_cinit             
00001a45  timer_waitMillis               
00001a79  timer_waitMicros               
00001aa3  timer_startTimer               
00001af3  timer_stopTimer                
00001b09  timer_startClock               
00001b55  timer_getClock                 
00001b5b  timer_stopClock                
00001b9d  __aeabi_ddiv                   
00001cd3  __aeabi_dmul                   
00001dd1  ldexp                          
00001dd1  ldexpl                         
00001dd1  scalbn                         
00001dd1  scalbnl                        
00001ecd  main                           
00001f8d  __aeabi_memcpy                 
00001f8d  __aeabi_memcpy4                
00001f8d  __aeabi_memcpy8                
00001f8d  memcpy                         
00002029  vsnprintf                      
000020b1  __aeabi_cdcmpeq                
000020b1  __aeabi_cdcmple                
00002137  __aeabi_cdrcmple               
000021bd  __aeabi_memclr                 
000021bd  __aeabi_memclr4                
000021bd  __aeabi_memclr8                
000021bf  __aeabi_memset                 
000021bf  __aeabi_memset4                
000021bf  __aeabi_memset8                
000021c5  memset                         
00002239  __TI_auto_init                 
000022a9  __TI_decompress_lzss           
00002311  frexp                          
00002311  frexpl                         
00002375  _c_int00                       
000023c9  C$$EXIT                        
000023cd  abort                          
000023d5  exit                           
0000241d  ltoa                           
00002471  atoi                           
000024bd  copy_in                        
00002509  __aeabi_d2iz                   
00002551  __aeabi_i2d                    
0000257f  memccpy                        
0000259d  _args_main                     
000025b5  strcmp                         
000025cd  strchr                         
000025e5  _register_unlock               
000025eb  _register_lock                 
000025f3  _nop                           
000025f9  copysign                       
000025f9  copysignl                      
0000260d  strcpy                         
00002621  strlen                         
00002635  lcd_clear                      
00002645  __TI_decompress_none           
00002653  __TI_zero_init                 
0000265f  ResetISR                       
0000266b  _system_pre_init               
0000266e  _ctypes_                       
000027c4  __TI_Handler_Table_Base        
000027d0  __TI_Handler_Table_Limit       
000027d8  __TI_CINIT_Base                
000027e8  __TI_CINIT_Limit               
20000000  __stack                        
20000200  __STACK_TOP                    
20001000  __STACK_END                    
20001054  __TI_cleanup_ptr               
20001058  __TI_dtors_ptr                 
2000105c  __TI_enable_exit_profile_output
20001060  _lock                          
20001064  _unlock                        
20001068  errno                          
2000106c  main_func_sp                   
ffffffff  __TI_pprof_out_hndl            
ffffffff  __TI_prof_data_size            
ffffffff  __TI_prof_data_start           
ffffffff  __binit__                      
ffffffff  __c_args__                     
ffffffff  binit                          
UNDEFED   SHT$$INIT_ARRAY$$Base          
UNDEFED   SHT$$INIT_ARRAY$$Limit         

[98 symbols]
