******************************************************************************
                  TI ARM Linker PC v16.9.6                     
******************************************************************************
>> Linked Mon Jun 11 13:20:34 2018

OUTPUT FILE NAME:   <IR_sensor.out>
ENTRY POINT SYMBOL: "_c_int00"  address: 00002ab9


MEMORY CONFIGURATION

         name            origin    length      used     unused   attr    fill
----------------------  --------  ---------  --------  --------  ----  --------
  FLASH                 00000000   00040000  00002f80  0003d080  R  X
  SRAM                  20000000   00008000  00001070  00006f90  RW X


SEGMENT ALLOCATION MAP

run origin  load origin   length   init length attrs members
----------  ----------- ---------- ----------- ----- -------
00000000    00000000    00002f80   00002f80    r-x
  00000000    00000000    0000026c   0000026c    r-- .intvecs
  0000026c    0000026c    00002bb8   00002bb8    r-x .text
  00002e24    00002e24    00000124   00000124    r-- .const
  00002f48    00002f48    00000038   00000038    r-- .cinit
20000000    20000000    00001070   00000000    rw-
  20000000    20000000    00001000   00000000    rw- .stack
  20001000    20001000    00000054   00000000    rw- .bss
  20001054    20001054    0000001c   00000000    rw- .data


SECTION ALLOCATION MAP

 output                                  attributes/
section   page    origin      length       input sections
--------  ----  ----------  ----------   ----------------
.intvecs   0    00000000    0000026c     
                  00000000    0000026c     tm4c123gh6pm_startup_ccs.obj (.intvecs)

.text      0    0000026c    00002bb8     
                  0000026c    0000113e     rtsv7M4_T_le_v4SPD16_eabi.lib : _printfi.obj (.text)
                  000013aa    00000002                                   : mpu_init.obj (.text)
                  000013ac    0000058c                                   : e_powf.obj (.text)
                  00001938    000002ec     lcd.obj (.text)
                  00001c24    000001f4     rtsv7M4_T_le_v4SPD16_eabi.lib : ull_div_t2.obj (.text)
                  00001e18    000001b6                                   : fd_add_t2.obj (.text)
                  00001fce    00000002                                   : startup.obj (.text)
                  00001fd0    000001a4     IR.obj (.text)
                  00002174    00000158     timer.obj (.text)
                  000022cc    00000136     rtsv7M4_T_le_v4SPD16_eabi.lib : fd_div_t2.obj (.text)
                  00002402    000000fc                                   : fd_mul_t2.obj (.text)
                  000024fe    00000002     --HOLE-- [fill = 0]
                  00002500    000000fc                                   : s_scalbn.obj (.text)
                  000025fc    000000d4                                   : s_scalbnf.obj (.text)
                  000026d0    0000009c                                   : memcpy_t2.obj (.text)
                  0000276c    00000088                                   : vsnprintf.obj (.text)
                  000027f4    00000086                                   : fd_cmp_t2.obj (.text:__aeabi_cdcmple)
                  0000287a    00000086                                   : fd_cmp_t2.obj (.text:__aeabi_cdrcmple)
                  00002900    0000007a                                   : memset_t2.obj (.text)
                  0000297a    00000002     --HOLE-- [fill = 0]
                  0000297c    00000070                                   : autoinit.obj (.text)
                  000029ec    00000068                                   : copy_decompress_lzss.obj (.text:decompress:lzss)
                  00002a54    00000064                                   : s_frexp.obj (.text)
                  00002ab8    00000054                                   : boot.obj (.text)
                  00002b0c    00000054                                   : exit.obj (.text)
                  00002b60    00000054                                   : ltoa.obj (.text)
                  00002bb4    0000004c                                   : atoi.obj (.text)
                  00002c00    0000004c                                   : cpy_tbl.obj (.text)
                  00002c4c    00000048                                   : fd_toi_t2.obj (.text)
                  00002c94    00000038                                   : fs_tod_t2.obj (.text)
                  00002ccc    0000002e                                   : i_tofd_t2.obj (.text)
                  00002cfa    00000002     --HOLE-- [fill = 0]
                  00002cfc    00000028                                   : e_sqrtf.obj (.text)
                  00002d24    0000001c                                   : memccpy.obj (.text)
                  00002d40    00000018                                   : args_main.obj (.text)
                  00002d58    00000018                                   : strcmp.obj (.text)
                  00002d70    00000016                                   : strchr.obj (.text)
                  00002d86    00000002     --HOLE-- [fill = 0]
                  00002d88    00000014                                   : _lock.obj (.text)
                  00002d9c    00000014                                   : s_copysign.obj (.text)
                  00002db0    00000014                                   : strcpy.obj (.text)
                  00002dc4    00000014                                   : strlen.obj (.text)
                  00002dd8    00000012                                   : s_copysignf.obj (.text)
                  00002dea    00000010     lcd.obj (.text:lcd_clear)
                  00002dfa    0000000e     rtsv7M4_T_le_v4SPD16_eabi.lib : copy_decompress_none.obj (.text:decompress:none)
                  00002e08    0000000c                                   : copy_zero_init.obj (.text:decompress:ZI)
                  00002e14    0000000c     tm4c123gh6pm_startup_ccs.obj (.text)
                  00002e20    00000004     rtsv7M4_T_le_v4SPD16_eabi.lib : pre_init.obj (.text)

.const     0    00002e24    00000124     
                  00002e24    00000101     rtsv7M4_T_le_v4SPD16_eabi.lib : ctype.obj (.const:.string:_ctypes_)
                  00002f25    00000003     --HOLE-- [fill = 0]
                  00002f28    00000018                                   : e_powf.obj (.const:$O1$$)
                  00002f40    00000004     lcd.obj (.const:.string:lineAddress$1)
                  00002f44    00000004     lcd.obj (.const:.string:lineAddresses$2)

.cinit     0    00002f48    00000038     
                  00002f48    00000011     (.cinit..data.load) [load image, compression = lzss]
                  00002f59    00000003     --HOLE-- [fill = 0]
                  00002f5c    0000000c     (__TI_handler_table)
                  00002f68    00000008     (.cinit..bss.load) [load image, compression = zero_init]
                  00002f70    00000010     (__TI_cinit_table)

.init_array 
*          0    00000000    00000000     UNINITIALIZED

.stack     0    20000000    00001000     UNINITIALIZED
                  20000000    00001000     --HOLE--

.bss       0    20001000    00000054     UNINITIALIZED
                  20001000    00000054     lcd.obj (.bss:lastbuffer$3)

.data      0    20001054    0000001c     UNINITIALIZED
                  20001054    0000000c     rtsv7M4_T_le_v4SPD16_eabi.lib : exit.obj (.data:$O1$$)
                  20001060    00000008                                   : _lock.obj (.data:$O1$$)
                  20001068    00000004                                   : errno.obj (.data)
                  2000106c    00000004                                   : stkdepth_vars.obj (.data)

MODULE SUMMARY

       Module                         code    ro data   rw data
       ------                         ----    -------   -------
    .\
       lcd.obj                        764     8         84     
       tm4c123gh6pm_startup_ccs.obj   12      620       0      
       IR.obj                         420     0         0      
       timer.obj                      344     0         0      
    +--+------------------------------+-------+---------+---------+
       Total:                         1540    628       84     
                                                               
    C:\ti\ccsv7\tools\compiler\ti-cgt-arm_16.9.6.LTS\lib\rtsv7M4_T_le_v4SPD16_eabi.lib
       _printfi.obj                   4414    0         0      
       e_powf.obj                     1420    24        0      
       ull_div_t2.obj                 500     0         0      
       fd_add_t2.obj                  438     0         0      
       fd_div_t2.obj                  310     0         0      
       fd_cmp_t2.obj                  268     0         0      
       ctype.obj                      0       257       0      
       fd_mul_t2.obj                  252     0         0      
       s_scalbn.obj                   252     0         0      
       s_scalbnf.obj                  212     0         0      
       memcpy_t2.obj                  156     0         0      
       vsnprintf.obj                  136     0         0      
       memset_t2.obj                  122     0         0      
       autoinit.obj                   112     0         0      
       copy_decompress_lzss.obj       104     0         0      
       s_frexp.obj                    100     0         0      
       exit.obj                       84      0         12     
       boot.obj                       84      0         0      
       ltoa.obj                       84      0         0      
       atoi.obj                       76      0         0      
       cpy_tbl.obj                    76      0         0      
       fd_toi_t2.obj                  72      0         0      
       fs_tod_t2.obj                  56      0         0      
       i_tofd_t2.obj                  46      0         0      
       e_sqrtf.obj                    40      0         0      
       _lock.obj                      20      0         8      
       memccpy.obj                    28      0         0      
       args_main.obj                  24      0         0      
       strcmp.obj                     24      0         0      
       strchr.obj                     22      0         0      
       s_copysign.obj                 20      0         0      
       strcpy.obj                     20      0         0      
       strlen.obj                     20      0         0      
       s_copysignf.obj                18      0         0      
       copy_decompress_none.obj       14      0         0      
       copy_zero_init.obj             12      0         0      
       errno.obj                      0       0         4      
       pre_init.obj                   4       0         0      
       stkdepth_vars.obj              0       0         4      
       mpu_init.obj                   2       0         0      
       startup.obj                    2       0         0      
    +--+------------------------------+-------+---------+---------+
       Total:                         9644    281       28     
                                                               
       Stack:                         0       0         4096   
       Linker Generated:              0       53        0      
    +--+------------------------------+-------+---------+---------+
       Grand Total:                   11184   962       4208   


LINKER GENERATED COPY TABLES

__TI_cinit_table @ 00002f70 records: 2, size/record: 8, table size: 16
	.data: load addr=00002f48, load size=00000011 bytes, run addr=20001054, run size=0000001c bytes, compression=lzss
	.bss: load addr=00002f68, load size=00000008 bytes, run addr=20001000, run size=00000054 bytes, compression=zero_init


LINKER GENERATED HANDLER TABLE

__TI_handler_table @ 00002f5c records: 3, size/record: 4, table size: 12
	index: 0, handler: __TI_decompress_lzss
	index: 1, handler: __TI_decompress_none
	index: 2, handler: __TI_zero_init


GLOBAL SYMBOLS: SORTED ALPHABETICALLY BY Name 

address   name                           
-------   ----                           
00001fd1  ADC_init                       
00002043  ADC_read                       
00002b0d  C$$EXIT                        
00002e15  ResetISR                       
UNDEFED   SHT$$INIT_ARRAY$$Base          
UNDEFED   SHT$$INIT_ARRAY$$Limit         
20001000  __STACK_END                    
00001000  __STACK_SIZE                   
20000200  __STACK_TOP                    
00002f70  __TI_CINIT_Base                
00002f80  __TI_CINIT_Limit               
00002f5c  __TI_Handler_Table_Base        
00002f68  __TI_Handler_Table_Limit       
0000297d  __TI_auto_init                 
20001054  __TI_cleanup_ptr               
000029ed  __TI_decompress_lzss           
00002dfb  __TI_decompress_none           
20001058  __TI_dtors_ptr                 
2000105c  __TI_enable_exit_profile_output
ffffffff  __TI_pprof_out_hndl            
00000ab1  __TI_printfi                   
ffffffff  __TI_prof_data_size            
ffffffff  __TI_prof_data_start           
00000000  __TI_static_base__             
00002e09  __TI_zero_init                 
000027f5  __aeabi_cdcmpeq                
000027f5  __aeabi_cdcmple                
0000287b  __aeabi_cdrcmple               
00002c4d  __aeabi_d2iz                   
00001e23  __aeabi_dadd                   
000022cd  __aeabi_ddiv                   
00002403  __aeabi_dmul                   
00001e19  __aeabi_dsub                   
00002c95  __aeabi_f2d                    
00002ccd  __aeabi_i2d                    
00002901  __aeabi_memclr                 
00002901  __aeabi_memclr4                
00002901  __aeabi_memclr8                
000026d1  __aeabi_memcpy                 
000026d1  __aeabi_memcpy4                
000026d1  __aeabi_memcpy8                
00002903  __aeabi_memset                 
00002903  __aeabi_memset4                
00002903  __aeabi_memset8                
00001c25  __aeabi_uldivmod               
ffffffff  __binit__                      
ffffffff  __c_args__                     
000013ab  __mpu_init                     
20000000  __stack                        
00002d41  _args_main                     
00002ab9  _c_int00                       
00002e24  _ctypes_                       
20001060  _lock                          
00002d97  _nop                           
00002d8f  _register_lock                 
00002d89  _register_unlock               
00001fcf  _system_post_cinit             
00002e21  _system_pre_init               
20001064  _unlock                        
00002b11  abort                          
00002bb5  atoi                           
ffffffff  binit                          
00002c01  copy_in                        
00002d9d  copysign                       
00002dd9  copysignf                      
00002d9d  copysignl                      
20001068  errno                          
00002b19  exit                           
00002a55  frexp                          
00002a55  frexpl                         
00000000  g_pfnVectors                   
00002deb  lcd_clear                      
00001ad1  lcd_gotoLine                   
00001939  lcd_init                       
00001b37  lcd_printf                     
000019f9  lcd_putc                       
00001a31  lcd_puts                       
00001a4f  lcd_sendCommand                
00001a8d  lcd_sendNibble                 
00001af9  lcd_setCursorPos               
00002501  ldexp                          
000025fd  ldexpf                         
00002501  ldexpl                         
00002b61  ltoa                           
00002087  main                           
2000106c  main_func_sp                   
00002d25  memccpy                        
000026d1  memcpy                         
00002909  memset                         
000013ad  powf                           
00002501  scalbn                         
000025fd  scalbnf                        
00002501  scalbnl                        
00002cfd  sqrtf                          
00002d71  strchr                         
00002d59  strcmp                         
00002db1  strcpy                         
00002dc5  strlen                         
00002285  timer_getClock                 
00002239  timer_startClock               
000021d3  timer_startTimer               
0000228b  timer_stopClock                
00002223  timer_stopTimer                
000021a9  timer_waitMicros               
00002175  timer_waitMillis               
0000276d  vsnprintf                      


GLOBAL SYMBOLS: SORTED BY Symbol Address 

address   name                           
-------   ----                           
00000000  __TI_static_base__             
00000000  g_pfnVectors                   
00000ab1  __TI_printfi                   
00001000  __STACK_SIZE                   
000013ab  __mpu_init                     
000013ad  powf                           
00001939  lcd_init                       
000019f9  lcd_putc                       
00001a31  lcd_puts                       
00001a4f  lcd_sendCommand                
00001a8d  lcd_sendNibble                 
00001ad1  lcd_gotoLine                   
00001af9  lcd_setCursorPos               
00001b37  lcd_printf                     
00001c25  __aeabi_uldivmod               
00001e19  __aeabi_dsub                   
00001e23  __aeabi_dadd                   
00001fcf  _system_post_cinit             
00001fd1  ADC_init                       
00002043  ADC_read                       
00002087  main                           
00002175  timer_waitMillis               
000021a9  timer_waitMicros               
000021d3  timer_startTimer               
00002223  timer_stopTimer                
00002239  timer_startClock               
00002285  timer_getClock                 
0000228b  timer_stopClock                
000022cd  __aeabi_ddiv                   
00002403  __aeabi_dmul                   
00002501  ldexp                          
00002501  ldexpl                         
00002501  scalbn                         
00002501  scalbnl                        
000025fd  ldexpf                         
000025fd  scalbnf                        
000026d1  __aeabi_memcpy                 
000026d1  __aeabi_memcpy4                
000026d1  __aeabi_memcpy8                
000026d1  memcpy                         
0000276d  vsnprintf                      
000027f5  __aeabi_cdcmpeq                
000027f5  __aeabi_cdcmple                
0000287b  __aeabi_cdrcmple               
00002901  __aeabi_memclr                 
00002901  __aeabi_memclr4                
00002901  __aeabi_memclr8                
00002903  __aeabi_memset                 
00002903  __aeabi_memset4                
00002903  __aeabi_memset8                
00002909  memset                         
0000297d  __TI_auto_init                 
000029ed  __TI_decompress_lzss           
00002a55  frexp                          
00002a55  frexpl                         
00002ab9  _c_int00                       
00002b0d  C$$EXIT                        
00002b11  abort                          
00002b19  exit                           
00002b61  ltoa                           
00002bb5  atoi                           
00002c01  copy_in                        
00002c4d  __aeabi_d2iz                   
00002c95  __aeabi_f2d                    
00002ccd  __aeabi_i2d                    
00002cfd  sqrtf                          
00002d25  memccpy                        
00002d41  _args_main                     
00002d59  strcmp                         
00002d71  strchr                         
00002d89  _register_unlock               
00002d8f  _register_lock                 
00002d97  _nop                           
00002d9d  copysign                       
00002d9d  copysignl                      
00002db1  strcpy                         
00002dc5  strlen                         
00002dd9  copysignf                      
00002deb  lcd_clear                      
00002dfb  __TI_decompress_none           
00002e09  __TI_zero_init                 
00002e15  ResetISR                       
00002e21  _system_pre_init               
00002e24  _ctypes_                       
00002f5c  __TI_Handler_Table_Base        
00002f68  __TI_Handler_Table_Limit       
00002f70  __TI_CINIT_Base                
00002f80  __TI_CINIT_Limit               
20000000  __stack                        
20000200  __STACK_TOP                    
20001000  __STACK_END                    
20001054  __TI_cleanup_ptr               
20001058  __TI_dtors_ptr                 
2000105c  __TI_enable_exit_profile_output
20001060  _lock                          
20001064  _unlock                        
20001068  errno                          
2000106c  main_func_sp                   
ffffffff  __TI_pprof_out_hndl            
ffffffff  __TI_prof_data_size            
ffffffff  __TI_prof_data_start           
ffffffff  __binit__                      
ffffffff  __c_args__                     
ffffffff  binit                          
UNDEFED   SHT$$INIT_ARRAY$$Base          
UNDEFED   SHT$$INIT_ARRAY$$Limit         

[106 symbols]
