******************************************************************************
                  TI ARM Linker PC v16.9.6                     
******************************************************************************
>> Linked Sat Jun 30 18:34:10 2018

OUTPUT FILE NAME:   <lab09.out>
ENTRY POINT SYMBOL: "_c_int00"  address: 00003a95


MEMORY CONFIGURATION

         name            origin    length      used     unused   attr    fill
----------------------  --------  ---------  --------  --------  ----  --------
  FLASH                 00000000   00040000  00003ffe  0003c002  R  X
  SRAM                  20000000   00008000  00002310  00005cf0  RW X


SEGMENT ALLOCATION MAP

run origin  load origin   length   init length attrs members
----------  ----------- ---------- ----------- ----- -------
00000000    00000000    00004000   00004000    r-x
  00000000    00000000    0000026c   0000026c    r-- .intvecs
  0000026c    0000026c    00003bee   00003bee    r-x .text
  00003e5a    00003e5a    00000154   00000154    r-- .const
  00003fb0    00003fb0    00000050   00000050    r-- .cinit
20000000    20000000    00002314   00000000    rw-
  20000000    20000000    0000026c   00000000    rw- .vtable
  2000026c    2000026c    00001000   00000000    rw- .stack
  20001270    20001270    00001000   00000000    rw- .sysmem
  20002270    20002270    0000006c   00000000    rw- .bss
  200022dc    200022dc    00000038   00000000    rw- .data


SECTION ALLOCATION MAP

 output                                  attributes/
section   page    origin      length       input sections
--------  ----  ----------  ----------   ----------------
.intvecs   0    00000000    0000026c     
                  00000000    0000026c     tm4c123gh6pm_startup_ccs.obj (.intvecs)

.text      0    0000026c    00003bee     
                  0000026c    0000113e     rtsv7M4_T_le_v4SPD16_eabi.lib : _printfi.obj (.text)
                  000013aa    00000002                                   : mpu_init.obj (.text)
                  000013ac    00000a84     open_interface.obj (.text)
                  00001e30    00000864     movement.obj (.text)
                  00002694    000003d0     rtsv7M4_T_le_v4SPD16_eabi.lib : memory.obj (.text)
                  00002a64    000002ec     lcd.obj (.text)
                  00002d50    000001f4     rtsv7M4_T_le_v4SPD16_eabi.lib : ull_div_t2.obj (.text)
                  00002f44    000001b6                                   : fd_add_t2.obj (.text)
                  000030fa    00000002                                   : startup.obj (.text)
                  000030fc    00000158     timer.obj (.text)
                  00003254    00000136     rtsv7M4_T_le_v4SPD16_eabi.lib : fd_div_t2.obj (.text)
                  0000338a    00000002     --HOLE-- [fill = 0]
                  0000338c    00000128     uart.obj (.text)
                  000034b4    000000fc     rtsv7M4_T_le_v4SPD16_eabi.lib : fd_mul_t2.obj (.text)
                  000035b0    000000fc                                   : s_scalbn.obj (.text)
                  000036ac    0000009c                                   : memcpy_t2.obj (.text)
                  00003748    00000088                                   : vsnprintf.obj (.text)
                  000037d0    00000086                                   : fd_cmp_t2.obj (.text:__aeabi_cdcmple)
                  00003856    00000086                                   : fd_cmp_t2.obj (.text:__aeabi_cdrcmple)
                  000038dc    0000007a                                   : memset_t2.obj (.text)
                  00003956    00000002     --HOLE-- [fill = 0]
                  00003958    00000070                                   : autoinit.obj (.text)
                  000039c8    00000068                                   : copy_decompress_lzss.obj (.text:decompress:lzss)
                  00003a30    00000064                                   : s_frexp.obj (.text)
                  00003a94    00000054                                   : boot.obj (.text)
                  00003ae8    00000054                                   : exit.obj (.text)
                  00003b3c    00000054                                   : ltoa.obj (.text)
                  00003b90    0000004c                                   : atoi.obj (.text)
                  00003bdc    0000004c                                   : cpy_tbl.obj (.text)
                  00003c28    00000048                                   : fd_toi_t2.obj (.text)
                  00003c70    00000036                                   : strncpy.obj (.text)
                  00003ca6    00000002     --HOLE-- [fill = 0]
                  00003ca8    00000034     driverlib.lib : interrupt.obj (.text:IntRegister)
                  00003cdc    0000002e     main.obj (.text)
                  00003d0a    0000002e     rtsv7M4_T_le_v4SPD16_eabi.lib : i_tofd_t2.obj (.text)
                  00003d38    0000001c                                   : memccpy.obj (.text)
                  00003d54    00000018     open_interface.obj (.text:oi_parseInt)
                  00003d6c    00000018     rtsv7M4_T_le_v4SPD16_eabi.lib : args_main.obj (.text)
                  00003d84    00000018                                   : strcmp.obj (.text)
                  00003d9c    00000016                                   : strchr.obj (.text)
                  00003db2    00000002     --HOLE-- [fill = 0]
                  00003db4    00000014                                   : _lock.obj (.text)
                  00003dc8    00000014                                   : s_copysign.obj (.text)
                  00003ddc    00000014                                   : strcpy.obj (.text)
                  00003df0    00000014                                   : strlen.obj (.text)
                  00003e04    00000010     driverlib.lib : interrupt.obj (.text:IntMasterEnable)
                  00003e14    00000010     lcd.obj (.text:lcd_clear)
                  00003e24    0000000e     rtsv7M4_T_le_v4SPD16_eabi.lib : copy_decompress_none.obj (.text:decompress:none)
                  00003e32    0000000c     driverlib.lib : cpu.obj (.text:CPUcpsie)
                  00003e3e    0000000c     rtsv7M4_T_le_v4SPD16_eabi.lib : copy_zero_init.obj (.text:decompress:ZI)
                  00003e4a    0000000c     tm4c123gh6pm_startup_ccs.obj (.text)
                  00003e56    00000004     rtsv7M4_T_le_v4SPD16_eabi.lib : pre_init.obj (.text)

.const     0    00003e5a    00000154     
                  00003e5a    00000101     rtsv7M4_T_le_v4SPD16_eabi.lib : ctype.obj (.const:.string:_ctypes_)
                  00003f5b    0000001e     movement.obj (.const:.string:$P$T0$1)
                  00003f79    0000001e     movement.obj (.const:.string:$P$T1$2)
                  00003f97    0000000f     open_interface.obj (.const:.string:$P$T0$3)
                  00003fa6    00000004     lcd.obj (.const:.string:lineAddress$1)
                  00003faa    00000004     lcd.obj (.const:.string:lineAddresses$2)

.cinit     0    00003fb0    00000050     
                  00003fb0    0000001c     (.cinit..data.load) [load image, compression = lzss]
                  00003fcc    0000000c     (__TI_handler_table)
                  00003fd8    00000008     (.cinit..bss.load) [load image, compression = zero_init]
                  00003fe0    00000008     (.cinit..vtable.load) [load image, compression = zero_init]
                  00003fe8    00000018     (__TI_cinit_table)

.init_array 
*          0    00000000    00000000     UNINITIALIZED

.vtable    0    20000000    0000026c     UNINITIALIZED
                  20000000    0000026c     driverlib.lib : interrupt.obj (.vtable)

.stack     0    2000026c    00001000     UNINITIALIZED
                  2000026c    00001000     --HOLE--

.sysmem    0    20001270    00001000     UNINITIALIZED
                  20001270    00000008     rtsv7M4_T_le_v4SPD16_eabi.lib : memory.obj (.sysmem)
                  20001278    00000ff8     --HOLE--

.bss       0    20002270    0000006c     UNINITIALIZED
                  20002270    00000054     lcd.obj (.bss:lastbuffer$3)
                  200022c4    00000018     open_interface.obj (.bss:firmware$2)

.data      0    200022dc    00000038     UNINITIALIZED
                  200022dc    00000010     open_interface.obj (.data)
                  200022ec    0000000c     rtsv7M4_T_le_v4SPD16_eabi.lib : exit.obj (.data:$O1$$)
                  200022f8    0000000c                                   : memory.obj (.data:$O1$$)
                  20002304    00000008                                   : _lock.obj (.data:$O1$$)
                  2000230c    00000004                                   : errno.obj (.data)
                  20002310    00000004                                   : stkdepth_vars.obj (.data)

MODULE SUMMARY

       Module                         code    ro data   rw data
       ------                         ----    -------   -------
    .\
       open_interface.obj             2716    15        40     
       movement.obj                   2148    60        0      
       lcd.obj                        764     8         84     
       tm4c123gh6pm_startup_ccs.obj   12      620       0      
       timer.obj                      344     0         0      
       uart.obj                       296     0         0      
       main.obj                       46      0         0      
    +--+------------------------------+-------+---------+---------+
       Total:                         6326    703       124    
                                                               
    C:/ti/TivaWare_C_Series-2.1.2.111/driverlib/ccs/Debug/driverlib.lib
       interrupt.obj                  68      0         620    
       cpu.obj                        12      0         0      
    +--+------------------------------+-------+---------+---------+
       Total:                         80      0         620    
                                                               
    C:\ti\ccsv7\tools\compiler\ti-cgt-arm_16.9.6.LTS\lib\rtsv7M4_T_le_v4SPD16_eabi.lib
       _printfi.obj                   4414    0         0      
       memory.obj                     976     0         12     
       ull_div_t2.obj                 500     0         0      
       fd_add_t2.obj                  438     0         0      
       fd_div_t2.obj                  310     0         0      
       fd_cmp_t2.obj                  268     0         0      
       ctype.obj                      0       257       0      
       fd_mul_t2.obj                  252     0         0      
       s_scalbn.obj                   252     0         0      
       memcpy_t2.obj                  156     0         0      
       vsnprintf.obj                  136     0         0      
       memset_t2.obj                  122     0         0      
       autoinit.obj                   112     0         0      
       copy_decompress_lzss.obj       104     0         0      
       s_frexp.obj                    100     0         0      
       exit.obj                       84      0         12     
       boot.obj                       84      0         0      
       ltoa.obj                       84      0         0      
       atoi.obj                       76      0         0      
       cpy_tbl.obj                    76      0         0      
       fd_toi_t2.obj                  72      0         0      
       strncpy.obj                    54      0         0      
       i_tofd_t2.obj                  46      0         0      
       _lock.obj                      20      0         8      
       memccpy.obj                    28      0         0      
       args_main.obj                  24      0         0      
       strcmp.obj                     24      0         0      
       strchr.obj                     22      0         0      
       s_copysign.obj                 20      0         0      
       strcpy.obj                     20      0         0      
       strlen.obj                     20      0         0      
       copy_decompress_none.obj       14      0         0      
       copy_zero_init.obj             12      0         0      
       errno.obj                      0       0         4      
       pre_init.obj                   4       0         0      
       stkdepth_vars.obj              0       0         4      
       mpu_init.obj                   2       0         0      
       startup.obj                    2       0         0      
    +--+------------------------------+-------+---------+---------+
       Total:                         8928    257       40     
                                                               
       Heap:                          0       0         4096   
       Stack:                         0       0         4096   
       Linker Generated:              0       80        0      
    +--+------------------------------+-------+---------+---------+
       Grand Total:                   15334   1040      8976   


LINKER GENERATED COPY TABLES

__TI_cinit_table @ 00003fe8 records: 3, size/record: 8, table size: 24
	.data: load addr=00003fb0, load size=0000001c bytes, run addr=200022dc, run size=00000038 bytes, compression=lzss
	.bss: load addr=00003fd8, load size=00000008 bytes, run addr=20002270, run size=0000006c bytes, compression=zero_init
	.vtable: load addr=00003fe0, load size=00000008 bytes, run addr=20000000, run size=0000026c bytes, compression=zero_init


LINKER GENERATED HANDLER TABLE

__TI_handler_table @ 00003fcc records: 3, size/record: 4, table size: 12
	index: 0, handler: __TI_zero_init
	index: 1, handler: __TI_decompress_lzss
	index: 2, handler: __TI_decompress_none


GLOBAL SYMBOLS: SORTED ALPHABETICALLY BY Name 

address   name                           
-------   ----                           
00003ae9  C$$EXIT                        
00003e33  CPUcpsie                       
00001ca3  GPIOF_Handler                  
00003e05  IntMasterEnable                
00003ca9  IntRegister                    
00003e4b  ResetISR                       
UNDEFED   SHT$$INIT_ARRAY$$Base          
UNDEFED   SHT$$INIT_ARRAY$$Limit         
2000126c  __STACK_END                    
00001000  __STACK_SIZE                   
2000046c  __STACK_TOP                    
00001000  __SYSMEM_SIZE                  
00003fe8  __TI_CINIT_Base                
00004000  __TI_CINIT_Limit               
00003fcc  __TI_Handler_Table_Base        
00003fd8  __TI_Handler_Table_Limit       
00003959  __TI_auto_init                 
200022ec  __TI_cleanup_ptr               
000039c9  __TI_decompress_lzss           
00003e25  __TI_decompress_none           
200022f0  __TI_dtors_ptr                 
200022f4  __TI_enable_exit_profile_output
ffffffff  __TI_pprof_out_hndl            
00000ab1  __TI_printfi                   
ffffffff  __TI_prof_data_size            
ffffffff  __TI_prof_data_start           
00000000  __TI_static_base__             
00003e3f  __TI_zero_init                 
000037d1  __aeabi_cdcmpeq                
000037d1  __aeabi_cdcmple                
00003857  __aeabi_cdrcmple               
00003c29  __aeabi_d2iz                   
00002f4f  __aeabi_dadd                   
00003255  __aeabi_ddiv                   
000034b5  __aeabi_dmul                   
00002f45  __aeabi_dsub                   
00003d0b  __aeabi_i2d                    
000038dd  __aeabi_memclr                 
000038dd  __aeabi_memclr4                
000038dd  __aeabi_memclr8                
000036ad  __aeabi_memcpy                 
000036ad  __aeabi_memcpy4                
000036ad  __aeabi_memcpy8                
000038df  __aeabi_memset                 
000038df  __aeabi_memset4                
000038df  __aeabi_memset8                
00002d51  __aeabi_uldivmod               
ffffffff  __binit__                      
ffffffff  __c_args__                     
000013ab  __mpu_init                     
2000026c  __stack                        
00003d6d  _args_main                     
00003a95  _c_int00                       
00003e5a  _ctypes_                       
20002304  _lock                          
00003dc3  _nop                           
00003dbb  _register_lock                 
00003db5  _register_unlock               
20001270  _sys_memory                    
000030fb  _system_post_cinit             
00003e57  _system_pre_init               
20002308  _unlock                        
00003aed  abort                          
00003b91  atoi                           
000025c9  avoidleft                      
00002575  avoidright                     
ffffffff  binit                          
00002a35  calloc                         
00001e31  command                        
00003bdd  copy_in                        
00003dc9  copysign                       
00003dc9  copysignl                      
2000230c  errno                          
00003af5  exit                           
0000277f  free                           
00003a31  frexp                          
00003a31  frexpl                         
20000000  g_pfnRAMVectors                
00000000  g_pfnVectors                   
00001cc5  getDegrees                     
00001a51  go_charge                      
00003e15  lcd_clear                      
00002bfd  lcd_gotoLine                   
00002a65  lcd_init                       
00002c63  lcd_printf                     
00002b25  lcd_putc                       
00002b5d  lcd_puts                       
00002b7b  lcd_sendCommand                
00002bb9  lcd_sendNibble                 
00002c25  lcd_setCursorPos               
000035b1  ldexp                          
000035b1  ldexpl                         
00003b3d  ltoa                           
00003cdd  main                           
20002310  main_func_sp                   
00002715  malloc                         
00002949  memalign                       
00003d39  memccpy                        
000036ad  memcpy                         
000038e5  memset                         
00002695  minit                          
0000240f  movebackward                   
00001fa1  moveforward                    
000013ad  oi_alloc                       
00001b7b  oi_checkFirmware               
00001403  oi_close                       
000013b9  oi_free                        
000013ed  oi_init                        
000013c9  oi_init_noupdate               
000019e7  oi_loadSong                    
00003d55  oi_parseInt                    
00001467  oi_parsePacket                 
00001a3d  oi_play_song                   
00001961  oi_setLeds                     
000019a5  oi_setWheels                   
00001c31  oi_shutoff_init                
00001a5f  oi_uartInit                    
00001b03  oi_uartReceive                 
00001b49  oi_uartSendBuff                
00001ae7  oi_uartSendChar                
00001b2b  oi_uartSendStr                 
00001415  oi_update                      
000025fb  playsong                       
0000283f  realloc                        
000035b1  scalbn                         
000035b1  scalbnl                        
00003d9d  strchr                         
00003d85  strcmp                         
00003ddd  strcpy                         
00003df1  strlen                         
00003c71  strncpy                        
0000320d  timer_getClock                 
000031c1  timer_startClock               
0000315b  timer_startTimer               
00003213  timer_stopClock                
000031ab  timer_stopTimer                
00003131  timer_waitMicros               
000030fd  timer_waitMillis               
00002507  turnclockwise                  
00002475  turncounterclockwise           
0000338d  uart_init                      
00003431  uart_receive                   
00003415  uart_sendChar                  
00003457  uart_sendStr                   
00003749  vsnprintf                      


GLOBAL SYMBOLS: SORTED BY Symbol Address 

address   name                           
-------   ----                           
00000000  __TI_static_base__             
00000000  g_pfnVectors                   
00000ab1  __TI_printfi                   
00001000  __STACK_SIZE                   
00001000  __SYSMEM_SIZE                  
000013ab  __mpu_init                     
000013ad  oi_alloc                       
000013b9  oi_free                        
000013c9  oi_init_noupdate               
000013ed  oi_init                        
00001403  oi_close                       
00001415  oi_update                      
00001467  oi_parsePacket                 
00001961  oi_setLeds                     
000019a5  oi_setWheels                   
000019e7  oi_loadSong                    
00001a3d  oi_play_song                   
00001a51  go_charge                      
00001a5f  oi_uartInit                    
00001ae7  oi_uartSendChar                
00001b03  oi_uartReceive                 
00001b2b  oi_uartSendStr                 
00001b49  oi_uartSendBuff                
00001b7b  oi_checkFirmware               
00001c31  oi_shutoff_init                
00001ca3  GPIOF_Handler                  
00001cc5  getDegrees                     
00001e31  command                        
00001fa1  moveforward                    
0000240f  movebackward                   
00002475  turncounterclockwise           
00002507  turnclockwise                  
00002575  avoidright                     
000025c9  avoidleft                      
000025fb  playsong                       
00002695  minit                          
00002715  malloc                         
0000277f  free                           
0000283f  realloc                        
00002949  memalign                       
00002a35  calloc                         
00002a65  lcd_init                       
00002b25  lcd_putc                       
00002b5d  lcd_puts                       
00002b7b  lcd_sendCommand                
00002bb9  lcd_sendNibble                 
00002bfd  lcd_gotoLine                   
00002c25  lcd_setCursorPos               
00002c63  lcd_printf                     
00002d51  __aeabi_uldivmod               
00002f45  __aeabi_dsub                   
00002f4f  __aeabi_dadd                   
000030fb  _system_post_cinit             
000030fd  timer_waitMillis               
00003131  timer_waitMicros               
0000315b  timer_startTimer               
000031ab  timer_stopTimer                
000031c1  timer_startClock               
0000320d  timer_getClock                 
00003213  timer_stopClock                
00003255  __aeabi_ddiv                   
0000338d  uart_init                      
00003415  uart_sendChar                  
00003431  uart_receive                   
00003457  uart_sendStr                   
000034b5  __aeabi_dmul                   
000035b1  ldexp                          
000035b1  ldexpl                         
000035b1  scalbn                         
000035b1  scalbnl                        
000036ad  __aeabi_memcpy                 
000036ad  __aeabi_memcpy4                
000036ad  __aeabi_memcpy8                
000036ad  memcpy                         
00003749  vsnprintf                      
000037d1  __aeabi_cdcmpeq                
000037d1  __aeabi_cdcmple                
00003857  __aeabi_cdrcmple               
000038dd  __aeabi_memclr                 
000038dd  __aeabi_memclr4                
000038dd  __aeabi_memclr8                
000038df  __aeabi_memset                 
000038df  __aeabi_memset4                
000038df  __aeabi_memset8                
000038e5  memset                         
00003959  __TI_auto_init                 
000039c9  __TI_decompress_lzss           
00003a31  frexp                          
00003a31  frexpl                         
00003a95  _c_int00                       
00003ae9  C$$EXIT                        
00003aed  abort                          
00003af5  exit                           
00003b3d  ltoa                           
00003b91  atoi                           
00003bdd  copy_in                        
00003c29  __aeabi_d2iz                   
00003c71  strncpy                        
00003ca9  IntRegister                    
00003cdd  main                           
00003d0b  __aeabi_i2d                    
00003d39  memccpy                        
00003d55  oi_parseInt                    
00003d6d  _args_main                     
00003d85  strcmp                         
00003d9d  strchr                         
00003db5  _register_unlock               
00003dbb  _register_lock                 
00003dc3  _nop                           
00003dc9  copysign                       
00003dc9  copysignl                      
00003ddd  strcpy                         
00003df1  strlen                         
00003e05  IntMasterEnable                
00003e15  lcd_clear                      
00003e25  __TI_decompress_none           
00003e33  CPUcpsie                       
00003e3f  __TI_zero_init                 
00003e4b  ResetISR                       
00003e57  _system_pre_init               
00003e5a  _ctypes_                       
00003fcc  __TI_Handler_Table_Base        
00003fd8  __TI_Handler_Table_Limit       
00003fe8  __TI_CINIT_Base                
00004000  __TI_CINIT_Limit               
20000000  g_pfnRAMVectors                
2000026c  __stack                        
2000046c  __STACK_TOP                    
2000126c  __STACK_END                    
20001270  _sys_memory                    
200022ec  __TI_cleanup_ptr               
200022f0  __TI_dtors_ptr                 
200022f4  __TI_enable_exit_profile_output
20002304  _lock                          
20002308  _unlock                        
2000230c  errno                          
20002310  main_func_sp                   
ffffffff  __TI_pprof_out_hndl            
ffffffff  __TI_prof_data_size            
ffffffff  __TI_prof_data_start           
ffffffff  __binit__                      
ffffffff  __c_args__                     
ffffffff  binit                          
UNDEFED   SHT$$INIT_ARRAY$$Base          
UNDEFED   SHT$$INIT_ARRAY$$Limit         

[145 symbols]
