******************************************************************************
                  TI ARM Linker PC v16.9.6                     
******************************************************************************
>> Linked Tue Jun 19 12:34:09 2018

OUTPUT FILE NAME:   <servos.out>
ENTRY POINT SYMBOL: "_c_int00"  address: 000026cd


MEMORY CONFIGURATION

         name            origin    length      used     unused   attr    fill
----------------------  --------  ---------  --------  --------  ----  --------
  FLASH                 00000000   00040000  00002b7b  0003d485  R  X
  SRAM                  20000000   00008000  0000107a  00006f86  RW X


SEGMENT ALLOCATION MAP

run origin  load origin   length   init length attrs members
----------  ----------- ---------- ----------- ----- -------
00000000    00000000    00002b80   00002b80    r-x
  00000000    00000000    0000026c   0000026c    r-- .intvecs
  0000026c    0000026c    000027c6   000027c6    r-x .text
  00002a32    00002a32    00000109   00000109    r-- .const
  00002b40    00002b40    00000040   00000040    r-- .cinit
20000000    20000000    0000107d   00000000    rw-
  20000000    20000000    00001000   00000000    rw- .stack
  20001000    20001000    00000055   00000000    rw- .bss
  20001058    20001058    00000025   00000000    rw- .data


SECTION ALLOCATION MAP

 output                                  attributes/
section   page    origin      length       input sections
--------  ----  ----------  ----------   ----------------
.intvecs   0    00000000    0000026c     
                  00000000    0000026c     tm4c123gh6pm_startup_ccs.obj (.intvecs)

.text      0    0000026c    000027c6     
                  0000026c    0000113e     rtsv7M4_T_le_v4SPD16_eabi.lib : _printfi.obj (.text)
                  000013aa    00000002                                   : mpu_init.obj (.text)
                  000013ac    000002ec     lcd.obj (.text)
                  00001698    000002b8     main.obj (.text)
                  00001950    000001f4     rtsv7M4_T_le_v4SPD16_eabi.lib : ull_div_t2.obj (.text)
                  00001b44    000001b6                                   : fd_add_t2.obj (.text)
                  00001cfa    00000002                                   : startup.obj (.text)
                  00001cfc    00000158     timer.obj (.text)
                  00001e54    00000136     rtsv7M4_T_le_v4SPD16_eabi.lib : fd_div_t2.obj (.text)
                  00001f8a    000000fc                                   : fd_mul_t2.obj (.text)
                  00002086    00000002     --HOLE-- [fill = 0]
                  00002088    000000fc                                   : s_scalbn.obj (.text)
                  00002184    000000f0     button.obj (.text)
                  00002274    0000009c     rtsv7M4_T_le_v4SPD16_eabi.lib : memcpy_t2.obj (.text)
                  00002310    00000088                                   : vsnprintf.obj (.text)
                  00002398    00000086                                   : fd_cmp_t2.obj (.text:__aeabi_cdcmple)
                  0000241e    00000086                                   : fd_cmp_t2.obj (.text:__aeabi_cdrcmple)
                  000024a4    0000007a                                   : memset_t2.obj (.text)
                  0000251e    00000002     --HOLE-- [fill = 0]
                  00002520    00000070                                   : autoinit.obj (.text)
                  00002590    0000006e                                   : fd_tos_t2.obj (.text)
                  000025fe    00000068                                   : copy_decompress_lzss.obj (.text:decompress:lzss)
                  00002666    00000002     --HOLE-- [fill = 0]
                  00002668    00000064                                   : s_frexp.obj (.text)
                  000026cc    00000054                                   : boot.obj (.text)
                  00002720    00000054                                   : exit.obj (.text)
                  00002774    00000054                                   : ltoa.obj (.text)
                  000027c8    0000004c                                   : atoi.obj (.text)
                  00002814    0000004c                                   : cpy_tbl.obj (.text)
                  00002860    00000048                                   : fd_toi_t2.obj (.text)
                  000028a8    00000038                                   : fs_tod_t2.obj (.text)
                  000028e0    00000036                                   : strncpy.obj (.text)
                  00002916    0000002e                                   : i_tofd_t2.obj (.text)
                  00002944    0000001c                                   : memccpy.obj (.text)
                  00002960    00000018                                   : args_main.obj (.text)
                  00002978    00000018                                   : strcmp.obj (.text)
                  00002990    00000016                                   : strchr.obj (.text)
                  000029a6    00000002     --HOLE-- [fill = 0]
                  000029a8    00000014                                   : _lock.obj (.text)
                  000029bc    00000014                                   : s_copysign.obj (.text)
                  000029d0    00000014                                   : strcpy.obj (.text)
                  000029e4    00000014                                   : strlen.obj (.text)
                  000029f8    00000010     lcd.obj (.text:lcd_clear)
                  00002a08    0000000e     rtsv7M4_T_le_v4SPD16_eabi.lib : copy_decompress_none.obj (.text:decompress:none)
                  00002a16    0000000c                                   : copy_zero_init.obj (.text:decompress:ZI)
                  00002a22    0000000c     tm4c123gh6pm_startup_ccs.obj (.text)
                  00002a2e    00000004     rtsv7M4_T_le_v4SPD16_eabi.lib : pre_init.obj (.text)

.const     0    00002a32    00000109     
                  00002a32    00000101     rtsv7M4_T_le_v4SPD16_eabi.lib : ctype.obj (.const:.string:_ctypes_)
                  00002b33    00000004     lcd.obj (.const:.string:lineAddress$1)
                  00002b37    00000004     lcd.obj (.const:.string:lineAddresses$2)

.cinit     0    00002b40    00000040     
                  00002b40    00000019     (.cinit..data.load) [load image, compression = lzss]
                  00002b59    00000003     --HOLE-- [fill = 0]
                  00002b5c    0000000c     (__TI_handler_table)
                  00002b68    00000008     (.cinit..bss.load) [load image, compression = zero_init]
                  00002b70    00000010     (__TI_cinit_table)

.init_array 
*          0    00000000    00000000     UNINITIALIZED

.stack     0    20000000    00001000     UNINITIALIZED
                  20000000    00001000     --HOLE--

.bss       0    20001000    00000055     UNINITIALIZED
                  20001000    00000054     lcd.obj (.bss:lastbuffer$3)
                  20001054    00000001     (.common:_prevButton)

.data      0    20001058    00000025     UNINITIALIZED
                  20001058    0000000c     rtsv7M4_T_le_v4SPD16_eabi.lib : exit.obj (.data:$O1$$)
                  20001064    00000008                                   : _lock.obj (.data:$O1$$)
                  2000106c    00000008     main.obj (.data)
                  20001074    00000004     rtsv7M4_T_le_v4SPD16_eabi.lib : errno.obj (.data)
                  20001078    00000004                                   : stkdepth_vars.obj (.data)
                  2000107c    00000001     button.obj (.data)

MODULE SUMMARY

       Module                         code    ro data   rw data
       ------                         ----    -------   -------
    .\
       lcd.obj                        764     8         84     
       main.obj                       696     0         8      
       tm4c123gh6pm_startup_ccs.obj   12      620       0      
       timer.obj                      344     0         0      
       button.obj                     240     0         2      
    +--+------------------------------+-------+---------+---------+
       Total:                         2056    628       94     
                                                               
    C:\ti\ccsv7\tools\compiler\ti-cgt-arm_16.9.6.LTS\lib\rtsv7M4_T_le_v4SPD16_eabi.lib
       _printfi.obj                   4414    0         0      
       ull_div_t2.obj                 500     0         0      
       fd_add_t2.obj                  438     0         0      
       fd_div_t2.obj                  310     0         0      
       fd_cmp_t2.obj                  268     0         0      
       ctype.obj                      0       257       0      
       fd_mul_t2.obj                  252     0         0      
       s_scalbn.obj                   252     0         0      
       memcpy_t2.obj                  156     0         0      
       vsnprintf.obj                  136     0         0      
       memset_t2.obj                  122     0         0      
       autoinit.obj                   112     0         0      
       fd_tos_t2.obj                  110     0         0      
       copy_decompress_lzss.obj       104     0         0      
       s_frexp.obj                    100     0         0      
       exit.obj                       84      0         12     
       boot.obj                       84      0         0      
       ltoa.obj                       84      0         0      
       atoi.obj                       76      0         0      
       cpy_tbl.obj                    76      0         0      
       fd_toi_t2.obj                  72      0         0      
       fs_tod_t2.obj                  56      0         0      
       strncpy.obj                    54      0         0      
       i_tofd_t2.obj                  46      0         0      
       _lock.obj                      20      0         8      
       memccpy.obj                    28      0         0      
       args_main.obj                  24      0         0      
       strcmp.obj                     24      0         0      
       strchr.obj                     22      0         0      
       s_copysign.obj                 20      0         0      
       strcpy.obj                     20      0         0      
       strlen.obj                     20      0         0      
       copy_decompress_none.obj       14      0         0      
       copy_zero_init.obj             12      0         0      
       errno.obj                      0       0         4      
       pre_init.obj                   4       0         0      
       stkdepth_vars.obj              0       0         4      
       mpu_init.obj                   2       0         0      
       startup.obj                    2       0         0      
    +--+------------------------------+-------+---------+---------+
       Total:                         8118    257       28     
                                                               
       Stack:                         0       0         4096   
       Linker Generated:              0       61        0      
    +--+------------------------------+-------+---------+---------+
       Grand Total:                   10174   946       4218   


LINKER GENERATED COPY TABLES

__TI_cinit_table @ 00002b70 records: 2, size/record: 8, table size: 16
	.data: load addr=00002b40, load size=00000019 bytes, run addr=20001058, run size=00000025 bytes, compression=lzss
	.bss: load addr=00002b68, load size=00000008 bytes, run addr=20001000, run size=00000055 bytes, compression=zero_init


LINKER GENERATED HANDLER TABLE

__TI_handler_table @ 00002b5c records: 3, size/record: 4, table size: 12
	index: 0, handler: __TI_decompress_lzss
	index: 1, handler: __TI_decompress_none
	index: 2, handler: __TI_zero_init


GLOBAL SYMBOLS: SORTED ALPHABETICALLY BY Name 

address   name                           
-------   ----                           
00002721  C$$EXIT                        
00002a23  ResetISR                       
UNDEFED   SHT$$INIT_ARRAY$$Base          
UNDEFED   SHT$$INIT_ARRAY$$Limit         
20001000  __STACK_END                    
00001000  __STACK_SIZE                   
20000200  __STACK_TOP                    
00002b70  __TI_CINIT_Base                
00002b80  __TI_CINIT_Limit               
00002b5c  __TI_Handler_Table_Base        
00002b68  __TI_Handler_Table_Limit       
00002521  __TI_auto_init                 
20001058  __TI_cleanup_ptr               
000025ff  __TI_decompress_lzss           
00002a09  __TI_decompress_none           
2000105c  __TI_dtors_ptr                 
20001060  __TI_enable_exit_profile_output
ffffffff  __TI_pprof_out_hndl            
00000ab1  __TI_printfi                   
ffffffff  __TI_prof_data_size            
ffffffff  __TI_prof_data_start           
00000000  __TI_static_base__             
00002a17  __TI_zero_init                 
00002399  __aeabi_cdcmpeq                
00002399  __aeabi_cdcmple                
0000241f  __aeabi_cdrcmple               
00002591  __aeabi_d2f                    
00002861  __aeabi_d2iz                   
00001b4f  __aeabi_dadd                   
00001e55  __aeabi_ddiv                   
00001f8b  __aeabi_dmul                   
00001b45  __aeabi_dsub                   
000028a9  __aeabi_f2d                    
00002917  __aeabi_i2d                    
000024a5  __aeabi_memclr                 
000024a5  __aeabi_memclr4                
000024a5  __aeabi_memclr8                
00002275  __aeabi_memcpy                 
00002275  __aeabi_memcpy4                
00002275  __aeabi_memcpy8                
000024a7  __aeabi_memset                 
000024a7  __aeabi_memset4                
000024a7  __aeabi_memset8                
00001951  __aeabi_uldivmod               
ffffffff  __binit__                      
ffffffff  __c_args__                     
000013ab  __mpu_init                     
20000000  __stack                        
00002961  _args_main                     
000026cd  _c_int00                       
00002a32  _ctypes_                       
20001064  _lock                          
000029b7  _nop                           
20001054  _prevButton                    
000029af  _register_lock                 
000029a9  _register_unlock               
00001cfb  _system_post_cinit             
00002a2f  _system_pre_init               
20001068  _unlock                        
00002725  abort                          
000027c9  atoi                           
ffffffff  binit                          
000021b1  button_checkButtons            
000021bb  button_getButton               
00002207  button_getButtonBlocking       
0000221b  button_getButtonChange         
00002245  button_getButtonChangeBlocking 
00002185  button_init                    
00002815  copy_in                        
000029bd  copysign                       
000029bd  copysignl                      
20001074  errno                          
0000272d  exit                           
00002669  frexp                          
00002669  frexpl                         
00000000  g_pfnVectors                   
000029f9  lcd_clear                      
00001545  lcd_gotoLine                   
000013ad  lcd_init                       
000015ab  lcd_printf                     
0000146d  lcd_putc                       
000014a5  lcd_puts                       
000014c3  lcd_sendCommand                
00001501  lcd_sendNibble                 
0000156d  lcd_setCursorPos               
00002089  ldexp                          
00002089  ldexpl                         
00002775  ltoa                           
0000176b  main                           
20001078  main_func_sp                   
00002945  memccpy                        
00002275  memcpy                         
000024ad  memset                         
20001070  mid_width                      
0000171f  move_servos                    
2000106c  pulse_period                   
00002089  scalbn                         
00002089  scalbnl                        
00002991  strchr                         
00002979  strcmp                         
000029d1  strcpy                         
000029e5  strlen                         
000028e1  strncpy                        
00001699  timer1_init                    
00001e0d  timer_getClock                 
00001dc1  timer_startClock               
00001d5b  timer_startTimer               
00001e13  timer_stopClock                
00001dab  timer_stopTimer                
00001d31  timer_waitMicros               
00001cfd  timer_waitMillis               
00002311  vsnprintf                      


GLOBAL SYMBOLS: SORTED BY Symbol Address 

address   name                           
-------   ----                           
00000000  __TI_static_base__             
00000000  g_pfnVectors                   
00000ab1  __TI_printfi                   
00001000  __STACK_SIZE                   
000013ab  __mpu_init                     
000013ad  lcd_init                       
0000146d  lcd_putc                       
000014a5  lcd_puts                       
000014c3  lcd_sendCommand                
00001501  lcd_sendNibble                 
00001545  lcd_gotoLine                   
0000156d  lcd_setCursorPos               
000015ab  lcd_printf                     
00001699  timer1_init                    
0000171f  move_servos                    
0000176b  main                           
00001951  __aeabi_uldivmod               
00001b45  __aeabi_dsub                   
00001b4f  __aeabi_dadd                   
00001cfb  _system_post_cinit             
00001cfd  timer_waitMillis               
00001d31  timer_waitMicros               
00001d5b  timer_startTimer               
00001dab  timer_stopTimer                
00001dc1  timer_startClock               
00001e0d  timer_getClock                 
00001e13  timer_stopClock                
00001e55  __aeabi_ddiv                   
00001f8b  __aeabi_dmul                   
00002089  ldexp                          
00002089  ldexpl                         
00002089  scalbn                         
00002089  scalbnl                        
00002185  button_init                    
000021b1  button_checkButtons            
000021bb  button_getButton               
00002207  button_getButtonBlocking       
0000221b  button_getButtonChange         
00002245  button_getButtonChangeBlocking 
00002275  __aeabi_memcpy                 
00002275  __aeabi_memcpy4                
00002275  __aeabi_memcpy8                
00002275  memcpy                         
00002311  vsnprintf                      
00002399  __aeabi_cdcmpeq                
00002399  __aeabi_cdcmple                
0000241f  __aeabi_cdrcmple               
000024a5  __aeabi_memclr                 
000024a5  __aeabi_memclr4                
000024a5  __aeabi_memclr8                
000024a7  __aeabi_memset                 
000024a7  __aeabi_memset4                
000024a7  __aeabi_memset8                
000024ad  memset                         
00002521  __TI_auto_init                 
00002591  __aeabi_d2f                    
000025ff  __TI_decompress_lzss           
00002669  frexp                          
00002669  frexpl                         
000026cd  _c_int00                       
00002721  C$$EXIT                        
00002725  abort                          
0000272d  exit                           
00002775  ltoa                           
000027c9  atoi                           
00002815  copy_in                        
00002861  __aeabi_d2iz                   
000028a9  __aeabi_f2d                    
000028e1  strncpy                        
00002917  __aeabi_i2d                    
00002945  memccpy                        
00002961  _args_main                     
00002979  strcmp                         
00002991  strchr                         
000029a9  _register_unlock               
000029af  _register_lock                 
000029b7  _nop                           
000029bd  copysign                       
000029bd  copysignl                      
000029d1  strcpy                         
000029e5  strlen                         
000029f9  lcd_clear                      
00002a09  __TI_decompress_none           
00002a17  __TI_zero_init                 
00002a23  ResetISR                       
00002a2f  _system_pre_init               
00002a32  _ctypes_                       
00002b5c  __TI_Handler_Table_Base        
00002b68  __TI_Handler_Table_Limit       
00002b70  __TI_CINIT_Base                
00002b80  __TI_CINIT_Limit               
20000000  __stack                        
20000200  __STACK_TOP                    
20001000  __STACK_END                    
20001054  _prevButton                    
20001058  __TI_cleanup_ptr               
2000105c  __TI_dtors_ptr                 
20001060  __TI_enable_exit_profile_output
20001064  _lock                          
20001068  _unlock                        
2000106c  pulse_period                   
20001070  mid_width                      
20001074  errno                          
20001078  main_func_sp                   
ffffffff  __TI_pprof_out_hndl            
ffffffff  __TI_prof_data_size            
ffffffff  __TI_prof_data_start           
ffffffff  __binit__                      
ffffffff  __c_args__                     
ffffffff  binit                          
UNDEFED   SHT$$INIT_ARRAY$$Base          
UNDEFED   SHT$$INIT_ARRAY$$Limit         

[112 symbols]
